nohup: ignoring input
WARNING:root: Error: Error_code: 222202 Error_msg: pic not has face
WARNING:root: Error: Error_code: 222202 Error_msg: pic not has face
WARNING:root: Error: Error_code: 222202 Error_msg: pic not has face
WARNING:root: Error: Error_code: 222202 Error_msg: pic not has face
WARNING:root: Error: Error_code: 222202 Error_msg: pic not has face
WARNING:root: Error: Error_code: 222202 Error_msg: pic not has face
WARNING:root: Error: Error_code: 222202 Error_msg: pic not has face
WARNING:root: Error: Error_code: 222202 Error_msg: pic not has face
WARNING:root: Error: Error_code: 222202 Error_msg: pic not has face
WARNING:root: Error: Error_code: 222202 Error_msg: pic not has face
WARNING:root: Error: Error_code: 222202 Error_msg: pic not has face
WARNING:root: Error: Error_code: 222202 Error_msg: pic not has face
WARNING:root: Error: Error_code: 222202 Error_msg: pic not has face
WARNING:root: Error: Error_code: 222202 Error_msg: pic not has face
WARNING:root: Error: Error_code: 222202 Error_msg: pic not has face
WARNING:root: Error: Error_code: 222202 Error_msg: pic not has face
WARNING:root: Error: Error_code: 222202 Error_msg: pic not has face
WARNING:root: Error: Error_code: 222202 Error_msg: pic not has face
WARNING:root: Error: Error_code: 222202 Error_msg: pic not has face
WARNING:root: Error: Error_code: 222202 Error_msg: pic not has face
WARNING:root: Error: Error_code: 222202 Error_msg: pic not has face
WARNING:root: Error: Error_code: 222202 Error_msg: pic not has face
WARNING:root: Error: Error_code: 222202 Error_msg: pic not has face
WARNING:root: Error: Error_code: 222202 Error_msg: pic not has face
WARNING:root: Error: Error_code: 222202 Error_msg: pic not has face
WARNING:root: Error: Error_code: 222202 Error_msg: pic not has face
WARNING:root: Error: Error_code: 222202 Error_msg: pic not has face
WARNING:root: Error: Error_code: 222202 Error_msg: pic not has face
WARNING:root: Error: Error_code: 222202 Error_msg: pic not has face
WARNING:root: Error: Error_code: 222202 Error_msg: pic not has face
WARNING:root: Error: Error_code: 222202 Error_msg: pic not has face
WARNING:root: Error: Error_code: 222202 Error_msg: pic not has face
WARNING:root: Error: Error_code: 222202 Error_msg: pic not has face
WARNING:root: Error: Error_code: 222202 Error_msg: pic not has face
WARNING:root: Error: Error_code: 222202 Error_msg: pic not has face
WARNING:root: Error: Error_code: 222202 Error_msg: pic not has face
WARNING:root: Error: Error_code: 222202 Error_msg: pic not has face
WARNING:root: Error: Error_code: 222202 Error_msg: pic not has face
WARNING:root: Error: Error_code: 222202 Error_msg: pic not has face
WARNING:root: Error: Error_code: 222202 Error_msg: pic not has face
WARNING:root: Error: Error_code: 222202 Error_msg: pic not has face
WARNING:root: Error: Error_code: 222202 Error_msg: pic not has face
WARNING:root: Error: Error_code: 222202 Error_msg: pic not has face
WARNING:root: Error: Error_code: 222202 Error_msg: pic not has face
WARNING:root: Error: Error_code: 222202 Error_msg: pic not has face
WARNING:root: Error: Error_code: 222202 Error_msg: pic not has face
WARNING:root: Error: Error_code: 222202 Error_msg: pic not has face
WARNING:root: Error: Error_code: 222202 Error_msg: pic not has face
WARNING:root: Error: Error_code: 222202 Error_msg: pic not has face
WARNING:root: Error: Error_code: 222202 Error_msg: pic not has face
WARNING:root: Error: Error_code: 222202 Error_msg: pic not has face
WARNING:root: Error: Error_code: 222202 Error_msg: pic not has face
WARNING:root: Error: Error_code: 222202 Error_msg: pic not has face
WARNING:root: Error: Error_code: 222202 Error_msg: pic not has face
WARNING:root: Error: Error_code: 222202 Error_msg: pic not has face
WARNING:root: Error: Error_code: 222202 Error_msg: pic not has face
WARNING:root: Error: Error_code: 222202 Error_msg: pic not has face
WARNING:root: Error: Error_code: 222202 Error_msg: pic not has face
WARNING:root: Error: Error_code: 222202 Error_msg: pic not has face
WARNING:root: Error: Error_code: 222202 Error_msg: pic not has face
WARNING:root: Error: Error_code: 222202 Error_msg: pic not has face
WARNING:root: Error: Error_code: 222202 Error_msg: pic not has face
WARNING:root: Error: Error_code: 222202 Error_msg: pic not has face
WARNING:root: Error: Error_code: 222202 Error_msg: pic not has face
WARNING:root: Error: Error_code: 222202 Error_msg: pic not has face
WARNING:root: Error: Error_code: 222202 Error_msg: pic not has face
WARNING:root: Error: Error_code: 222202 Error_msg: pic not has face
WARNING:root: Error: Error_code: 222202 Error_msg: pic not has face
WARNING:root: Error: Error_code: 222202 Error_msg: pic not has face
WARNING:root: Error: Error_code: 222202 Error_msg: pic not has face
WARNING:root: Error: Error_code: 222202 Error_msg: pic not has face
WARNING:root: Error: Error_code: 222202 Error_msg: pic not has face
WARNING:root: Error: Error_code: 222202 Error_msg: pic not has face
WARNING:root: Error: Error_code: 222202 Error_msg: pic not has face
WARNING:root: Error: Error_code: 222202 Error_msg: pic not has face
WARNING:root: Error: Error_code: 222202 Error_msg: pic not has face
WARNING:root: Error: Error_code: 222202 Error_msg: pic not has face
WARNING:root: Error: Error_code: 222202 Error_msg: pic not has face
WARNING:root: Error: Error_code: 222202 Error_msg: pic not has face
WARNING:root: Error: Error_code: 222202 Error_msg: pic not has face
WARNING:root: Error: Error_code: 222202 Error_msg: pic not has face
WARNING:root: Error: Error_code: 222202 Error_msg: pic not has face
WARNING:root: Error: Error_code: 222202 Error_msg: pic not has face
WARNING:root: Error: Error_code: 222202 Error_msg: pic not has face
WARNING:root: Error: Error_code: 222202 Error_msg: pic not has face
WARNING:root: Error: Error_code: 222202 Error_msg: pic not has face
WARNING:root: Error: Error_code: 222202 Error_msg: pic not has face
WARNING:root: Error: Error_code: 222202 Error_msg: pic not has face
WARNING:root: Error: Error_code: 222202 Error_msg: pic not has face
WARNING:root: Error: Error_code: 222202 Error_msg: pic not has face
WARNING:root: Error: Error_code: 222202 Error_msg: pic not has face
WARNING:root: Error: Error_code: 222202 Error_msg: pic not has face
WARNING:root: Error: Error_code: 222202 Error_msg: pic not has face
WARNING:root: Error: Error_code: 222202 Error_msg: pic not has face
WARNING:root: Error: Error_code: 222202 Error_msg: pic not has face
WARNING:root: Error: Error_code: 222202 Error_msg: pic not has face
WARNING:root: Error: Error_code: 222202 Error_msg: pic not has face
WARNING:root: Error: Error_code: 222202 Error_msg: pic not has face
WARNING:root: Error: Error_code: 222202 Error_msg: pic not has face
WARNING:root: Error: Error_code: 222202 Error_msg: pic not has face
WARNING:root: Error: Error_code: 222202 Error_msg: pic not has face
WARNING:root: Error: Error_code: 222202 Error_msg: pic not has face
WARNING:root: Error: Error_code: 222202 Error_msg: pic not has face
WARNING:root: Error: Error_code: 222202 Error_msg: pic not has face
WARNING:root: Error: Error_code: 222202 Error_msg: pic not has face
WARNING:root: Error: Error_code: 222202 Error_msg: pic not has face
WARNING:root: Error: Error_code: 222202 Error_msg: pic not has face
WARNING:root: Error: Error_code: 222202 Error_msg: pic not has face
WARNING:root: Error: Error_code: 222202 Error_msg: pic not has face
WARNING:root: Error: Error_code: 222202 Error_msg: pic not has face
WARNING:root: Error: Error_code: 222202 Error_msg: pic not has face
WARNING:root: Error: Error_code: 222202 Error_msg: pic not has face
WARNING:root: Error: Error_code: 222202 Error_msg: pic not has face
WARNING:root: Error: Error_code: 222202 Error_msg: pic not has face
WARNING:root: Error: Error_code: 222202 Error_msg: pic not has face
WARNING:root: Error: Error_code: 222202 Error_msg: pic not has face
WARNING:root: Error: Error_code: 222202 Error_msg: pic not has face
WARNING:root: Error: Error_code: 222202 Error_msg: pic not has face
WARNING:root: Error: Error_code: 222202 Error_msg: pic not has face
WARNING:root: Error: Error_code: 222202 Error_msg: pic not has face
WARNING:root: Error: Error_code: 222202 Error_msg: pic not has face
WARNING:root: Error: Error_code: 222202 Error_msg: pic not has face
WARNING:root: Error: Error_code: 222202 Error_msg: pic not has face
WARNING:root: Error: Error_code: 222202 Error_msg: pic not has face
WARNING:root: Error: Error_code: 222202 Error_msg: pic not has face
WARNING:root: Error: Error_code: 222202 Error_msg: pic not has face
WARNING:root: Error: Error_code: 222202 Error_msg: pic not has face
WARNING:root: Error: Error_code: 222202 Error_msg: pic not has face
WARNING:root: Error: Error_code: 222202 Error_msg: pic not has face
WARNING:root: Error: Error_code: 222202 Error_msg: pic not has face
WARNING:root: Error: Error_code: 222202 Error_msg: pic not has face
WARNING:root: Error: Error_code: 222202 Error_msg: pic not has face
WARNING:root: Error: Error_code: 222202 Error_msg: pic not has face
WARNING:root: Error: Error_code: 222202 Error_msg: pic not has face
WARNING:root: Error: Error_code: 222202 Error_msg: pic not has face
WARNING:root: Error: Error_code: 222202 Error_msg: pic not has face
WARNING:root: Error: Error_code: 222202 Error_msg: pic not has face
WARNING:root: Error: Error_code: 222202 Error_msg: pic not has face
WARNING:root: Error: Error_code: 222202 Error_msg: pic not has face
WARNING:root: Error: Error_code: 222202 Error_msg: pic not has face
WARNING:root: Error: Error_code: 222202 Error_msg: pic not has face
WARNING:root: Error: Error_code: 222202 Error_msg: pic not has face
WARNING:root: Error: Error_code: 222202 Error_msg: pic not has face
WARNING:root: Error: Error_code: 222202 Error_msg: pic not has face
WARNING:root: Error: Error_code: 222202 Error_msg: pic not has face
WARNING:root: Error: Error_code: 222202 Error_msg: pic not has face
WARNING:root: Error: Error_code: 222202 Error_msg: pic not has face
WARNING:root: Error: Error_code: 222202 Error_msg: pic not has face
WARNING:root: Error: Error_code: 222202 Error_msg: pic not has face
46.2848892212
1544083950
unknown
73.0925216675
1544083951
unknown
61.0292282104
1544083952
unknown
60.1782913208
1544083953
unknown
67.9915542603
1544083954
unknown
62.2596359253
1544083955
unknown
58.2877693176
1544083956
unknown
WARNING:root: Error: Error_code: 222202 Error_msg: pic not has face
67.6134796143
1544083958
unknown
68.2927856445
1544083959
unknown
66.3541183472
1544083961
unknown
58.444442749
1544083962
unknown
55.4349212646
1544083963
unknown
57.6778526306
1544083964
unknown
57.8458099365
1544083965
unknown
57.0678672791
1544083966
unknown
51.5916748047
1544083967
unknown
50.9105987549
1544083968
unknown
48.8771591187
1544083969
unknown
50.1495552063
1544083970
unknown
43.0989227295
1544083971
unknown
53.5128936768
1544083972
unknown
55.5293388367
1544083974
unknown
63.7883872986
1544083975
unknown
WARNING:root: Error: Error_code: 222202 Error_msg: pic not has face
WARNING:root: Error: Error_code: 222202 Error_msg: pic not has face
WARNING:root: Error: Error_code: 222202 Error_msg: pic not has face
WARNING:root: Error: Error_code: 222202 Error_msg: pic not has face
WARNING:root: Error: Error_code: 222202 Error_msg: pic not has face
WARNING:root: Error: Error_code: 222202 Error_msg: pic not has face
WARNING:root: Error: Error_code: 222202 Error_msg: pic not has face
WARNING:root: Error: Error_code: 222202 Error_msg: pic not has face
WARNING:root: Error: Error_code: 222202 Error_msg: pic not has face
WARNING:root: Error: Error_code: 222202 Error_msg: pic not has face
WARNING:root: Error: Error_code: 222202 Error_msg: pic not has face
WARNING:root: Error: Error_code: 222202 Error_msg: pic not has face
WARNING:root: Error: Error_code: 222202 Error_msg: pic not has face
WARNING:root: Error: Error_code: 222202 Error_msg: pic not has face
WARNING:root: Error: Error_code: 222202 Error_msg: pic not has face
WARNING:root: Error: Error_code: 222202 Error_msg: pic not has face
WARNING:root: Error: Error_code: 222202 Error_msg: pic not has face
WARNING:root: Error: Error_code: 222202 Error_msg: pic not has face
WARNING:root: Error: Error_code: 222202 Error_msg: pic not has face
WARNING:root: Error: Error_code: 222202 Error_msg: pic not has face
WARNING:root: Error: Error_code: 222202 Error_msg: pic not has face
WARNING:root: Error: Error_code: 222202 Error_msg: pic not has face
WARNING:root: Error: Error_code: 222202 Error_msg: pic not has face
WARNING:root: Error: Error_code: 222202 Error_msg: pic not has face
WARNING:root: Error: Error_code: 222202 Error_msg: pic not has face
WARNING:root: Error: Error_code: 222202 Error_msg: pic not has face
WARNING:root: Error: Error_code: 222202 Error_msg: pic not has face
WARNING:root: Error: Error_code: 222202 Error_msg: pic not has face
WARNING:root: Error: Error_code: 222202 Error_msg: pic not has face
WARNING:root: Error: Error_code: 222202 Error_msg: pic not has face
WARNING:root: Error: Error_code: 222202 Error_msg: pic not has face
46.6260871887
1544083998
unknown
WARNING:root: Error: Error_code: 222202 Error_msg: pic not has face
WARNING:root: Error: Error_code: 222202 Error_msg: pic not has face
WARNING:root: Error: Error_code: 222202 Error_msg: pic not has face
WARNING:root: Error: Error_code: 222202 Error_msg: pic not has face
WARNING:root: Error: Error_code: 222202 Error_msg: pic not has face
WARNING:root: Error: Error_code: 222202 Error_msg: pic not has face
WARNING:root: Error: Error_code: 222202 Error_msg: pic not has face
WARNING:root: Error: Error_code: 222202 Error_msg: pic not has face
WARNING:root: Error: Error_code: 222202 Error_msg: pic not has face
WARNING:root: Error: Error_code: 222202 Error_msg: pic not has face
WARNING:root: Error: Error_code: 222202 Error_msg: pic not has face
WARNING:root: Error: Error_code: 222202 Error_msg: pic not has face
WARNING:root: Error: Error_code: 222202 Error_msg: pic not has face
WARNING:root: Error: Error_code: 222202 Error_msg: pic not has face
WARNING:root: Error: Error_code: 222202 Error_msg: pic not has face
WARNING:root: Error: Error_code: 222202 Error_msg: pic not has face
WARNING:root: Error: Error_code: 222202 Error_msg: pic not has face
WARNING:root: Error: Error_code: 222202 Error_msg: pic not has face
WARNING:root: Error: Error_code: 222202 Error_msg: pic not has face
WARNING:root: Error: Error_code: 222202 Error_msg: pic not has face
WARNING:root: Error: Error_code: 222202 Error_msg: pic not has face
90.4008789062
1544084015
hefeng
time: 0.00245308876038
70.8502349854
1544084016
unknown
WARNING:root: Error: Error_code: 222202 Error_msg: pic not has face
WARNING:root: Error: Error_code: 222202 Error_msg: pic not has face
WARNING:root: Error: Error_code: 222202 Error_msg: pic not has face
WARNING:root: Error: Error_code: 222202 Error_msg: pic not has face
WARNING:root: Error: Error_code: 222202 Error_msg: pic not has face
WARNING:root: Error: Error_code: 222202 Error_msg: pic not has face
39.68775177
1544084022
unknown
WARNING:root: Error: Error_code: 222202 Error_msg: pic not has face
WARNING:root: Error: Error_code: 222202 Error_msg: pic not has face
WARNING:root: Error: Error_code: 222202 Error_msg: pic not has face
WARNING:root: Error: Error_code: 222202 Error_msg: pic not has face
WARNING:root: Error: Error_code: 222202 Error_msg: pic not has face
WARNING:root: Error: Error_code: 222202 Error_msg: pic not has face
WARNING:root: Error: Error_code: 222202 Error_msg: pic not has face
WARNING:root: Error: Error_code: 222202 Error_msg: pic not has face
WARNING:root: Error: Error_code: 222202 Error_msg: pic not has face
WARNING:root: Error: Error_code: 222202 Error_msg: pic not has face
WARNING:root: Error: Error_code: 222202 Error_msg: pic not has face
WARNING:root: Error: Error_code: 222202 Error_msg: pic not has face
WARNING:root: Error: Error_code: 222202 Error_msg: pic not has face
WARNING:root: Error: Error_code: 222202 Error_msg: pic not has face
51.6683921814
1544084033
unknown
93.6566467285
1544084034
yangxue
time: 0.00325012207031
93.4087142944
1544084035
yangxue
WARNING:root:Same person
93.3872680664
1544084036
yangxue
WARNING:root:Same person
93.6055755615
1544084037
yangxue
WARNING:root:Same person
76.0445098877
1544084038
yangxue
WARNING:root:Same person
73.1544418335
1544084039
unknown
71.2459182739
1544084040
unknown
89.2502441406
1544084042
yangxue
WARNING:root:Same person
61.5938644409
1544084043
unknown
92.681892395
1544084044
yangxue
WARNING:root:Same person
93.4303512573
1544084045
yangxue
WARNING:root:Same person
79.0452041626
1544084046
yangxue
WARNING:root:Same person
51.9732170105
1544084047
unknown
76.5010681152
1544084048
hefeng
time: 0.00311517715454
76.1088256836
1544084049
hefeng
WARNING:root:Same person
WARNING:root: Error: Error_code: 222202 Error_msg: pic not has face
WARNING:root: Error: Error_code: 222202 Error_msg: pic not has face
58.5152244568
1544084052
unknown
WARNING:root: Error: Error_code: 222202 Error_msg: pic not has face
WARNING:root: Error: Error_code: 222202 Error_msg: pic not has face
WARNING:root: Error: Error_code: 222202 Error_msg: pic not has face
WARNING:root: Error: Error_code: 222202 Error_msg: pic not has face
WARNING:root: Error: Error_code: 222202 Error_msg: pic not has face
WARNING:root: Error: Error_code: 222202 Error_msg: pic not has face
WARNING:root: Error: Error_code: 222202 Error_msg: pic not has face
WARNING:root: Error: Error_code: 222202 Error_msg: pic not has face
WARNING:root: Error: Error_code: 222202 Error_msg: pic not has face
WARNING:root: Error: Error_code: 222202 Error_msg: pic not has face
WARNING:root: Error: Error_code: 222202 Error_msg: pic not has face
WARNING:root: Error: Error_code: 222202 Error_msg: pic not has face
WARNING:root: Error: Error_code: 222202 Error_msg: pic not has face
WARNING:root: Error: Error_code: 222202 Error_msg: pic not has face
WARNING:root: Error: Error_code: 222202 Error_msg: pic not has face
WARNING:root: Error: Error_code: 222202 Error_msg: pic not has face
67.1802825928
1544084066
unknown
69.5408325195
1544084067
unknown
64.4601669312
1544084068
unknown
74.9532165527
1544084069
unknown
WARNING:root: Error: Error_code: 222202 Error_msg: pic not has face
WARNING:root: Error: Error_code: 222202 Error_msg: pic not has face
72.4507675171
1544084071
unknown
WARNING:root: Error: Error_code: 222202 Error_msg: pic not has face
WARNING:root: Error: Error_code: 222202 Error_msg: pic not has face
92.5687637329
1544084074
hefeng
time: 0.00293207168579
WARNING:root: Error: Error_code: 222202 Error_msg: pic not has face
43.7618026733
1544084076
unknown
46.9802780151
1544084077
unknown
73.4678878784
1544084078
unknown
48.1555175781
1544084079
unknown
45.6477165222
1544084080
unknown
49.3934020996
1544084081
unknown
45.0124320984
1544084082
unknown
50.1677055359
1544084083
unknown
46.4124679565
1544084084
unknown
42.6805877686
1544084086
unknown
43.5530395508
1544084087
unknown
45.6617088318
1544084088
unknown
WARNING:root: Error: Error_code: 222202 Error_msg: pic not has face
WARNING:root: Error: Error_code: 222202 Error_msg: pic not has face
43.8235473633
1544084091
unknown
38.4582633972
1544084092
unknown
39.9773445129
1544084093
unknown
43.2429199219
1544084094
unknown
WARNING:root: Error: Error_code: 222202 Error_msg: pic not has face
55.4908981323
1544084096
unknown
WARNING:root: Error: Error_code: 222202 Error_msg: pic not has face
WARNING:root: Error: Error_code: 222202 Error_msg: pic not has face
WARNING:root: Error: Error_code: 222202 Error_msg: pic not has face
WARNING:root: Error: Error_code: 222202 Error_msg: pic not has face
59.974319458
1544084100
unknown
WARNING:root: Error: Error_code: 222202 Error_msg: pic not has face
WARNING:root: Error: Error_code: 222202 Error_msg: pic not has face
WARNING:root: Error: Error_code: 222202 Error_msg: pic not has face
WARNING:root: Error: Error_code: 222202 Error_msg: pic not has face
WARNING:root: Error: Error_code: 222202 Error_msg: pic not has face
WARNING:root: Error: Error_code: 222202 Error_msg: pic not has face
WARNING:root: Error: Error_code: 222202 Error_msg: pic not has face
WARNING:root: Error: Error_code: 222202 Error_msg: pic not has face
WARNING:root: Error: Error_code: 222202 Error_msg: pic not has face
50.7613601685
1544084108
unknown
WARNING:root: Error: Error_code: 222202 Error_msg: pic not has face
WARNING:root: Error: Error_code: 222202 Error_msg: pic not has face
WARNING:root: Error: Error_code: 222202 Error_msg: pic not has face
WARNING:root: Error: Error_code: 222202 Error_msg: pic not has face
WARNING:root: Error: Error_code: 222202 Error_msg: pic not has face
WARNING:root: Error: Error_code: 222202 Error_msg: pic not has face
WARNING:root: Error: Error_code: 222202 Error_msg: pic not has face
WARNING:root: Error: Error_code: 222202 Error_msg: pic not has face
WARNING:root: Error: Error_code: 222202 Error_msg: pic not has face
WARNING:root: Error: Error_code: 222202 Error_msg: pic not has face
WARNING:root: Error: Error_code: 222202 Error_msg: pic not has face
WARNING:root: Error: Error_code: 222202 Error_msg: pic not has face
WARNING:root: Error: Error_code: 222202 Error_msg: pic not has face
WARNING:root: Error: Error_code: 222202 Error_msg: pic not has face
WARNING:root: Error: Error_code: 222202 Error_msg: pic not has face
WARNING:root: Error: Error_code: 222202 Error_msg: pic not has face
WARNING:root: Error: Error_code: 222202 Error_msg: pic not has face
57.8051948547
1544084121
unknown
WARNING:root: Error: Error_code: 222202 Error_msg: pic not has face
WARNING:root: Error: Error_code: 222202 Error_msg: pic not has face
WARNING:root: Error: Error_code: 222202 Error_msg: pic not has face
WARNING:root: Error: Error_code: 222202 Error_msg: pic not has face
WARNING:root: Error: Error_code: 222202 Error_msg: pic not has face
WARNING:root: Error: Error_code: 222202 Error_msg: pic not has face
WARNING:root: Error: Error_code: 222202 Error_msg: pic not has face
WARNING:root: Error: Error_code: 222202 Error_msg: pic not has face
WARNING:root: Error: Error_code: 222202 Error_msg: pic not has face
WARNING:root: Error: Error_code: 222202 Error_msg: pic not has face
WARNING:root: Error: Error_code: 222202 Error_msg: pic not has face
WARNING:root: Error: Error_code: 222202 Error_msg: pic not has face
WARNING:root: Error: Error_code: 222202 Error_msg: pic not has face
WARNING:root: Error: Error_code: 222202 Error_msg: pic not has face
WARNING:root: Error: Error_code: 222202 Error_msg: pic not has face
WARNING:root: Error: Error_code: 222202 Error_msg: pic not has face
WARNING:root: Error: Error_code: 222202 Error_msg: pic not has face
WARNING:root: Error: Error_code: 222202 Error_msg: pic not has face
WARNING:root: Error: Error_code: 222202 Error_msg: pic not has face
WARNING:root: Error: Error_code: 222202 Error_msg: pic not has face
WARNING:root: Error: Error_code: 222202 Error_msg: pic not has face
WARNING:root: Error: Error_code: 222202 Error_msg: pic not has face
WARNING:root: Error: Error_code: 222202 Error_msg: pic not has face
WARNING:root: Error: Error_code: 222202 Error_msg: pic not has face
WARNING:root: Error: Error_code: 222202 Error_msg: pic not has face
WARNING:root: Error: Error_code: 222202 Error_msg: pic not has face
WARNING:root: Error: Error_code: 222202 Error_msg: pic not has face
WARNING:root: Error: Error_code: 222202 Error_msg: pic not has face
WARNING:root: Error: Error_code: 222202 Error_msg: pic not has face
WARNING:root: Error: Error_code: 222202 Error_msg: pic not has face
WARNING:root: Error: Error_code: 222202 Error_msg: pic not has face
WARNING:root: Error: Error_code: 222202 Error_msg: pic not has face
WARNING:root: Error: Error_code: 222202 Error_msg: pic not has face
WARNING:root: Error: Error_code: 222202 Error_msg: pic not has face
WARNING:root: Error: Error_code: 222202 Error_msg: pic not has face
WARNING:root: Error: Error_code: 222202 Error_msg: pic not has face
WARNING:root: Error: Error_code: 222202 Error_msg: pic not has face
WARNING:root: Error: Error_code: 222202 Error_msg: pic not has face
WARNING:root: Error: Error_code: 222202 Error_msg: pic not has face
WARNING:root: Error: Error_code: 222202 Error_msg: pic not has face
WARNING:root: Error: Error_code: 222202 Error_msg: pic not has face
WARNING:root: Error: Error_code: 222202 Error_msg: pic not has face
WARNING:root: Error: Error_code: 222202 Error_msg: pic not has face
WARNING:root: Error: Error_code: 222202 Error_msg: pic not has face
WARNING:root: Error: Error_code: 222202 Error_msg: pic not has face
WARNING:root: Error: Error_code: 222202 Error_msg: pic not has face
WARNING:root: Error: Error_code: 222202 Error_msg: pic not has face
WARNING:root: Error: Error_code: 222202 Error_msg: pic not has face
WARNING:root: Error: Error_code: 222202 Error_msg: pic not has face
WARNING:root: Error: Error_code: 222202 Error_msg: pic not has face
WARNING:root: Error: Error_code: 222202 Error_msg: pic not has face
WARNING:root: Error: Error_code: 222202 Error_msg: pic not has face
WARNING:root: Error: Error_code: 222202 Error_msg: pic not has face
WARNING:root: Error: Error_code: 222202 Error_msg: pic not has face
WARNING:root: Error: Error_code: 222202 Error_msg: pic not has face
WARNING:root: Error: Error_code: 222202 Error_msg: pic not has face
48.0010910034
1544084164
unknown
WARNING:root: Error: Error_code: 222202 Error_msg: pic not has face
WARNING:root: Error: Error_code: 222202 Error_msg: pic not has face
WARNING:root: Error: Error_code: 222202 Error_msg: pic not has face
WARNING:root: Error: Error_code: 222202 Error_msg: pic not has face
WARNING:root: Error: Error_code: 222202 Error_msg: pic not has face
WARNING:root: Error: Error_code: 222202 Error_msg: pic not has face
WARNING:root: Error: Error_code: 222202 Error_msg: pic not has face
WARNING:root: Error: Error_code: 222202 Error_msg: pic not has face
WARNING:root: Error: Error_code: 222202 Error_msg: pic not has face
WARNING:root: Error: Error_code: 222202 Error_msg: pic not has face
WARNING:root: Error: Error_code: 222202 Error_msg: pic not has face
WARNING:root: Error: Error_code: 222202 Error_msg: pic not has face
WARNING:root: Error: Error_code: 222202 Error_msg: pic not has face
WARNING:root: Error: Error_code: 222202 Error_msg: pic not has face
WARNING:root: Error: Error_code: 222202 Error_msg: pic not has face
WARNING:root: Error: Error_code: 222202 Error_msg: pic not has face
WARNING:root: Error: Error_code: 222202 Error_msg: pic not has face
WARNING:root: Error: Error_code: 222202 Error_msg: pic not has face
WARNING:root: Error: Error_code: 222202 Error_msg: pic not has face
WARNING:root: Error: Error_code: 222202 Error_msg: pic not has face
WARNING:root: Error: Error_code: 222202 Error_msg: pic not has face
WARNING:root: Error: Error_code: 222202 Error_msg: pic not has face
WARNING:root: Error: Error_code: 222202 Error_msg: pic not has face
WARNING:root: Error: Error_code: 222202 Error_msg: pic not has face
WARNING:root: Error: Error_code: 222202 Error_msg: pic not has face
WARNING:root: Error: Error_code: 222202 Error_msg: pic not has face
WARNING:root: Error: Error_code: 222202 Error_msg: pic not has face
WARNING:root: Error: Error_code: 222202 Error_msg: pic not has face
WARNING:root: Error: Error_code: 222202 Error_msg: pic not has face
WARNING:root: Error: Error_code: 222202 Error_msg: pic not has face
WARNING:root: Error: Error_code: 222202 Error_msg: pic not has face
WARNING:root: Error: Error_code: 222202 Error_msg: pic not has face
WARNING:root: Error: Error_code: 222202 Error_msg: pic not has face
WARNING:root: Error: Error_code: 222202 Error_msg: pic not has face
WARNING:root: Error: Error_code: 222202 Error_msg: pic not has face
WARNING:root: Error: Error_code: 222202 Error_msg: pic not has face
WARNING:root: Error: Error_code: 222202 Error_msg: pic not has face
WARNING:root: Error: Error_code: 222202 Error_msg: pic not has face
WARNING:root: Error: Error_code: 222202 Error_msg: pic not has face
WARNING:root: Error: Error_code: 222202 Error_msg: pic not has face
WARNING:root: Error: Error_code: 222202 Error_msg: pic not has face
WARNING:root: Error: Error_code: 222202 Error_msg: pic not has face
WARNING:root: Error: Error_code: 222202 Error_msg: pic not has face
WARNING:root: Error: Error_code: 222202 Error_msg: pic not has face
WARNING:root: Error: Error_code: 222202 Error_msg: pic not has face
WARNING:root: Error: Error_code: 222202 Error_msg: pic not has face
WARNING:root: Error: Error_code: 222202 Error_msg: pic not has face
WARNING:root: Error: Error_code: 222202 Error_msg: pic not has face
WARNING:root: Error: Error_code: 222202 Error_msg: pic not has face
WARNING:root: Error: Error_code: 222202 Error_msg: pic not has face
WARNING:root: Error: Error_code: 222202 Error_msg: pic not has face
WARNING:root: Error: Error_code: 222202 Error_msg: pic not has face
WARNING:root: Error: Error_code: 222202 Error_msg: pic not has face
WARNING:root: Error: Error_code: 222202 Error_msg: pic not has face
WARNING:root: Error: Error_code: 222202 Error_msg: pic not has face
WARNING:root: Error: Error_code: 222202 Error_msg: pic not has face
WARNING:root: Error: Error_code: 222202 Error_msg: pic not has face
WARNING:root: Error: Error_code: 222202 Error_msg: pic not has face
WARNING:root: Error: Error_code: 222202 Error_msg: pic not has face
WARNING:root: Error: Error_code: 222202 Error_msg: pic not has face
WARNING:root: Error: Error_code: 222202 Error_msg: pic not has face
WARNING:root: Error: Error_code: 222202 Error_msg: pic not has face
WARNING:root: Error: Error_code: 222202 Error_msg: pic not has face
WARNING:root: Error: Error_code: 222202 Error_msg: pic not has face
WARNING:root: Error: Error_code: 222202 Error_msg: pic not has face
WARNING:root: Error: Error_code: 222202 Error_msg: pic not has face
WARNING:root: Error: Error_code: 222202 Error_msg: pic not has face
WARNING:root: Error: Error_code: 222202 Error_msg: pic not has face
WARNING:root: Error: Error_code: 222202 Error_msg: pic not has face
WARNING:root: Error: Error_code: 222202 Error_msg: pic not has face
WARNING:root: Error: Error_code: 222202 Error_msg: pic not has face
WARNING:root: Error: Error_code: 222202 Error_msg: pic not has face
WARNING:root: Error: Error_code: 222202 Error_msg: pic not has face
WARNING:root: Error: Error_code: 222202 Error_msg: pic not has face
WARNING:root: Error: Error_code: 222202 Error_msg: pic not has face
WARNING:root: Error: Error_code: 222202 Error_msg: pic not has face
WARNING:root: Error: Error_code: 222202 Error_msg: pic not has face
WARNING:root: Error: Error_code: 222202 Error_msg: pic not has face
WARNING:root: Error: Error_code: 222202 Error_msg: pic not has face
WARNING:root: Error: Error_code: 222202 Error_msg: pic not has face
WARNING:root: Error: Error_code: 222202 Error_msg: pic not has face
WARNING:root: Error: Error_code: 222202 Error_msg: pic not has face
WARNING:root: Error: Error_code: 222202 Error_msg: pic not has face
WARNING:root: Error: Error_code: 222202 Error_msg: pic not has face
WARNING:root: Error: Error_code: 222202 Error_msg: pic not has face
WARNING:root: Error: Error_code: 222202 Error_msg: pic not has face
WARNING:root: Error: Error_code: 222202 Error_msg: pic not has face
WARNING:root: Error: Error_code: 222202 Error_msg: pic not has face
WARNING:root: Error: Error_code: 222202 Error_msg: pic not has face
WARNING:root: Error: Error_code: 222202 Error_msg: pic not has face
WARNING:root: Error: Error_code: 222202 Error_msg: pic not has face
WARNING:root: Error: Error_code: 222202 Error_msg: pic not has face
WARNING:root: Error: Error_code: 222202 Error_msg: pic not has face
WARNING:root: Error: Error_code: 222202 Error_msg: pic not has face
WARNING:root: Error: Error_code: 222202 Error_msg: pic not has face
WARNING:root: Error: Error_code: 222202 Error_msg: pic not has face
WARNING:root: Error: Error_code: 222202 Error_msg: pic not has face
WARNING:root: Error: Error_code: 222202 Error_msg: pic not has face
WARNING:root: Error: Error_code: 222202 Error_msg: pic not has face
WARNING:root: Error: Error_code: 222202 Error_msg: pic not has face
WARNING:root: Error: Error_code: 222202 Error_msg: pic not has face
WARNING:root: Error: Error_code: 222202 Error_msg: pic not has face
WARNING:root: Error: Error_code: 222202 Error_msg: pic not has face
WARNING:root: Error: Error_code: 222202 Error_msg: pic not has face
WARNING:root: Error: Error_code: 222202 Error_msg: pic not has face
WARNING:root: Error: Error_code: 222202 Error_msg: pic not has face
WARNING:root: Error: Error_code: 222202 Error_msg: pic not has face
WARNING:root: Error: Error_code: 222202 Error_msg: pic not has face
WARNING:root: Error: Error_code: 222202 Error_msg: pic not has face
WARNING:root: Error: Error_code: 222202 Error_msg: pic not has face
WARNING:root: Error: Error_code: 222202 Error_msg: pic not has face
WARNING:root: Error: Error_code: 222202 Error_msg: pic not has face
WARNING:root: Error: Error_code: 222202 Error_msg: pic not has face
WARNING:root: Error: Error_code: 222202 Error_msg: pic not has face
WARNING:root: Error: Error_code: 222202 Error_msg: pic not has face
WARNING:root: Error: Error_code: 222202 Error_msg: pic not has face
WARNING:root: Error: Error_code: 222202 Error_msg: pic not has face
WARNING:root: Error: Error_code: 222202 Error_msg: pic not has face
WARNING:root: Error: Error_code: 222202 Error_msg: pic not has face
WARNING:root: Error: Error_code: 222202 Error_msg: pic not has face
WARNING:root: Error: Error_code: 222202 Error_msg: pic not has face
WARNING:root: Error: Error_code: 222202 Error_msg: pic not has face
WARNING:root: Error: Error_code: 222202 Error_msg: pic not has face
WARNING:root: Error: Error_code: 222202 Error_msg: pic not has face
WARNING:root: Error: Error_code: 222202 Error_msg: pic not has face
WARNING:root: Error: Error_code: 222202 Error_msg: pic not has face
WARNING:root: Error: Error_code: 222202 Error_msg: pic not has face
WARNING:root: Error: Error_code: 222202 Error_msg: pic not has face
WARNING:root: Error: Error_code: 222202 Error_msg: pic not has face
WARNING:root: Error: Error_code: 222202 Error_msg: pic not has face
WARNING:root: Error: Error_code: 222202 Error_msg: pic not has face
WARNING:root: Error: Error_code: 222202 Error_msg: pic not has face
WARNING:root: Error: Error_code: 222202 Error_msg: pic not has face
WARNING:root: Error: Error_code: 222202 Error_msg: pic not has face
WARNING:root: Error: Error_code: 222202 Error_msg: pic not has face
WARNING:root: Error: Error_code: 222202 Error_msg: pic not has face
WARNING:root: Error: Error_code: 222202 Error_msg: pic not has face
WARNING:root: Error: Error_code: 222202 Error_msg: pic not has face
WARNING:root: Error: Error_code: 222202 Error_msg: pic not has face
WARNING:root: Error: Error_code: 222202 Error_msg: pic not has face
WARNING:root: Error: Error_code: 222202 Error_msg: pic not has face
WARNING:root: Error: Error_code: 222202 Error_msg: pic not has face
WARNING:root: Error: Error_code: 222202 Error_msg: pic not has face
WARNING:root: Error: Error_code: 222202 Error_msg: pic not has face
WARNING:root: Error: Error_code: 222202 Error_msg: pic not has face
WARNING:root: Error: Error_code: 222202 Error_msg: pic not has face
WARNING:root: Error: Error_code: 222202 Error_msg: pic not has face
WARNING:root: Error: Error_code: 222202 Error_msg: pic not has face
WARNING:root: Error: Error_code: 222202 Error_msg: pic not has face
WARNING:root: Error: Error_code: 222202 Error_msg: pic not has face
WARNING:root: Error: Error_code: 222202 Error_msg: pic not has face
WARNING:root: Error: Error_code: 222202 Error_msg: pic not has face
WARNING:root: Error: Error_code: 222202 Error_msg: pic not has face
WARNING:root: Error: Error_code: 222202 Error_msg: pic not has face
WARNING:root: Error: Error_code: 222202 Error_msg: pic not has face
WARNING:root: Error: Error_code: 222202 Error_msg: pic not has face
WARNING:root: Error: Error_code: 222202 Error_msg: pic not has face
WARNING:root: Error: Error_code: 222202 Error_msg: pic not has face
WARNING:root: Error: Error_code: 222202 Error_msg: pic not has face
WARNING:root: Error: Error_code: 222202 Error_msg: pic not has face
WARNING:root: Error: Error_code: 222202 Error_msg: pic not has face
WARNING:root: Error: Error_code: 222202 Error_msg: pic not has face
WARNING:root: Error: Error_code: 222202 Error_msg: pic not has face
WARNING:root: Error: Error_code: 222202 Error_msg: pic not has face
WARNING:root: Error: Error_code: 222202 Error_msg: pic not has face
WARNING:root: Error: Error_code: 222202 Error_msg: pic not has face
WARNING:root: Error: Error_code: 222202 Error_msg: pic not has face
WARNING:root: Error: Error_code: 222202 Error_msg: pic not has face
WARNING:root: Error: Error_code: 222202 Error_msg: pic not has face
WARNING:root: Error: Error_code: 222202 Error_msg: pic not has face
WARNING:root: Error: Error_code: 222202 Error_msg: pic not has face
WARNING:root: Error: Error_code: 222202 Error_msg: pic not has face
WARNING:root: Error: Error_code: 222202 Error_msg: pic not has face
WARNING:root: Error: Error_code: 222202 Error_msg: pic not has face
WARNING:root: Error: Error_code: 222202 Error_msg: pic not has face
WARNING:root: Error: Error_code: 222202 Error_msg: pic not has face
WARNING:root: Error: Error_code: 222202 Error_msg: pic not has face
WARNING:root: Error: Error_code: 222202 Error_msg: pic not has face
WARNING:root: Error: Error_code: 222202 Error_msg: pic not has face
WARNING:root: Error: Error_code: 222202 Error_msg: pic not has face
WARNING:root: Error: Error_code: 222202 Error_msg: pic not has face
WARNING:root: Error: Error_code: 222202 Error_msg: pic not has face
WARNING:root: Error: Error_code: 222202 Error_msg: pic not has face
WARNING:root: Error: Error_code: 222202 Error_msg: pic not has face
WARNING:root: Error: Error_code: 222202 Error_msg: pic not has face
WARNING:root: Error: Error_code: 222202 Error_msg: pic not has face
WARNING:root: Error: Error_code: 222202 Error_msg: pic not has face
WARNING:root: Error: Error_code: 222202 Error_msg: pic not has face
WARNING:root: Error: Error_code: 222202 Error_msg: pic not has face
WARNING:root: Error: Error_code: 222202 Error_msg: pic not has face
WARNING:root: Error: Error_code: 222202 Error_msg: pic not has face
WARNING:root: Error: Error_code: 222202 Error_msg: pic not has face
WARNING:root: Error: Error_code: 222202 Error_msg: pic not has face
WARNING:root: Error: Error_code: 222202 Error_msg: pic not has face
WARNING:root: Error: Error_code: 222202 Error_msg: pic not has face
WARNING:root: Error: Error_code: 222202 Error_msg: pic not has face
WARNING:root: Error: Error_code: 222202 Error_msg: pic not has face
WARNING:root: Error: Error_code: 222202 Error_msg: pic not has face
WARNING:root: Error: Error_code: 222202 Error_msg: pic not has face
WARNING:root: Error: Error_code: 222202 Error_msg: pic not has face
WARNING:root: Error: Error_code: 222202 Error_msg: pic not has face
WARNING:root: Error: Error_code: 222202 Error_msg: pic not has face
WARNING:root: Error: Error_code: 222202 Error_msg: pic not has face
WARNING:root: Error: Error_code: 222202 Error_msg: pic not has face
WARNING:root: Error: Error_code: 222202 Error_msg: pic not has face
WARNING:root: Error: Error_code: 222202 Error_msg: pic not has face
WARNING:root: Error: Error_code: 222202 Error_msg: pic not has face
WARNING:root: Error: Error_code: 222202 Error_msg: pic not has face
WARNING:root: Error: Error_code: 222202 Error_msg: pic not has face
WARNING:root: Error: Error_code: 222202 Error_msg: pic not has face
WARNING:root: Error: Error_code: 222202 Error_msg: pic not has face
WARNING:root: Error: Error_code: 222202 Error_msg: pic not has face
WARNING:root: Error: Error_code: 222202 Error_msg: pic not has face
WARNING:root: Error: Error_code: 222202 Error_msg: pic not has face
WARNING:root: Error: Error_code: 222202 Error_msg: pic not has face
WARNING:root: Error: Error_code: 222202 Error_msg: pic not has face
WARNING:root: Error: Error_code: 222202 Error_msg: pic not has face
WARNING:root: Error: Error_code: 222202 Error_msg: pic not has face
WARNING:root: Error: Error_code: 222202 Error_msg: pic not has face
WARNING:root: Error: Error_code: 222202 Error_msg: pic not has face
WARNING:root: Error: Error_code: 222202 Error_msg: pic not has face
WARNING:root: Error: Error_code: 222202 Error_msg: pic not has face
45.8511962891
1544084332
unknown
49.1988143921
1544084334
unknown
42.278678894
1544084335
unknown
WARNING:root: Error: Error_code: 222202 Error_msg: pic not has face
WARNING:root: Error: Error_code: 222202 Error_msg: pic not has face
WARNING:root: Error: Error_code: 222202 Error_msg: pic not has face
WARNING:root: Error: Error_code: 222202 Error_msg: pic not has face
WARNING:root: Error: Error_code: 222202 Error_msg: pic not has face
WARNING:root: Error: Error_code: 222202 Error_msg: pic not has face
WARNING:root: Error: Error_code: 222202 Error_msg: pic not has face
WARNING:root: Error: Error_code: 222202 Error_msg: pic not has face
WARNING:root: Error: Error_code: 222202 Error_msg: pic not has face
WARNING:root: Error: Error_code: 222202 Error_msg: pic not has face
WARNING:root: Error: Error_code: 222202 Error_msg: pic not has face
WARNING:root: Error: Error_code: 222202 Error_msg: pic not has face
WARNING:root: Error: Error_code: 222202 Error_msg: pic not has face
WARNING:root: Error: Error_code: 222202 Error_msg: pic not has face
64.4482574463
1544084347
unknown
WARNING:root: Error: Error_code: 222202 Error_msg: pic not has face
63.2062301636
1544084349
unknown
WARNING:root: Error: Error_code: 222202 Error_msg: pic not has face
WARNING:root: Error: Error_code: 222202 Error_msg: pic not has face
WARNING:root: Error: Error_code: 222202 Error_msg: pic not has face
WARNING:root: Error: Error_code: 222202 Error_msg: pic not has face
WARNING:root: Error: Error_code: 222202 Error_msg: pic not has face
WARNING:root: Error: Error_code: 222202 Error_msg: pic not has face
WARNING:root: Error: Error_code: 222202 Error_msg: pic not has face
WARNING:root: Error: Error_code: 222202 Error_msg: pic not has face
WARNING:root: Error: Error_code: 222202 Error_msg: pic not has face
WARNING:root: Error: Error_code: 222202 Error_msg: pic not has face
WARNING:root: Error: Error_code: 222202 Error_msg: pic not has face
WARNING:root: Error: Error_code: 222202 Error_msg: pic not has face
63.2889518738
1544084359
unknown
WARNING:root: Error: Error_code: 222202 Error_msg: pic not has face
WARNING:root: Error: Error_code: 222202 Error_msg: pic not has face
55.9834327698
1544084361
unknown
WARNING:root: Error: Error_code: 222202 Error_msg: pic not has face
WARNING:root: Error: Error_code: 222202 Error_msg: pic not has face
WARNING:root: Error: Error_code: 222202 Error_msg: pic not has face
WARNING:root: Error: Error_code: 222202 Error_msg: pic not has face
WARNING:root: Error: Error_code: 222202 Error_msg: pic not has face
WARNING:root: Error: Error_code: 222202 Error_msg: pic not has face
WARNING:root: Error: Error_code: 222202 Error_msg: pic not has face
WARNING:root: Error: Error_code: 222202 Error_msg: pic not has face
WARNING:root: Error: Error_code: 222202 Error_msg: pic not has face
WARNING:root: Error: Error_code: 222202 Error_msg: pic not has face
WARNING:root: Error: Error_code: 222202 Error_msg: pic not has face
WARNING:root: Error: Error_code: 222202 Error_msg: pic not has face
61.1859092712
1544084372
unknown
WARNING:root: Error: Error_code: 222202 Error_msg: pic not has face
WARNING:root: Error: Error_code: 222202 Error_msg: pic not has face
WARNING:root: Error: Error_code: 222202 Error_msg: pic not has face
WARNING:root: Error: Error_code: 222202 Error_msg: pic not has face
WARNING:root: Error: Error_code: 222202 Error_msg: pic not has face
WARNING:root: Error: Error_code: 222202 Error_msg: pic not has face
WARNING:root: Error: Error_code: 222202 Error_msg: pic not has face
WARNING:root: Error: Error_code: 222202 Error_msg: pic not has face
WARNING:root: Error: Error_code: 222202 Error_msg: pic not has face
WARNING:root: Error: Error_code: 222202 Error_msg: pic not has face
WARNING:root: Error: Error_code: 222202 Error_msg: pic not has face
WARNING:root: Error: Error_code: 222202 Error_msg: pic not has face
WARNING:root: Error: Error_code: 222202 Error_msg: pic not has face
WARNING:root: Error: Error_code: 222202 Error_msg: pic not has face
WARNING:root: Error: Error_code: 222202 Error_msg: pic not has face
WARNING:root: Error: Error_code: 222202 Error_msg: pic not has face
WARNING:root: Error: Error_code: 222202 Error_msg: pic not has face
WARNING:root: Error: Error_code: 222202 Error_msg: pic not has face
WARNING:root: Error: Error_code: 222202 Error_msg: pic not has face
WARNING:root: Error: Error_code: 222202 Error_msg: pic not has face
WARNING:root: Error: Error_code: 222202 Error_msg: pic not has face
WARNING:root: Error: Error_code: 222202 Error_msg: pic not has face
WARNING:root: Error: Error_code: 222202 Error_msg: pic not has face
WARNING:root: Error: Error_code: 222202 Error_msg: pic not has face
WARNING:root: Error: Error_code: 222202 Error_msg: pic not has face
WARNING:root: Error: Error_code: 222202 Error_msg: pic not has face
WARNING:root: Error: Error_code: 222202 Error_msg: pic not has face
WARNING:root: Error: Error_code: 222202 Error_msg: pic not has face
WARNING:root: Error: Error_code: 222202 Error_msg: pic not has face
WARNING:root: Error: Error_code: 222202 Error_msg: pic not has face
WARNING:root: Error: Error_code: 222202 Error_msg: pic not has face
WARNING:root: Error: Error_code: 222202 Error_msg: pic not has face
WARNING:root: Error: Error_code: 222202 Error_msg: pic not has face
WARNING:root: Error: Error_code: 222202 Error_msg: pic not has face
WARNING:root: Error: Error_code: 222202 Error_msg: pic not has face
WARNING:root: Error: Error_code: 222202 Error_msg: pic not has face
WARNING:root: Error: Error_code: 222202 Error_msg: pic not has face
WARNING:root: Error: Error_code: 222202 Error_msg: pic not has face
WARNING:root: Error: Error_code: 222202 Error_msg: pic not has face
WARNING:root: Error: Error_code: 222202 Error_msg: pic not has face
WARNING:root: Error: Error_code: 222202 Error_msg: pic not has face
WARNING:root: Error: Error_code: 222202 Error_msg: pic not has face
WARNING:root: Error: Error_code: 222202 Error_msg: pic not has face
WARNING:root: Error: Error_code: 222202 Error_msg: pic not has face
WARNING:root: Error: Error_code: 222202 Error_msg: pic not has face
WARNING:root: Error: Error_code: 222202 Error_msg: pic not has face
WARNING:root: Error: Error_code: 222202 Error_msg: pic not has face
WARNING:root: Error: Error_code: 222202 Error_msg: pic not has face
WARNING:root: Error: Error_code: 222202 Error_msg: pic not has face
WARNING:root: Error: Error_code: 222202 Error_msg: pic not has face
WARNING:root: Error: Error_code: 222202 Error_msg: pic not has face
WARNING:root: Error: Error_code: 222202 Error_msg: pic not has face
WARNING:root: Error: Error_code: 222202 Error_msg: pic not has face
WARNING:root: Error: Error_code: 222202 Error_msg: pic not has face
WARNING:root: Error: Error_code: 222202 Error_msg: pic not has face
WARNING:root: Error: Error_code: 222202 Error_msg: pic not has face
WARNING:root: Error: Error_code: 222202 Error_msg: pic not has face
WARNING:root: Error: Error_code: 222202 Error_msg: pic not has face
WARNING:root: Error: Error_code: 222202 Error_msg: pic not has face
WARNING:root: Error: Error_code: 222202 Error_msg: pic not has face
WARNING:root: Error: Error_code: 222202 Error_msg: pic not has face
WARNING:root: Error: Error_code: 222202 Error_msg: pic not has face
WARNING:root: Error: Error_code: 222202 Error_msg: pic not has face
WARNING:root: Error: Error_code: 222202 Error_msg: pic not has face
WARNING:root: Error: Error_code: 222202 Error_msg: pic not has face
WARNING:root: Error: Error_code: 222202 Error_msg: pic not has face
WARNING:root: Error: Error_code: 222202 Error_msg: pic not has face
WARNING:root: Error: Error_code: 222202 Error_msg: pic not has face
WARNING:root: Error: Error_code: 222202 Error_msg: pic not has face
WARNING:root: Error: Error_code: 222202 Error_msg: pic not has face
WARNING:root: Error: Error_code: 222202 Error_msg: pic not has face
WARNING:root: Error: Error_code: 222202 Error_msg: pic not has face
WARNING:root: Error: Error_code: 222202 Error_msg: pic not has face
WARNING:root: Error: Error_code: 222202 Error_msg: pic not has face
WARNING:root: Error: Error_code: 222202 Error_msg: pic not has face
WARNING:root: Error: Error_code: 222202 Error_msg: pic not has face
WARNING:root: Error: Error_code: 222202 Error_msg: pic not has face
WARNING:root: Error: Error_code: 222202 Error_msg: pic not has face
WARNING:root: Error: Error_code: 222202 Error_msg: pic not has face
WARNING:root: Error: Error_code: 222202 Error_msg: pic not has face
WARNING:root: Error: Error_code: 222202 Error_msg: pic not has face
WARNING:root: Error: Error_code: 222202 Error_msg: pic not has face
WARNING:root: Error: Error_code: 222202 Error_msg: pic not has face
WARNING:root: Error: Error_code: 222202 Error_msg: pic not has face
WARNING:root: Error: Error_code: 222202 Error_msg: pic not has face
WARNING:root: Error: Error_code: 222202 Error_msg: pic not has face
WARNING:root: Error: Error_code: 222202 Error_msg: pic not has face
WARNING:root: Error: Error_code: 222202 Error_msg: pic not has face
WARNING:root: Error: Error_code: 222202 Error_msg: pic not has face
WARNING:root: Error: Error_code: 222202 Error_msg: pic not has face
WARNING:root: Error: Error_code: 222202 Error_msg: pic not has face
WARNING:root: Error: Error_code: 222202 Error_msg: pic not has face
WARNING:root: Error: Error_code: 222202 Error_msg: pic not has face
WARNING:root: Error: Error_code: 222202 Error_msg: pic not has face
WARNING:root: Error: Error_code: 222202 Error_msg: pic not has face
WARNING:root: Error: Error_code: 222202 Error_msg: pic not has face
WARNING:root: Error: Error_code: 222202 Error_msg: pic not has face
WARNING:root: Error: Error_code: 222202 Error_msg: pic not has face
WARNING:root: Error: Error_code: 222202 Error_msg: pic not has face
WARNING:root: Error: Error_code: 222202 Error_msg: pic not has face
WARNING:root: Error: Error_code: 222202 Error_msg: pic not has face
WARNING:root: Error: Error_code: 222202 Error_msg: pic not has face
WARNING:root: Error: Error_code: 222202 Error_msg: pic not has face
WARNING:root: Error: Error_code: 222202 Error_msg: pic not has face
WARNING:root: Error: Error_code: 222202 Error_msg: pic not has face
WARNING:root: Error: Error_code: 222202 Error_msg: pic not has face
WARNING:root: Error: Error_code: 222202 Error_msg: pic not has face
WARNING:root: Error: Error_code: 222202 Error_msg: pic not has face
WARNING:root: Error: Error_code: 222202 Error_msg: pic not has face
WARNING:root: Error: Error_code: 222202 Error_msg: pic not has face
WARNING:root: Error: Error_code: 222202 Error_msg: pic not has face
WARNING:root: Error: Error_code: 222202 Error_msg: pic not has face
WARNING:root: Error: Error_code: 222202 Error_msg: pic not has face
WARNING:root: Error: Error_code: 222202 Error_msg: pic not has face
WARNING:root: Error: Error_code: 222202 Error_msg: pic not has face
WARNING:root: Error: Error_code: 222202 Error_msg: pic not has face
WARNING:root: Error: Error_code: 222202 Error_msg: pic not has face
WARNING:root: Error: Error_code: 222202 Error_msg: pic not has face
WARNING:root: Error: Error_code: 222202 Error_msg: pic not has face
WARNING:root: Error: Error_code: 222202 Error_msg: pic not has face
WARNING:root: Error: Error_code: 222202 Error_msg: pic not has face
WARNING:root: Error: Error_code: 222202 Error_msg: pic not has face
WARNING:root: Error: Error_code: 222202 Error_msg: pic not has face
WARNING:root: Error: Error_code: 222202 Error_msg: pic not has face
WARNING:root: Error: Error_code: 222202 Error_msg: pic not has face
WARNING:root: Error: Error_code: 222202 Error_msg: pic not has face
WARNING:root: Error: Error_code: 222202 Error_msg: pic not has face
WARNING:root: Error: Error_code: 222202 Error_msg: pic not has face
WARNING:root: Error: Error_code: 222202 Error_msg: pic not has face
WARNING:root: Error: Error_code: 222202 Error_msg: pic not has face
WARNING:root: Error: Error_code: 222202 Error_msg: pic not has face
WARNING:root: Error: Error_code: 222202 Error_msg: pic not has face
WARNING:root: Error: Error_code: 222202 Error_msg: pic not has face
WARNING:root: Error: Error_code: 222202 Error_msg: pic not has face
WARNING:root: Error: Error_code: 222202 Error_msg: pic not has face
WARNING:root: Error: Error_code: 222202 Error_msg: pic not has face
WARNING:root: Error: Error_code: 222202 Error_msg: pic not has face
WARNING:root: Error: Error_code: 222202 Error_msg: pic not has face
WARNING:root: Error: Error_code: 222202 Error_msg: pic not has face
WARNING:root: Error: Error_code: 222202 Error_msg: pic not has face
WARNING:root: Error: Error_code: 222202 Error_msg: pic not has face
WARNING:root: Error: Error_code: 222202 Error_msg: pic not has face
WARNING:root: Error: Error_code: 222202 Error_msg: pic not has face
WARNING:root: Error: Error_code: 222202 Error_msg: pic not has face
WARNING:root: Error: Error_code: 222202 Error_msg: pic not has face
WARNING:root: Error: Error_code: 222202 Error_msg: pic not has face
WARNING:root: Error: Error_code: 222202 Error_msg: pic not has face
WARNING:root: Error: Error_code: 222202 Error_msg: pic not has face
WARNING:root: Error: Error_code: 222202 Error_msg: pic not has face
WARNING:root: Error: Error_code: 222202 Error_msg: pic not has face
WARNING:root: Error: Error_code: 222202 Error_msg: pic not has face
WARNING:root: Error: Error_code: 222202 Error_msg: pic not has face
WARNING:root: Error: Error_code: 222202 Error_msg: pic not has face
WARNING:root: Error: Error_code: 222202 Error_msg: pic not has face
WARNING:root: Error: Error_code: 222202 Error_msg: pic not has face
WARNING:root: Error: Error_code: 222202 Error_msg: pic not has face
WARNING:root: Error: Error_code: 222202 Error_msg: pic not has face
WARNING:root: Error: Error_code: 222202 Error_msg: pic not has face
WARNING:root: Error: Error_code: 222202 Error_msg: pic not has face
WARNING:root: Error: Error_code: 222202 Error_msg: pic not has face
WARNING:root: Error: Error_code: 222202 Error_msg: pic not has face
WARNING:root: Error: Error_code: 222202 Error_msg: pic not has face
WARNING:root: Error: Error_code: 222202 Error_msg: pic not has face
WARNING:root: Error: Error_code: 222202 Error_msg: pic not has face
WARNING:root: Error: Error_code: 222202 Error_msg: pic not has face
WARNING:root: Error: Error_code: 222202 Error_msg: pic not has face
WARNING:root: Error: Error_code: 222202 Error_msg: pic not has face
WARNING:root: Error: Error_code: 222202 Error_msg: pic not has face
WARNING:root: Error: Error_code: 222202 Error_msg: pic not has face
WARNING:root: Error: Error_code: 222202 Error_msg: pic not has face
WARNING:root: Error: Error_code: 222202 Error_msg: pic not has face
WARNING:root: Error: Error_code: 222202 Error_msg: pic not has face
WARNING:root: Error: Error_code: 222202 Error_msg: pic not has face
WARNING:root: Error: Error_code: 222202 Error_msg: pic not has face
WARNING:root: Error: Error_code: 222202 Error_msg: pic not has face
WARNING:root: Error: Error_code: 222202 Error_msg: pic not has face
WARNING:root: Error: Error_code: 222202 Error_msg: pic not has face
WARNING:root: Error: Error_code: 222202 Error_msg: pic not has face
WARNING:root: Error: Error_code: 222202 Error_msg: pic not has face
WARNING:root: Error: Error_code: 222202 Error_msg: pic not has face
WARNING:root: Error: Error_code: 222202 Error_msg: pic not has face
WARNING:root: Error: Error_code: 222202 Error_msg: pic not has face
WARNING:root: Error: Error_code: 222202 Error_msg: pic not has face
WARNING:root: Error: Error_code: 222202 Error_msg: pic not has face
WARNING:root: Error: Error_code: 222202 Error_msg: pic not has face
WARNING:root: Error: Error_code: 222202 Error_msg: pic not has face
WARNING:root: Error: Error_code: 222202 Error_msg: pic not has face
WARNING:root: Error: Error_code: 222202 Error_msg: pic not has face
WARNING:root: Error: Error_code: 222202 Error_msg: pic not has face
WARNING:root: Error: Error_code: 222202 Error_msg: pic not has face
WARNING:root: Error: Error_code: 222202 Error_msg: pic not has face
WARNING:root: Error: Error_code: 222202 Error_msg: pic not has face
WARNING:root: Error: Error_code: 222202 Error_msg: pic not has face
WARNING:root: Error: Error_code: 222202 Error_msg: pic not has face
WARNING:root: Error: Error_code: 222202 Error_msg: pic not has face
WARNING:root: Error: Error_code: 222202 Error_msg: pic not has face
WARNING:root: Error: Error_code: 222202 Error_msg: pic not has face
WARNING:root: Error: Error_code: 222202 Error_msg: pic not has face
WARNING:root: Error: Error_code: 222202 Error_msg: pic not has face
WARNING:root: Error: Error_code: 222202 Error_msg: pic not has face
WARNING:root: Error: Error_code: 222202 Error_msg: pic not has face
WARNING:root: Error: Error_code: 222202 Error_msg: pic not has face
WARNING:root: Error: Error_code: 222202 Error_msg: pic not has face
WARNING:root: Error: Error_code: 222202 Error_msg: pic not has face
WARNING:root: Error: Error_code: 222202 Error_msg: pic not has face
WARNING:root: Error: Error_code: 222202 Error_msg: pic not has face
WARNING:root: Error: Error_code: 222202 Error_msg: pic not has face
WARNING:root: Error: Error_code: 222202 Error_msg: pic not has face
WARNING:root: Error: Error_code: 222202 Error_msg: pic not has face
WARNING:root: Error: Error_code: 222202 Error_msg: pic not has face
WARNING:root: Error: Error_code: 222202 Error_msg: pic not has face
WARNING:root: Error: Error_code: 222202 Error_msg: pic not has face
WARNING:root: Error: Error_code: 222202 Error_msg: pic not has face
WARNING:root: Error: Error_code: 222202 Error_msg: pic not has face
WARNING:root: Error: Error_code: 222202 Error_msg: pic not has face
WARNING:root: Error: Error_code: 222202 Error_msg: pic not has face
WARNING:root: Error: Error_code: 222202 Error_msg: pic not has face
WARNING:root: Error: Error_code: 222202 Error_msg: pic not has face
WARNING:root: Error: Error_code: 222202 Error_msg: pic not has face
WARNING:root: Error: Error_code: 222202 Error_msg: pic not has face
WARNING:root: Error: Error_code: 222202 Error_msg: pic not has face
WARNING:root: Error: Error_code: 222202 Error_msg: pic not has face
WARNING:root: Error: Error_code: 222202 Error_msg: pic not has face
WARNING:root: Error: Error_code: 222202 Error_msg: pic not has face
WARNING:root: Error: Error_code: 222202 Error_msg: pic not has face
WARNING:root: Error: Error_code: 222202 Error_msg: pic not has face
WARNING:root: Error: Error_code: 222202 Error_msg: pic not has face
WARNING:root: Error: Error_code: 222202 Error_msg: pic not has face
WARNING:root: Error: Error_code: 222202 Error_msg: pic not has face
WARNING:root: Error: Error_code: 222202 Error_msg: pic not has face
WARNING:root: Error: Error_code: 222202 Error_msg: pic not has face
WARNING:root: Error: Error_code: 222202 Error_msg: pic not has face
WARNING:root: Error: Error_code: 222202 Error_msg: pic not has face
WARNING:root: Error: Error_code: 222202 Error_msg: pic not has face
WARNING:root: Error: Error_code: 222202 Error_msg: pic not has face
WARNING:root: Error: Error_code: 222202 Error_msg: pic not has face
WARNING:root: Error: Error_code: 222202 Error_msg: pic not has face
WARNING:root: Error: Error_code: 222202 Error_msg: pic not has face
WARNING:root: Error: Error_code: 222202 Error_msg: pic not has face
WARNING:root: Error: Error_code: 222202 Error_msg: pic not has face
WARNING:root: Error: Error_code: 222202 Error_msg: pic not has face
WARNING:root: Error: Error_code: 222202 Error_msg: pic not has face
WARNING:root: Error: Error_code: 222202 Error_msg: pic not has face
WARNING:root: Error: Error_code: 222202 Error_msg: pic not has face
WARNING:root: Error: Error_code: 222202 Error_msg: pic not has face
WARNING:root: Error: Error_code: 222202 Error_msg: pic not has face
WARNING:root: Error: Error_code: 222202 Error_msg: pic not has face
WARNING:root: Error: Error_code: 222202 Error_msg: pic not has face
WARNING:root: Error: Error_code: 222202 Error_msg: pic not has face
WARNING:root: Error: Error_code: 222202 Error_msg: pic not has face
WARNING:root: Error: Error_code: 222202 Error_msg: pic not has face
WARNING:root: Error: Error_code: 222202 Error_msg: pic not has face
WARNING:root: Error: Error_code: 222202 Error_msg: pic not has face
WARNING:root: Error: Error_code: 222202 Error_msg: pic not has face
WARNING:root: Error: Error_code: 222202 Error_msg: pic not has face
WARNING:root: Error: Error_code: 222202 Error_msg: pic not has face
WARNING:root: Error: Error_code: 222202 Error_msg: pic not has face
WARNING:root: Error: Error_code: 222202 Error_msg: pic not has face
WARNING:root: Error: Error_code: 222202 Error_msg: pic not has face
WARNING:root: Error: Error_code: 222202 Error_msg: pic not has face
WARNING:root: Error: Error_code: 222202 Error_msg: pic not has face
WARNING:root: Error: Error_code: 222202 Error_msg: pic not has face
WARNING:root: Error: Error_code: 222202 Error_msg: pic not has face
WARNING:root: Error: Error_code: 222202 Error_msg: pic not has face
WARNING:root: Error: Error_code: 222202 Error_msg: pic not has face
WARNING:root: Error: Error_code: 222202 Error_msg: pic not has face
WARNING:root: Error: Error_code: 222202 Error_msg: pic not has face
WARNING:root: Error: Error_code: 222202 Error_msg: pic not has face
WARNING:root: Error: Error_code: 222202 Error_msg: pic not has face
WARNING:root: Error: Error_code: 222202 Error_msg: pic not has face
WARNING:root: Error: Error_code: 222202 Error_msg: pic not has face
WARNING:root: Error: Error_code: 222202 Error_msg: pic not has face
WARNING:root: Error: Error_code: 222202 Error_msg: pic not has face
71.2046432495
1544084581
unknown
WARNING:root: Error: Error_code: 222202 Error_msg: pic not has face
WARNING:root: Error: Error_code: 222202 Error_msg: pic not has face
WARNING:root: Error: Error_code: 222202 Error_msg: pic not has face
WARNING:root: Error: Error_code: 222202 Error_msg: pic not has face
WARNING:root: Error: Error_code: 222202 Error_msg: pic not has face
WARNING:root: Error: Error_code: 222202 Error_msg: pic not has face
WARNING:root: Error: Error_code: 222202 Error_msg: pic not has face
WARNING:root: Error: Error_code: 222202 Error_msg: pic not has face
WARNING:root: Error: Error_code: 222202 Error_msg: pic not has face
WARNING:root: Error: Error_code: 222202 Error_msg: pic not has face
WARNING:root: Error: Error_code: 222202 Error_msg: pic not has face
WARNING:root: Error: Error_code: 222202 Error_msg: pic not has face
WARNING:root: Error: Error_code: 222202 Error_msg: pic not has face
WARNING:root: Error: Error_code: 222202 Error_msg: pic not has face
WARNING:root: Error: Error_code: 222202 Error_msg: pic not has face
WARNING:root: Error: Error_code: 222202 Error_msg: pic not has face
WARNING:root: Error: Error_code: 222202 Error_msg: pic not has face
WARNING:root: Error: Error_code: 222202 Error_msg: pic not has face
WARNING:root: Error: Error_code: 222202 Error_msg: pic not has face
WARNING:root: Error: Error_code: 222202 Error_msg: pic not has face
WARNING:root: Error: Error_code: 222202 Error_msg: pic not has face
WARNING:root: Error: Error_code: 222202 Error_msg: pic not has face
WARNING:root: Error: Error_code: 222202 Error_msg: pic not has face
WARNING:root: Error: Error_code: 222202 Error_msg: pic not has face
WARNING:root: Error: Error_code: 222202 Error_msg: pic not has face
WARNING:root: Error: Error_code: 222202 Error_msg: pic not has face
WARNING:root: Error: Error_code: 222202 Error_msg: pic not has face
WARNING:root: Error: Error_code: 222202 Error_msg: pic not has face
WARNING:root: Error: Error_code: 222202 Error_msg: pic not has face
WARNING:root: Error: Error_code: 222202 Error_msg: pic not has face
WARNING:root: Error: Error_code: 222202 Error_msg: pic not has face
WARNING:root: Error: Error_code: 222202 Error_msg: pic not has face
WARNING:root: Error: Error_code: 222202 Error_msg: pic not has face
WARNING:root: Error: Error_code: 222202 Error_msg: pic not has face
WARNING:root: Error: Error_code: 222202 Error_msg: pic not has face
WARNING:root: Error: Error_code: 222202 Error_msg: pic not has face
WARNING:root: Error: Error_code: 222202 Error_msg: pic not has face
WARNING:root: Error: Error_code: 222202 Error_msg: pic not has face
WARNING:root: Error: Error_code: 222202 Error_msg: pic not has face
WARNING:root: Error: Error_code: 222202 Error_msg: pic not has face
WARNING:root: Error: Error_code: 222202 Error_msg: pic not has face
WARNING:root: Error: Error_code: 222202 Error_msg: pic not has face
WARNING:root: Error: Error_code: 222202 Error_msg: pic not has face
WARNING:root: Error: Error_code: 222202 Error_msg: pic not has face
WARNING:root: Error: Error_code: 222202 Error_msg: pic not has face
WARNING:root: Error: Error_code: 222202 Error_msg: pic not has face
WARNING:root: Error: Error_code: 222202 Error_msg: pic not has face
WARNING:root: Error: Error_code: 222202 Error_msg: pic not has face
WARNING:root: Error: Error_code: 222202 Error_msg: pic not has face
WARNING:root: Error: Error_code: 222202 Error_msg: pic not has face
WARNING:root: Error: Error_code: 222202 Error_msg: pic not has face
WARNING:root: Error: Error_code: 222202 Error_msg: pic not has face
WARNING:root: Error: Error_code: 222202 Error_msg: pic not has face
WARNING:root: Error: Error_code: 222202 Error_msg: pic not has face
WARNING:root: Error: Error_code: 222202 Error_msg: pic not has face
WARNING:root: Error: Error_code: 222202 Error_msg: pic not has face
WARNING:root: Error: Error_code: 222202 Error_msg: pic not has face
WARNING:root: Error: Error_code: 222202 Error_msg: pic not has face
WARNING:root: Error: Error_code: 222202 Error_msg: pic not has face
WARNING:root: Error: Error_code: 222202 Error_msg: pic not has face
WARNING:root: Error: Error_code: 222202 Error_msg: pic not has face
WARNING:root: Error: Error_code: 222202 Error_msg: pic not has face
WARNING:root: Error: Error_code: 222202 Error_msg: pic not has face
WARNING:root: Error: Error_code: 222202 Error_msg: pic not has face
WARNING:root: Error: Error_code: 222202 Error_msg: pic not has face
WARNING:root: Error: Error_code: 222202 Error_msg: pic not has face
WARNING:root: Error: Error_code: 222202 Error_msg: pic not has face
WARNING:root: Error: Error_code: 222202 Error_msg: pic not has face
WARNING:root: Error: Error_code: 222202 Error_msg: pic not has face
WARNING:root: Error: Error_code: 222202 Error_msg: pic not has face
WARNING:root: Error: Error_code: 222202 Error_msg: pic not has face
WARNING:root: Error: Error_code: 222202 Error_msg: pic not has face
WARNING:root: Error: Error_code: 222202 Error_msg: pic not has face
WARNING:root: Error: Error_code: 222202 Error_msg: pic not has face
WARNING:root: Error: Error_code: 222202 Error_msg: pic not has face
WARNING:root: Error: Error_code: 222202 Error_msg: pic not has face
WARNING:root: Error: Error_code: 222202 Error_msg: pic not has face
WARNING:root: Error: Error_code: 222202 Error_msg: pic not has face
WARNING:root: Error: Error_code: 222202 Error_msg: pic not has face
WARNING:root: Error: Error_code: 222202 Error_msg: pic not has face
WARNING:root: Error: Error_code: 222202 Error_msg: pic not has face
WARNING:root: Error: Error_code: 222202 Error_msg: pic not has face
WARNING:root: Error: Error_code: 222202 Error_msg: pic not has face
WARNING:root: Error: Error_code: 222202 Error_msg: pic not has face
WARNING:root: Error: Error_code: 222202 Error_msg: pic not has face
WARNING:root: Error: Error_code: 222202 Error_msg: pic not has face
WARNING:root: Error: Error_code: 222202 Error_msg: pic not has face
WARNING:root: Error: Error_code: 222202 Error_msg: pic not has face
WARNING:root: Error: Error_code: 222202 Error_msg: pic not has face
WARNING:root: Error: Error_code: 222202 Error_msg: pic not has face
WARNING:root: Error: Error_code: 222202 Error_msg: pic not has face
WARNING:root: Error: Error_code: 222202 Error_msg: pic not has face
WARNING:root: Error: Error_code: 222202 Error_msg: pic not has face
WARNING:root: Error: Error_code: 222202 Error_msg: pic not has face
WARNING:root: Error: Error_code: 222202 Error_msg: pic not has face
WARNING:root: Error: Error_code: 222202 Error_msg: pic not has face
WARNING:root: Error: Error_code: 222202 Error_msg: pic not has face
WARNING:root: Error: Error_code: 222202 Error_msg: pic not has face
WARNING:root: Error: Error_code: 222202 Error_msg: pic not has face
WARNING:root: Error: Error_code: 222202 Error_msg: pic not has face
WARNING:root: Error: Error_code: 222202 Error_msg: pic not has face
WARNING:root: Error: Error_code: 222202 Error_msg: pic not has face
WARNING:root: Error: Error_code: 222202 Error_msg: pic not has face
WARNING:root: Error: Error_code: 222202 Error_msg: pic not has face
WARNING:root: Error: Error_code: 222202 Error_msg: pic not has face
WARNING:root: Error: Error_code: 222202 Error_msg: pic not has face
WARNING:root: Error: Error_code: 222202 Error_msg: pic not has face
WARNING:root: Error: Error_code: 222202 Error_msg: pic not has face
WARNING:root: Error: Error_code: 222202 Error_msg: pic not has face
WARNING:root: Error: Error_code: 222202 Error_msg: pic not has face
WARNING:root: Error: Error_code: 222202 Error_msg: pic not has face
WARNING:root: Error: Error_code: 222202 Error_msg: pic not has face
WARNING:root: Error: Error_code: 222202 Error_msg: pic not has face
WARNING:root: Error: Error_code: 222202 Error_msg: pic not has face
WARNING:root: Error: Error_code: 222202 Error_msg: pic not has face
WARNING:root: Error: Error_code: 222202 Error_msg: pic not has face
WARNING:root: Error: Error_code: 222202 Error_msg: pic not has face
WARNING:root: Error: Error_code: 222202 Error_msg: pic not has face
WARNING:root: Error: Error_code: 222202 Error_msg: pic not has face
WARNING:root: Error: Error_code: 222202 Error_msg: pic not has face
WARNING:root: Error: Error_code: 222202 Error_msg: pic not has face
WARNING:root: Error: Error_code: 222202 Error_msg: pic not has face
WARNING:root: Error: Error_code: 222202 Error_msg: pic not has face
WARNING:root: Error: Error_code: 222202 Error_msg: pic not has face
WARNING:root: Error: Error_code: 222202 Error_msg: pic not has face
WARNING:root: Error: Error_code: 222202 Error_msg: pic not has face
WARNING:root: Error: Error_code: 222202 Error_msg: pic not has face
WARNING:root: Error: Error_code: 222202 Error_msg: pic not has face
WARNING:root: Error: Error_code: 222202 Error_msg: pic not has face
WARNING:root: Error: Error_code: 222202 Error_msg: pic not has face
WARNING:root: Error: Error_code: 222202 Error_msg: pic not has face
WARNING:root: Error: Error_code: 222202 Error_msg: pic not has face
WARNING:root: Error: Error_code: 222202 Error_msg: pic not has face
WARNING:root: Error: Error_code: 222202 Error_msg: pic not has face
WARNING:root: Error: Error_code: 222202 Error_msg: pic not has face
WARNING:root: Error: Error_code: 222202 Error_msg: pic not has face
WARNING:root: Error: Error_code: 222202 Error_msg: pic not has face
WARNING:root: Error: Error_code: 222202 Error_msg: pic not has face
WARNING:root: Error: Error_code: 222202 Error_msg: pic not has face
WARNING:root: Error: Error_code: 222202 Error_msg: pic not has face
WARNING:root: Error: Error_code: 222202 Error_msg: pic not has face
WARNING:root: Error: Error_code: 222202 Error_msg: pic not has face
WARNING:root: Error: Error_code: 222202 Error_msg: pic not has face
WARNING:root: Error: Error_code: 222202 Error_msg: pic not has face
WARNING:root: Error: Error_code: 222202 Error_msg: pic not has face
WARNING:root: Error: Error_code: 222202 Error_msg: pic not has face
WARNING:root: Error: Error_code: 222202 Error_msg: pic not has face
WARNING:root: Error: Error_code: 222202 Error_msg: pic not has face
WARNING:root: Error: Error_code: 222202 Error_msg: pic not has face
WARNING:root: Error: Error_code: 222202 Error_msg: pic not has face
WARNING:root: Error: Error_code: 222202 Error_msg: pic not has face
WARNING:root: Error: Error_code: 222202 Error_msg: pic not has face
WARNING:root: Error: Error_code: 222202 Error_msg: pic not has face
WARNING:root: Error: Error_code: 222202 Error_msg: pic not has face
WARNING:root: Error: Error_code: 222202 Error_msg: pic not has face
WARNING:root: Error: Error_code: 222202 Error_msg: pic not has face
WARNING:root: Error: Error_code: 222202 Error_msg: pic not has face
WARNING:root: Error: Error_code: 222202 Error_msg: pic not has face
WARNING:root: Error: Error_code: 222202 Error_msg: pic not has face
WARNING:root: Error: Error_code: 222202 Error_msg: pic not has face
WARNING:root: Error: Error_code: 222202 Error_msg: pic not has face
WARNING:root: Error: Error_code: 222202 Error_msg: pic not has face
WARNING:root: Error: Error_code: 222202 Error_msg: pic not has face
WARNING:root: Error: Error_code: 222202 Error_msg: pic not has face
WARNING:root: Error: Error_code: 222202 Error_msg: pic not has face
WARNING:root: Error: Error_code: 222202 Error_msg: pic not has face
WARNING:root: Error: Error_code: 222202 Error_msg: pic not has face
WARNING:root: Error: Error_code: 222202 Error_msg: pic not has face
WARNING:root: Error: Error_code: 222202 Error_msg: pic not has face
WARNING:root: Error: Error_code: 222202 Error_msg: pic not has face
WARNING:root: Error: Error_code: 222202 Error_msg: pic not has face
WARNING:root: Error: Error_code: 222202 Error_msg: pic not has face
WARNING:root: Error: Error_code: 222202 Error_msg: pic not has face
WARNING:root: Error: Error_code: 222202 Error_msg: pic not has face
WARNING:root: Error: Error_code: 222202 Error_msg: pic not has face
WARNING:root: Error: Error_code: 222202 Error_msg: pic not has face
WARNING:root: Error: Error_code: 222202 Error_msg: pic not has face
WARNING:root: Error: Error_code: 222202 Error_msg: pic not has face
WARNING:root: Error: Error_code: 222202 Error_msg: pic not has face
WARNING:root: Error: Error_code: 222202 Error_msg: pic not has face
WARNING:root: Error: Error_code: 222202 Error_msg: pic not has face
WARNING:root: Error: Error_code: 222202 Error_msg: pic not has face
WARNING:root: Error: Error_code: 222202 Error_msg: pic not has face
WARNING:root: Error: Error_code: 222202 Error_msg: pic not has face
WARNING:root: Error: Error_code: 222202 Error_msg: pic not has face
WARNING:root: Error: Error_code: 222202 Error_msg: pic not has face
WARNING:root: Error: Error_code: 222202 Error_msg: pic not has face
WARNING:root: Error: Error_code: 222202 Error_msg: pic not has face
WARNING:root: Error: Error_code: 222202 Error_msg: pic not has face
WARNING:root: Error: Error_code: 222202 Error_msg: pic not has face
WARNING:root: Error: Error_code: 222202 Error_msg: pic not has face
WARNING:root: Error: Error_code: 222202 Error_msg: pic not has face
WARNING:root: Error: Error_code: 222202 Error_msg: pic not has face
WARNING:root: Error: Error_code: 222202 Error_msg: pic not has face
WARNING:root: Error: Error_code: 222202 Error_msg: pic not has face
WARNING:root: Error: Error_code: 222202 Error_msg: pic not has face
WARNING:root: Error: Error_code: 222202 Error_msg: pic not has face
WARNING:root: Error: Error_code: 222202 Error_msg: pic not has face
WARNING:root: Error: Error_code: 222202 Error_msg: pic not has face
WARNING:root: Error: Error_code: 222202 Error_msg: pic not has face
WARNING:root: Error: Error_code: 222202 Error_msg: pic not has face
WARNING:root: Error: Error_code: 222202 Error_msg: pic not has face
WARNING:root: Error: Error_code: 222202 Error_msg: pic not has face
WARNING:root: Error: Error_code: 222202 Error_msg: pic not has face
WARNING:root: Error: Error_code: 222202 Error_msg: pic not has face
WARNING:root: Error: Error_code: 222202 Error_msg: pic not has face
WARNING:root: Error: Error_code: 222202 Error_msg: pic not has face
WARNING:root: Error: Error_code: 222202 Error_msg: pic not has face
WARNING:root: Error: Error_code: 222202 Error_msg: pic not has face
WARNING:root: Error: Error_code: 222202 Error_msg: pic not has face
WARNING:root: Error: Error_code: 222202 Error_msg: pic not has face
WARNING:root: Error: Error_code: 222202 Error_msg: pic not has face
WARNING:root: Error: Error_code: 222202 Error_msg: pic not has face
WARNING:root: Error: Error_code: 222202 Error_msg: pic not has face
WARNING:root: Error: Error_code: 222202 Error_msg: pic not has face
WARNING:root: Error: Error_code: 222202 Error_msg: pic not has face
WARNING:root: Error: Error_code: 222202 Error_msg: pic not has face
WARNING:root: Error: Error_code: 222202 Error_msg: pic not has face
WARNING:root: Error: Error_code: 222202 Error_msg: pic not has face
WARNING:root: Error: Error_code: 222202 Error_msg: pic not has face
WARNING:root: Error: Error_code: 222202 Error_msg: pic not has face
WARNING:root: Error: Error_code: 222202 Error_msg: pic not has face
WARNING:root: Error: Error_code: 222202 Error_msg: pic not has face
WARNING:root: Error: Error_code: 222202 Error_msg: pic not has face
WARNING:root: Error: Error_code: 222202 Error_msg: pic not has face
WARNING:root: Error: Error_code: 222202 Error_msg: pic not has face
WARNING:root: Error: Error_code: 222202 Error_msg: pic not has face
WARNING:root: Error: Error_code: 222202 Error_msg: pic not has face
WARNING:root: Error: Error_code: 222202 Error_msg: pic not has face
WARNING:root: Error: Error_code: 222202 Error_msg: pic not has face
WARNING:root: Error: Error_code: 222202 Error_msg: pic not has face
WARNING:root: Error: Error_code: 222202 Error_msg: pic not has face
WARNING:root: Error: Error_code: 222202 Error_msg: pic not has face
WARNING:root: Error: Error_code: 222202 Error_msg: pic not has face
WARNING:root: Error: Error_code: 222202 Error_msg: pic not has face
WARNING:root: Error: Error_code: 222202 Error_msg: pic not has face
WARNING:root: Error: Error_code: 222202 Error_msg: pic not has face
WARNING:root: Error: Error_code: 222202 Error_msg: pic not has face
WARNING:root: Error: Error_code: 222202 Error_msg: pic not has face
WARNING:root: Error: Error_code: 222202 Error_msg: pic not has face
WARNING:root: Error: Error_code: 222202 Error_msg: pic not has face
WARNING:root: Error: Error_code: 222202 Error_msg: pic not has face
WARNING:root: Error: Error_code: 222202 Error_msg: pic not has face
WARNING:root: Error: Error_code: 222202 Error_msg: pic not has face
WARNING:root: Error: Error_code: 222202 Error_msg: pic not has face
WARNING:root: Error: Error_code: 222202 Error_msg: pic not has face
WARNING:root: Error: Error_code: 222202 Error_msg: pic not has face
WARNING:root: Error: Error_code: 222202 Error_msg: pic not has face
WARNING:root: Error: Error_code: 222202 Error_msg: pic not has face
WARNING:root: Error: Error_code: 222202 Error_msg: pic not has face
WARNING:root: Error: Error_code: 222202 Error_msg: pic not has face
WARNING:root: Error: Error_code: 222202 Error_msg: pic not has face
WARNING:root: Error: Error_code: 222202 Error_msg: pic not has face
WARNING:root: Error: Error_code: 222202 Error_msg: pic not has face
WARNING:root: Error: Error_code: 222202 Error_msg: pic not has face
WARNING:root: Error: Error_code: 222202 Error_msg: pic not has face
WARNING:root: Error: Error_code: 222202 Error_msg: pic not has face
WARNING:root: Error: Error_code: 222202 Error_msg: pic not has face
WARNING:root: Error: Error_code: 222202 Error_msg: pic not has face
WARNING:root: Error: Error_code: 222202 Error_msg: pic not has face
WARNING:root: Error: Error_code: 222202 Error_msg: pic not has face
WARNING:root: Error: Error_code: 222202 Error_msg: pic not has face
WARNING:root: Error: Error_code: 222202 Error_msg: pic not has face
WARNING:root: Error: Error_code: 222202 Error_msg: pic not has face
WARNING:root: Error: Error_code: 222202 Error_msg: pic not has face
WARNING:root: Error: Error_code: 222202 Error_msg: pic not has face
WARNING:root: Error: Error_code: 222202 Error_msg: pic not has face
WARNING:root: Error: Error_code: 222202 Error_msg: pic not has face
WARNING:root: Error: Error_code: 222202 Error_msg: pic not has face
WARNING:root: Error: Error_code: 222202 Error_msg: pic not has face
WARNING:root: Error: Error_code: 222202 Error_msg: pic not has face
WARNING:root: Error: Error_code: 222202 Error_msg: pic not has face
WARNING:root: Error: Error_code: 222202 Error_msg: pic not has face
WARNING:root: Error: Error_code: 222202 Error_msg: pic not has face
WARNING:root: Error: Error_code: 222202 Error_msg: pic not has face
WARNING:root: Error: Error_code: 222202 Error_msg: pic not has face
WARNING:root: Error: Error_code: 222202 Error_msg: pic not has face
WARNING:root: Error: Error_code: 222202 Error_msg: pic not has face
WARNING:root: Error: Error_code: 222202 Error_msg: pic not has face
WARNING:root: Error: Error_code: 222202 Error_msg: pic not has face
WARNING:root: Error: Error_code: 222202 Error_msg: pic not has face
WARNING:root: Error: Error_code: 222202 Error_msg: pic not has face
WARNING:root: Error: Error_code: 222202 Error_msg: pic not has face
WARNING:root: Error: Error_code: 222202 Error_msg: pic not has face
WARNING:root: Error: Error_code: 222202 Error_msg: pic not has face
WARNING:root: Error: Error_code: 222202 Error_msg: pic not has face
WARNING:root: Error: Error_code: 222202 Error_msg: pic not has face
WARNING:root: Error: Error_code: 222202 Error_msg: pic not has face
WARNING:root: Error: Error_code: 222202 Error_msg: pic not has face
WARNING:root: Error: Error_code: 222202 Error_msg: pic not has face
WARNING:root: Error: Error_code: 222202 Error_msg: pic not has face
WARNING:root: Error: Error_code: 222202 Error_msg: pic not has face
WARNING:root: Error: Error_code: 222202 Error_msg: pic not has face
WARNING:root: Error: Error_code: 222202 Error_msg: pic not has face
WARNING:root: Error: Error_code: 222202 Error_msg: pic not has face
WARNING:root: Error: Error_code: 222202 Error_msg: pic not has face
WARNING:root: Error: Error_code: 222202 Error_msg: pic not has face
WARNING:root: Error: Error_code: 222202 Error_msg: pic not has face
WARNING:root: Error: Error_code: 222202 Error_msg: pic not has face
WARNING:root: Error: Error_code: 222202 Error_msg: pic not has face
WARNING:root: Error: Error_code: 222202 Error_msg: pic not has face
WARNING:root: Error: Error_code: 222202 Error_msg: pic not has face
WARNING:root: Error: Error_code: 222202 Error_msg: pic not has face
WARNING:root: Error: Error_code: 222202 Error_msg: pic not has face
WARNING:root: Error: Error_code: 222202 Error_msg: pic not has face
WARNING:root: Error: Error_code: 222202 Error_msg: pic not has face
WARNING:root: Error: Error_code: 222202 Error_msg: pic not has face
WARNING:root: Error: Error_code: 222202 Error_msg: pic not has face
WARNING:root: Error: Error_code: 222202 Error_msg: pic not has face
WARNING:root: Error: Error_code: 222202 Error_msg: pic not has face
WARNING:root: Error: Error_code: 222202 Error_msg: pic not has face
WARNING:root: Error: Error_code: 222202 Error_msg: pic not has face
WARNING:root: Error: Error_code: 222202 Error_msg: pic not has face
WARNING:root: Error: Error_code: 222202 Error_msg: pic not has face
WARNING:root: Error: Error_code: 222202 Error_msg: pic not has face
WARNING:root: Error: Error_code: 222202 Error_msg: pic not has face
WARNING:root: Error: Error_code: 222202 Error_msg: pic not has face
WARNING:root: Error: Error_code: 222202 Error_msg: pic not has face
WARNING:root: Error: Error_code: 222202 Error_msg: pic not has face
WARNING:root: Error: Error_code: 222202 Error_msg: pic not has face
WARNING:root: Error: Error_code: 222202 Error_msg: pic not has face
WARNING:root: Error: Error_code: 222202 Error_msg: pic not has face
WARNING:root: Error: Error_code: 222202 Error_msg: pic not has face
WARNING:root: Error: Error_code: 222202 Error_msg: pic not has face
WARNING:root: Error: Error_code: 222202 Error_msg: pic not has face
WARNING:root: Error: Error_code: 222202 Error_msg: pic not has face
WARNING:root: Error: Error_code: 222202 Error_msg: pic not has face
WARNING:root: Error: Error_code: 222202 Error_msg: pic not has face
WARNING:root: Error: Error_code: 222202 Error_msg: pic not has face
WARNING:root: Error: Error_code: 222202 Error_msg: pic not has face
WARNING:root: Error: Error_code: 222202 Error_msg: pic not has face
WARNING:root: Error: Error_code: 222202 Error_msg: pic not has face
WARNING:root: Error: Error_code: 222202 Error_msg: pic not has face
WARNING:root: Error: Error_code: 222202 Error_msg: pic not has face
WARNING:root: Error: Error_code: 222202 Error_msg: pic not has face
WARNING:root: Error: Error_code: 222202 Error_msg: pic not has face
WARNING:root: Error: Error_code: 222202 Error_msg: pic not has face
WARNING:root: Error: Error_code: 222202 Error_msg: pic not has face
WARNING:root: Error: Error_code: 222202 Error_msg: pic not has face
WARNING:root: Error: Error_code: 222202 Error_msg: pic not has face
WARNING:root: Error: Error_code: 222202 Error_msg: pic not has face
WARNING:root: Error: Error_code: 222202 Error_msg: pic not has face
WARNING:root: Error: Error_code: 222202 Error_msg: pic not has face
WARNING:root: Error: Error_code: 222202 Error_msg: pic not has face
WARNING:root: Error: Error_code: 222202 Error_msg: pic not has face
WARNING:root: Error: Error_code: 222202 Error_msg: pic not has face
WARNING:root: Error: Error_code: 222202 Error_msg: pic not has face
WARNING:root: Error: Error_code: 222202 Error_msg: pic not has face
WARNING:root: Error: Error_code: 222202 Error_msg: pic not has face
WARNING:root: Error: Error_code: 222202 Error_msg: pic not has face
WARNING:root: Error: Error_code: 222202 Error_msg: pic not has face
WARNING:root: Error: Error_code: 222202 Error_msg: pic not has face
WARNING:root: Error: Error_code: 222202 Error_msg: pic not has face
WARNING:root: Error: Error_code: 222202 Error_msg: pic not has face
WARNING:root: Error: Error_code: 222202 Error_msg: pic not has face
WARNING:root: Error: Error_code: 222202 Error_msg: pic not has face
WARNING:root: Error: Error_code: 222202 Error_msg: pic not has face
WARNING:root: Error: Error_code: 222202 Error_msg: pic not has face
WARNING:root: Error: Error_code: 222202 Error_msg: pic not has face
WARNING:root: Error: Error_code: 222202 Error_msg: pic not has face
WARNING:root: Error: Error_code: 222202 Error_msg: pic not has face
WARNING:root: Error: Error_code: 222202 Error_msg: pic not has face
WARNING:root: Error: Error_code: 222202 Error_msg: pic not has face
WARNING:root: Error: Error_code: 222202 Error_msg: pic not has face
WARNING:root: Error: Error_code: 222202 Error_msg: pic not has face
WARNING:root: Error: Error_code: 222202 Error_msg: pic not has face
WARNING:root: Error: Error_code: 222202 Error_msg: pic not has face
WARNING:root: Error: Error_code: 222202 Error_msg: pic not has face
WARNING:root: Error: Error_code: 222202 Error_msg: pic not has face
WARNING:root: Error: Error_code: 222202 Error_msg: pic not has face
WARNING:root: Error: Error_code: 222202 Error_msg: pic not has face
WARNING:root: Error: Error_code: 222202 Error_msg: pic not has face
WARNING:root: Error: Error_code: 222202 Error_msg: pic not has face
WARNING:root: Error: Error_code: 222202 Error_msg: pic not has face
WARNING:root: Error: Error_code: 222202 Error_msg: pic not has face
WARNING:root: Error: Error_code: 222202 Error_msg: pic not has face
WARNING:root: Error: Error_code: 222202 Error_msg: pic not has face
WARNING:root: Error: Error_code: 222202 Error_msg: pic not has face
WARNING:root: Error: Error_code: 222202 Error_msg: pic not has face
WARNING:root: Error: Error_code: 222202 Error_msg: pic not has face
WARNING:root: Error: Error_code: 222202 Error_msg: pic not has face
WARNING:root: Error: Error_code: 222202 Error_msg: pic not has face
WARNING:root: Error: Error_code: 222202 Error_msg: pic not has face
WARNING:root: Error: Error_code: 222202 Error_msg: pic not has face
WARNING:root: Error: Error_code: 222202 Error_msg: pic not has face
WARNING:root: Error: Error_code: 222202 Error_msg: pic not has face
WARNING:root: Error: Error_code: 222202 Error_msg: pic not has face
WARNING:root: Error: Error_code: 222202 Error_msg: pic not has face
WARNING:root: Error: Error_code: 222202 Error_msg: pic not has face
WARNING:root: Error: Error_code: 222202 Error_msg: pic not has face
WARNING:root: Error: Error_code: 222202 Error_msg: pic not has face
WARNING:root: Error: Error_code: 222202 Error_msg: pic not has face
WARNING:root: Error: Error_code: 222202 Error_msg: pic not has face
WARNING:root: Error: Error_code: 222202 Error_msg: pic not has face
WARNING:root: Error: Error_code: 222202 Error_msg: pic not has face
WARNING:root: Error: Error_code: 222202 Error_msg: pic not has face
WARNING:root: Error: Error_code: 222202 Error_msg: pic not has face
WARNING:root: Error: Error_code: 222202 Error_msg: pic not has face
WARNING:root: Error: Error_code: 222202 Error_msg: pic not has face
WARNING:root: Error: Error_code: 222202 Error_msg: pic not has face
WARNING:root: Error: Error_code: 222202 Error_msg: pic not has face
WARNING:root: Error: Error_code: 222202 Error_msg: pic not has face
WARNING:root: Error: Error_code: 222202 Error_msg: pic not has face
WARNING:root: Error: Error_code: 222202 Error_msg: pic not has face
WARNING:root: Error: Error_code: 222202 Error_msg: pic not has face
WARNING:root: Error: Error_code: 222202 Error_msg: pic not has face
WARNING:root: Error: Error_code: 222202 Error_msg: pic not has face
WARNING:root: Error: Error_code: 222202 Error_msg: pic not has face
WARNING:root: Error: Error_code: 222202 Error_msg: pic not has face
WARNING:root: Error: Error_code: 222202 Error_msg: pic not has face
WARNING:root: Error: Error_code: 222202 Error_msg: pic not has face
WARNING:root: Error: Error_code: 222202 Error_msg: pic not has face
WARNING:root: Error: Error_code: 222202 Error_msg: pic not has face
WARNING:root: Error: Error_code: 222202 Error_msg: pic not has face
WARNING:root: Error: Error_code: 222202 Error_msg: pic not has face
WARNING:root: Error: Error_code: 222202 Error_msg: pic not has face
WARNING:root: Error: Error_code: 222202 Error_msg: pic not has face
WARNING:root: Error: Error_code: 222202 Error_msg: pic not has face
WARNING:root: Error: Error_code: 222202 Error_msg: pic not has face
WARNING:root: Error: Error_code: 222202 Error_msg: pic not has face
WARNING:root: Error: Error_code: 222202 Error_msg: pic not has face
WARNING:root: Error: Error_code: 222202 Error_msg: pic not has face
WARNING:root: Error: Error_code: 222202 Error_msg: pic not has face
WARNING:root: Error: Error_code: 222202 Error_msg: pic not has face
WARNING:root: Error: Error_code: 222202 Error_msg: pic not has face
WARNING:root: Error: Error_code: 222202 Error_msg: pic not has face
WARNING:root: Error: Error_code: 222202 Error_msg: pic not has face
WARNING:root: Error: Error_code: 222202 Error_msg: pic not has face
WARNING:root: Error: Error_code: 222202 Error_msg: pic not has face
WARNING:root: Error: Error_code: 222202 Error_msg: pic not has face
WARNING:root: Error: Error_code: 222202 Error_msg: pic not has face
WARNING:root: Error: Error_code: 222202 Error_msg: pic not has face
WARNING:root: Error: Error_code: 222202 Error_msg: pic not has face
WARNING:root: Error: Error_code: 222202 Error_msg: pic not has face
WARNING:root: Error: Error_code: 222202 Error_msg: pic not has face
WARNING:root: Error: Error_code: 222202 Error_msg: pic not has face
WARNING:root: Error: Error_code: 222202 Error_msg: pic not has face
WARNING:root: Error: Error_code: 222202 Error_msg: pic not has face
WARNING:root: Error: Error_code: 222202 Error_msg: pic not has face
WARNING:root: Error: Error_code: 222202 Error_msg: pic not has face
WARNING:root: Error: Error_code: 222202 Error_msg: pic not has face
WARNING:root: Error: Error_code: 222202 Error_msg: pic not has face
WARNING:root: Error: Error_code: 222202 Error_msg: pic not has face
WARNING:root: Error: Error_code: 222202 Error_msg: pic not has face
WARNING:root: Error: Error_code: 222202 Error_msg: pic not has face
WARNING:root: Error: Error_code: 222202 Error_msg: pic not has face
WARNING:root: Error: Error_code: 222202 Error_msg: pic not has face
WARNING:root: Error: Error_code: 222202 Error_msg: pic not has face
WARNING:root: Error: Error_code: 222202 Error_msg: pic not has face
WARNING:root: Error: Error_code: 222202 Error_msg: pic not has face
WARNING:root: Error: Error_code: 222202 Error_msg: pic not has face
WARNING:root: Error: Error_code: 222202 Error_msg: pic not has face
WARNING:root: Error: Error_code: 222202 Error_msg: pic not has face
WARNING:root: Error: Error_code: 222202 Error_msg: pic not has face
WARNING:root: Error: Error_code: 222202 Error_msg: pic not has face
WARNING:root: Error: Error_code: 222202 Error_msg: pic not has face
WARNING:root: Error: Error_code: 222202 Error_msg: pic not has face
WARNING:root: Error: Error_code: 222202 Error_msg: pic not has face
WARNING:root: Error: Error_code: 222202 Error_msg: pic not has face
WARNING:root: Error: Error_code: 222202 Error_msg: pic not has face
WARNING:root: Error: Error_code: 222202 Error_msg: pic not has face
WARNING:root: Error: Error_code: 222202 Error_msg: pic not has face
WARNING:root: Error: Error_code: 222202 Error_msg: pic not has face
WARNING:root: Error: Error_code: 222202 Error_msg: pic not has face
WARNING:root: Error: Error_code: 222202 Error_msg: pic not has face
WARNING:root: Error: Error_code: 222202 Error_msg: pic not has face
WARNING:root: Error: Error_code: 222202 Error_msg: pic not has face
WARNING:root: Error: Error_code: 222202 Error_msg: pic not has face
WARNING:root: Error: Error_code: 222202 Error_msg: pic not has face
WARNING:root: Error: Error_code: 222202 Error_msg: pic not has face
WARNING:root: Error: Error_code: 222202 Error_msg: pic not has face
WARNING:root: Error: Error_code: 222202 Error_msg: pic not has face
WARNING:root: Error: Error_code: 222202 Error_msg: pic not has face
WARNING:root: Error: Error_code: 222202 Error_msg: pic not has face
WARNING:root: Error: Error_code: 222202 Error_msg: pic not has face
WARNING:root: Error: Error_code: 222202 Error_msg: pic not has face
WARNING:root: Error: Error_code: 222202 Error_msg: pic not has face
WARNING:root: Error: Error_code: 222202 Error_msg: pic not has face
WARNING:root: Error: Error_code: 222202 Error_msg: pic not has face
WARNING:root: Error: Error_code: 222202 Error_msg: pic not has face
WARNING:root: Error: Error_code: 222202 Error_msg: pic not has face
WARNING:root: Error: Error_code: 222202 Error_msg: pic not has face
WARNING:root: Error: Error_code: 222202 Error_msg: pic not has face
WARNING:root: Error: Error_code: 222202 Error_msg: pic not has face
WARNING:root: Error: Error_code: 222202 Error_msg: pic not has face
WARNING:root: Error: Error_code: 222202 Error_msg: pic not has face
WARNING:root: Error: Error_code: 222202 Error_msg: pic not has face
WARNING:root: Error: Error_code: 222202 Error_msg: pic not has face
WARNING:root: Error: Error_code: 222202 Error_msg: pic not has face
WARNING:root: Error: Error_code: 222202 Error_msg: pic not has face
WARNING:root: Error: Error_code: 222202 Error_msg: pic not has face
WARNING:root: Error: Error_code: 222202 Error_msg: pic not has face
WARNING:root: Error: Error_code: 222202 Error_msg: pic not has face
WARNING:root: Error: Error_code: 222202 Error_msg: pic not has face
WARNING:root: Error: Error_code: 222202 Error_msg: pic not has face
WARNING:root: Error: Error_code: 222202 Error_msg: pic not has face
WARNING:root: Error: Error_code: 222202 Error_msg: pic not has face
WARNING:root: Error: Error_code: 222202 Error_msg: pic not has face
WARNING:root: Error: Error_code: 222202 Error_msg: pic not has face
WARNING:root: Error: Error_code: 222202 Error_msg: pic not has face
WARNING:root: Error: Error_code: 222202 Error_msg: pic not has face
WARNING:root: Error: Error_code: 222202 Error_msg: pic not has face
WARNING:root: Error: Error_code: 222202 Error_msg: pic not has face
WARNING:root: Error: Error_code: 222202 Error_msg: pic not has face
WARNING:root: Error: Error_code: 222202 Error_msg: pic not has face
WARNING:root: Error: Error_code: 222202 Error_msg: pic not has face
WARNING:root: Error: Error_code: 222202 Error_msg: pic not has face
WARNING:root: Error: Error_code: 222202 Error_msg: pic not has face
WARNING:root: Error: Error_code: 222202 Error_msg: pic not has face
WARNING:root: Error: Error_code: 222202 Error_msg: pic not has face
WARNING:root: Error: Error_code: 222202 Error_msg: pic not has face
WARNING:root: Error: Error_code: 222202 Error_msg: pic not has face
WARNING:root: Error: Error_code: 222202 Error_msg: pic not has face
WARNING:root: Error: Error_code: 222202 Error_msg: pic not has face
WARNING:root: Error: Error_code: 222202 Error_msg: pic not has face
WARNING:root: Error: Error_code: 222202 Error_msg: pic not has face
WARNING:root: Error: Error_code: 222202 Error_msg: pic not has face
WARNING:root: Error: Error_code: 222202 Error_msg: pic not has face
WARNING:root: Error: Error_code: 222202 Error_msg: pic not has face
WARNING:root: Error: Error_code: 222202 Error_msg: pic not has face
WARNING:root: Error: Error_code: 222202 Error_msg: pic not has face
WARNING:root: Error: Error_code: 222202 Error_msg: pic not has face
WARNING:root: Error: Error_code: 222202 Error_msg: pic not has face
WARNING:root: Error: Error_code: 222202 Error_msg: pic not has face
WARNING:root: Error: Error_code: 222202 Error_msg: pic not has face
WARNING:root: Error: Error_code: 222202 Error_msg: pic not has face
WARNING:root: Error: Error_code: 222202 Error_msg: pic not has face
WARNING:root: Error: Error_code: 222202 Error_msg: pic not has face
WARNING:root: Error: Error_code: 222202 Error_msg: pic not has face
WARNING:root: Error: Error_code: 222202 Error_msg: pic not has face
WARNING:root: Error: Error_code: 222202 Error_msg: pic not has face
WARNING:root: Error: Error_code: 222202 Error_msg: pic not has face
WARNING:root: Error: Error_code: 222202 Error_msg: pic not has face
WARNING:root: Error: Error_code: 222202 Error_msg: pic not has face
WARNING:root: Error: Error_code: 222202 Error_msg: pic not has face
WARNING:root: Error: Error_code: 222202 Error_msg: pic not has face
WARNING:root: Error: Error_code: 222202 Error_msg: pic not has face
WARNING:root: Error: Error_code: 222202 Error_msg: pic not has face
WARNING:root: Error: Error_code: 222202 Error_msg: pic not has face
WARNING:root: Error: Error_code: 222202 Error_msg: pic not has face
WARNING:root: Error: Error_code: 222202 Error_msg: pic not has face
WARNING:root: Error: Error_code: 222202 Error_msg: pic not has face
WARNING:root: Error: Error_code: 222202 Error_msg: pic not has face
WARNING:root: Error: Error_code: 222202 Error_msg: pic not has face
WARNING:root: Error: Error_code: 222202 Error_msg: pic not has face
WARNING:root: Error: Error_code: 222202 Error_msg: pic not has face
WARNING:root: Error: Error_code: 222202 Error_msg: pic not has face
WARNING:root: Error: Error_code: 222202 Error_msg: pic not has face
WARNING:root: Error: Error_code: 222202 Error_msg: pic not has face
WARNING:root: Error: Error_code: 222202 Error_msg: pic not has face
WARNING:root: Error: Error_code: 222202 Error_msg: pic not has face
WARNING:root: Error: Error_code: 222202 Error_msg: pic not has face
WARNING:root: Error: Error_code: 222202 Error_msg: pic not has face
WARNING:root: Error: Error_code: 222202 Error_msg: pic not has face
WARNING:root: Error: Error_code: 222202 Error_msg: pic not has face
WARNING:root: Error: Error_code: 222202 Error_msg: pic not has face
WARNING:root: Error: Error_code: 222202 Error_msg: pic not has face
WARNING:root: Error: Error_code: 222202 Error_msg: pic not has face
WARNING:root: Error: Error_code: 222202 Error_msg: pic not has face
WARNING:root: Error: Error_code: 222202 Error_msg: pic not has face
WARNING:root: Error: Error_code: 222202 Error_msg: pic not has face
WARNING:root: Error: Error_code: 222202 Error_msg: pic not has face
WARNING:root: Error: Error_code: 222202 Error_msg: pic not has face
WARNING:root: Error: Error_code: 222202 Error_msg: pic not has face
WARNING:root: Error: Error_code: 222202 Error_msg: pic not has face
WARNING:root: Error: Error_code: 222202 Error_msg: pic not has face
WARNING:root: Error: Error_code: 222202 Error_msg: pic not has face
WARNING:root: Error: Error_code: 222202 Error_msg: pic not has face
WARNING:root: Error: Error_code: 222202 Error_msg: pic not has face
WARNING:root: Error: Error_code: 222202 Error_msg: pic not has face
WARNING:root: Error: Error_code: 222202 Error_msg: pic not has face
WARNING:root: Error: Error_code: 222202 Error_msg: pic not has face
WARNING:root: Error: Error_code: 222202 Error_msg: pic not has face
WARNING:root: Error: Error_code: 222202 Error_msg: pic not has face
WARNING:root: Error: Error_code: 222202 Error_msg: pic not has face
WARNING:root: Error: Error_code: 222202 Error_msg: pic not has face
WARNING:root: Error: Error_code: 222202 Error_msg: pic not has face
WARNING:root: Error: Error_code: 222202 Error_msg: pic not has face
WARNING:root: Error: Error_code: 222202 Error_msg: pic not has face
WARNING:root: Error: Error_code: 222202 Error_msg: pic not has face
WARNING:root: Error: Error_code: 222202 Error_msg: pic not has face
WARNING:root: Error: Error_code: 222202 Error_msg: pic not has face
WARNING:root: Error: Error_code: 222202 Error_msg: pic not has face
WARNING:root: Error: Error_code: 222202 Error_msg: pic not has face
WARNING:root: Error: Error_code: 222202 Error_msg: pic not has face
WARNING:root: Error: Error_code: 222202 Error_msg: pic not has face
WARNING:root: Error: Error_code: 222202 Error_msg: pic not has face
WARNING:root: Error: Error_code: 222202 Error_msg: pic not has face
WARNING:root: Error: Error_code: 222202 Error_msg: pic not has face
WARNING:root: Error: Error_code: 222202 Error_msg: pic not has face
WARNING:root: Error: Error_code: 222202 Error_msg: pic not has face
WARNING:root: Error: Error_code: 222202 Error_msg: pic not has face
WARNING:root: Error: Error_code: 222202 Error_msg: pic not has face
WARNING:root: Error: Error_code: 222202 Error_msg: pic not has face
WARNING:root: Error: Error_code: 222202 Error_msg: pic not has face
WARNING:root: Error: Error_code: 222202 Error_msg: pic not has face
WARNING:root: Error: Error_code: 222202 Error_msg: pic not has face
WARNING:root: Error: Error_code: 222202 Error_msg: pic not has face
WARNING:root: Error: Error_code: 222202 Error_msg: pic not has face
WARNING:root: Error: Error_code: 222202 Error_msg: pic not has face
WARNING:root: Error: Error_code: 222202 Error_msg: pic not has face
WARNING:root: Error: Error_code: 222202 Error_msg: pic not has face
WARNING:root: Error: Error_code: 222202 Error_msg: pic not has face
WARNING:root: Error: Error_code: 222202 Error_msg: pic not has face
WARNING:root: Error: Error_code: 222202 Error_msg: pic not has face
WARNING:root: Error: Error_code: 222202 Error_msg: pic not has face
WARNING:root: Error: Error_code: 222202 Error_msg: pic not has face
WARNING:root: Error: Error_code: 222202 Error_msg: pic not has face
WARNING:root: Error: Error_code: 222202 Error_msg: pic not has face
WARNING:root: Error: Error_code: 222202 Error_msg: pic not has face
WARNING:root: Error: Error_code: 222202 Error_msg: pic not has face
WARNING:root: Error: Error_code: 222202 Error_msg: pic not has face
WARNING:root: Error: Error_code: 222202 Error_msg: pic not has face
WARNING:root: Error: Error_code: 222202 Error_msg: pic not has face
WARNING:root: Error: Error_code: 222202 Error_msg: pic not has face
WARNING:root: Error: Error_code: 222202 Error_msg: pic not has face
WARNING:root: Error: Error_code: 222202 Error_msg: pic not has face
WARNING:root: Error: Error_code: 222202 Error_msg: pic not has face
WARNING:root: Error: Error_code: 222202 Error_msg: pic not has face
WARNING:root: Error: Error_code: 222202 Error_msg: pic not has face
WARNING:root: Error: Error_code: 222202 Error_msg: pic not has face
WARNING:root: Error: Error_code: 222202 Error_msg: pic not has face
WARNING:root: Error: Error_code: 222202 Error_msg: pic not has face
WARNING:root: Error: Error_code: 222202 Error_msg: pic not has face
WARNING:root: Error: Error_code: 222202 Error_msg: pic not has face
WARNING:root: Error: Error_code: 222202 Error_msg: pic not has face
WARNING:root: Error: Error_code: 222202 Error_msg: pic not has face
WARNING:root: Error: Error_code: 222202 Error_msg: pic not has face
WARNING:root: Error: Error_code: 222202 Error_msg: pic not has face
WARNING:root: Error: Error_code: 222202 Error_msg: pic not has face
WARNING:root: Error: Error_code: 222202 Error_msg: pic not has face
WARNING:root: Error: Error_code: 222202 Error_msg: pic not has face
WARNING:root: Error: Error_code: 222202 Error_msg: pic not has face
WARNING:root: Error: Error_code: 222202 Error_msg: pic not has face
WARNING:root: Error: Error_code: 222202 Error_msg: pic not has face
WARNING:root: Error: Error_code: 222202 Error_msg: pic not has face
WARNING:root: Error: Error_code: 222202 Error_msg: pic not has face
WARNING:root: Error: Error_code: 222202 Error_msg: pic not has face
WARNING:root: Error: Error_code: 222202 Error_msg: pic not has face
WARNING:root: Error: Error_code: 222202 Error_msg: pic not has face
WARNING:root: Error: Error_code: 222202 Error_msg: pic not has face
WARNING:root: Error: Error_code: 222202 Error_msg: pic not has face
WARNING:root: Error: Error_code: 222202 Error_msg: pic not has face
WARNING:root: Error: Error_code: 222202 Error_msg: pic not has face
WARNING:root: Error: Error_code: 222202 Error_msg: pic not has face
WARNING:root: Error: Error_code: 222202 Error_msg: pic not has face
WARNING:root: Error: Error_code: 222202 Error_msg: pic not has face
WARNING:root: Error: Error_code: 222202 Error_msg: pic not has face
WARNING:root: Error: Error_code: 222202 Error_msg: pic not has face
WARNING:root: Error: Error_code: 222202 Error_msg: pic not has face
WARNING:root: Error: Error_code: 222202 Error_msg: pic not has face
WARNING:root: Error: Error_code: 222202 Error_msg: pic not has face
WARNING:root: Error: Error_code: 222202 Error_msg: pic not has face
WARNING:root: Error: Error_code: 222202 Error_msg: pic not has face
WARNING:root: Error: Error_code: 222202 Error_msg: pic not has face
WARNING:root: Error: Error_code: 222202 Error_msg: pic not has face
WARNING:root: Error: Error_code: 222202 Error_msg: pic not has face
WARNING:root: Error: Error_code: 222202 Error_msg: pic not has face
WARNING:root: Error: Error_code: 222202 Error_msg: pic not has face
WARNING:root: Error: Error_code: 222202 Error_msg: pic not has face
WARNING:root: Error: Error_code: 222202 Error_msg: pic not has face
WARNING:root: Error: Error_code: 222202 Error_msg: pic not has face
WARNING:root: Error: Error_code: 222202 Error_msg: pic not has face
WARNING:root: Error: Error_code: 222202 Error_msg: pic not has face
WARNING:root: Error: Error_code: 222202 Error_msg: pic not has face
WARNING:root: Error: Error_code: 222202 Error_msg: pic not has face
WARNING:root: Error: Error_code: 222202 Error_msg: pic not has face
WARNING:root: Error: Error_code: 222202 Error_msg: pic not has face
WARNING:root: Error: Error_code: 222202 Error_msg: pic not has face
WARNING:root: Error: Error_code: 222202 Error_msg: pic not has face
WARNING:root: Error: Error_code: 222202 Error_msg: pic not has face
WARNING:root: Error: Error_code: 222202 Error_msg: pic not has face
WARNING:root: Error: Error_code: 222202 Error_msg: pic not has face
WARNING:root: Error: Error_code: 222202 Error_msg: pic not has face
WARNING:root: Error: Error_code: 222202 Error_msg: pic not has face
WARNING:root: Error: Error_code: 222202 Error_msg: pic not has face
WARNING:root: Error: Error_code: 222202 Error_msg: pic not has face
WARNING:root: Error: Error_code: 222202 Error_msg: pic not has face
WARNING:root: Error: Error_code: 222202 Error_msg: pic not has face
WARNING:root: Error: Error_code: 222202 Error_msg: pic not has face
WARNING:root: Error: Error_code: 222202 Error_msg: pic not has face
WARNING:root: Error: Error_code: 222202 Error_msg: pic not has face
WARNING:root: Error: Error_code: 222202 Error_msg: pic not has face
WARNING:root: Error: Error_code: 222202 Error_msg: pic not has face
WARNING:root: Error: Error_code: 222202 Error_msg: pic not has face
WARNING:root: Error: Error_code: 222202 Error_msg: pic not has face
WARNING:root: Error: Error_code: 222202 Error_msg: pic not has face
WARNING:root: Error: Error_code: 222202 Error_msg: pic not has face
WARNING:root: Error: Error_code: 222202 Error_msg: pic not has face
WARNING:root: Error: Error_code: 222202 Error_msg: pic not has face
WARNING:root: Error: Error_code: 222202 Error_msg: pic not has face
WARNING:root: Error: Error_code: 222202 Error_msg: pic not has face
WARNING:root: Error: Error_code: 222202 Error_msg: pic not has face
WARNING:root: Error: Error_code: 222202 Error_msg: pic not has face
WARNING:root: Error: Error_code: 222202 Error_msg: pic not has face
WARNING:root: Error: Error_code: 222202 Error_msg: pic not has face
WARNING:root: Error: Error_code: 222202 Error_msg: pic not has face
WARNING:root: Error: Error_code: 222202 Error_msg: pic not has face
WARNING:root: Error: Error_code: 222202 Error_msg: pic not has face
WARNING:root: Error: Error_code: 222202 Error_msg: pic not has face
WARNING:root: Error: Error_code: 222202 Error_msg: pic not has face
WARNING:root: Error: Error_code: 222202 Error_msg: pic not has face
WARNING:root: Error: Error_code: 222202 Error_msg: pic not has face
WARNING:root: Error: Error_code: 222202 Error_msg: pic not has face
WARNING:root: Error: Error_code: 222202 Error_msg: pic not has face
WARNING:root: Error: Error_code: 222202 Error_msg: pic not has face
WARNING:root: Error: Error_code: 222202 Error_msg: pic not has face
WARNING:root: Error: Error_code: 222202 Error_msg: pic not has face
WARNING:root: Error: Error_code: 222202 Error_msg: pic not has face
WARNING:root: Error: Error_code: 222202 Error_msg: pic not has face
WARNING:root: Error: Error_code: 222202 Error_msg: pic not has face
WARNING:root: Error: Error_code: 222202 Error_msg: pic not has face
WARNING:root: Error: Error_code: 222202 Error_msg: pic not has face
WARNING:root: Error: Error_code: 222202 Error_msg: pic not has face
WARNING:root: Error: Error_code: 222202 Error_msg: pic not has face
WARNING:root: Error: Error_code: 222202 Error_msg: pic not has face
WARNING:root: Error: Error_code: 222202 Error_msg: pic not has face
WARNING:root: Error: Error_code: 222202 Error_msg: pic not has face
WARNING:root: Error: Error_code: 222202 Error_msg: pic not has face
WARNING:root: Error: Error_code: 222202 Error_msg: pic not has face
WARNING:root: Error: Error_code: 222202 Error_msg: pic not has face
WARNING:root: Error: Error_code: 222202 Error_msg: pic not has face
WARNING:root: Error: Error_code: 222202 Error_msg: pic not has face
WARNING:root: Error: Error_code: 222202 Error_msg: pic not has face
WARNING:root: Error: Error_code: 222202 Error_msg: pic not has face
WARNING:root: Error: Error_code: 222202 Error_msg: pic not has face
WARNING:root: Error: Error_code: 222202 Error_msg: pic not has face
WARNING:root: Error: Error_code: 222202 Error_msg: pic not has face
WARNING:root: Error: Error_code: 222202 Error_msg: pic not has face
WARNING:root: Error: Error_code: 222202 Error_msg: pic not has face
WARNING:root: Error: Error_code: 222202 Error_msg: pic not has face
WARNING:root: Error: Error_code: 222202 Error_msg: pic not has face
WARNING:root: Error: Error_code: 222202 Error_msg: pic not has face
WARNING:root: Error: Error_code: 222202 Error_msg: pic not has face
WARNING:root: Error: Error_code: 222202 Error_msg: pic not has face
WARNING:root: Error: Error_code: 222202 Error_msg: pic not has face
WARNING:root: Error: Error_code: 222202 Error_msg: pic not has face
WARNING:root: Error: Error_code: 222202 Error_msg: pic not has face
WARNING:root: Error: Error_code: 222202 Error_msg: pic not has face
WARNING:root: Error: Error_code: 222202 Error_msg: pic not has face
WARNING:root: Error: Error_code: 222202 Error_msg: pic not has face
WARNING:root: Error: Error_code: 222202 Error_msg: pic not has face
WARNING:root: Error: Error_code: 222202 Error_msg: pic not has face
WARNING:root: Error: Error_code: 222202 Error_msg: pic not has face
WARNING:root: Error: Error_code: 222202 Error_msg: pic not has face
WARNING:root: Error: Error_code: 222202 Error_msg: pic not has face
WARNING:root: Error: Error_code: 222202 Error_msg: pic not has face
WARNING:root: Error: Error_code: 222202 Error_msg: pic not has face
WARNING:root: Error: Error_code: 222202 Error_msg: pic not has face
WARNING:root: Error: Error_code: 222202 Error_msg: pic not has face
WARNING:root: Error: Error_code: 222202 Error_msg: pic not has face
WARNING:root: Error: Error_code: 222202 Error_msg: pic not has face
WARNING:root: Error: Error_code: 222202 Error_msg: pic not has face
WARNING:root: Error: Error_code: 222202 Error_msg: pic not has face
WARNING:root: Error: Error_code: 222202 Error_msg: pic not has face
WARNING:root: Error: Error_code: 222202 Error_msg: pic not has face
WARNING:root: Error: Error_code: 222202 Error_msg: pic not has face
WARNING:root: Error: Error_code: 222202 Error_msg: pic not has face
WARNING:root: Error: Error_code: 222202 Error_msg: pic not has face
WARNING:root: Error: Error_code: 222202 Error_msg: pic not has face
WARNING:root: Error: Error_code: 222202 Error_msg: pic not has face
WARNING:root: Error: Error_code: 222202 Error_msg: pic not has face
WARNING:root: Error: Error_code: 222202 Error_msg: pic not has face
WARNING:root: Error: Error_code: 222202 Error_msg: pic not has face
WARNING:root: Error: Error_code: 222202 Error_msg: pic not has face
WARNING:root: Error: Error_code: 222202 Error_msg: pic not has face
WARNING:root: Error: Error_code: 222202 Error_msg: pic not has face
WARNING:root: Error: Error_code: 222202 Error_msg: pic not has face
WARNING:root: Error: Error_code: 222202 Error_msg: pic not has face
WARNING:root: Error: Error_code: 222202 Error_msg: pic not has face
WARNING:root: Error: Error_code: 222202 Error_msg: pic not has face
WARNING:root: Error: Error_code: 222202 Error_msg: pic not has face
WARNING:root: Error: Error_code: 222202 Error_msg: pic not has face
WARNING:root: Error: Error_code: 222202 Error_msg: pic not has face
WARNING:root: Error: Error_code: 222202 Error_msg: pic not has face
WARNING:root: Error: Error_code: 222202 Error_msg: pic not has face
WARNING:root: Error: Error_code: 222202 Error_msg: pic not has face
WARNING:root: Error: Error_code: 222202 Error_msg: pic not has face
WARNING:root: Error: Error_code: 222202 Error_msg: pic not has face
WARNING:root: Error: Error_code: 222202 Error_msg: pic not has face
WARNING:root: Error: Error_code: 222202 Error_msg: pic not has face
WARNING:root: Error: Error_code: 222202 Error_msg: pic not has face
WARNING:root: Error: Error_code: 222202 Error_msg: pic not has face
WARNING:root: Error: Error_code: 222202 Error_msg: pic not has face
WARNING:root: Error: Error_code: 222202 Error_msg: pic not has face
WARNING:root: Error: Error_code: 222202 Error_msg: pic not has face
WARNING:root: Error: Error_code: 222202 Error_msg: pic not has face
WARNING:root: Error: Error_code: 222202 Error_msg: pic not has face
WARNING:root: Error: Error_code: 222202 Error_msg: pic not has face
WARNING:root: Error: Error_code: 222202 Error_msg: pic not has face
WARNING:root: Error: Error_code: 222202 Error_msg: pic not has face
WARNING:root: Error: Error_code: 222202 Error_msg: pic not has face
WARNING:root: Error: Error_code: 222202 Error_msg: pic not has face
WARNING:root: Error: Error_code: 222202 Error_msg: pic not has face
WARNING:root: Error: Error_code: 222202 Error_msg: pic not has face
WARNING:root: Error: Error_code: 222202 Error_msg: pic not has face
WARNING:root: Error: Error_code: 222202 Error_msg: pic not has face
WARNING:root: Error: Error_code: 222202 Error_msg: pic not has face
WARNING:root: Error: Error_code: 222202 Error_msg: pic not has face
WARNING:root: Error: Error_code: 222202 Error_msg: pic not has face
WARNING:root: Error: Error_code: 222202 Error_msg: pic not has face
WARNING:root: Error: Error_code: 222202 Error_msg: pic not has face
WARNING:root: Error: Error_code: 222202 Error_msg: pic not has face
WARNING:root: Error: Error_code: 222202 Error_msg: pic not has face
WARNING:root: Error: Error_code: 222202 Error_msg: pic not has face
WARNING:root: Error: Error_code: 222202 Error_msg: pic not has face
WARNING:root: Error: Error_code: 222202 Error_msg: pic not has face
WARNING:root: Error: Error_code: 222202 Error_msg: pic not has face
WARNING:root: Error: Error_code: 222202 Error_msg: pic not has face
WARNING:root: Error: Error_code: 222202 Error_msg: pic not has face
WARNING:root: Error: Error_code: 222202 Error_msg: pic not has face
WARNING:root: Error: Error_code: 222202 Error_msg: pic not has face
WARNING:root: Error: Error_code: 222202 Error_msg: pic not has face
WARNING:root: Error: Error_code: 222202 Error_msg: pic not has face
WARNING:root: Error: Error_code: 222202 Error_msg: pic not has face
WARNING:root: Error: Error_code: 222202 Error_msg: pic not has face
WARNING:root: Error: Error_code: 222202 Error_msg: pic not has face
WARNING:root: Error: Error_code: 222202 Error_msg: pic not has face
WARNING:root: Error: Error_code: 222202 Error_msg: pic not has face
WARNING:root: Error: Error_code: 222202 Error_msg: pic not has face
WARNING:root: Error: Error_code: 222202 Error_msg: pic not has face
WARNING:root: Error: Error_code: 222202 Error_msg: pic not has face
WARNING:root: Error: Error_code: 222202 Error_msg: pic not has face
WARNING:root: Error: Error_code: 222202 Error_msg: pic not has face
WARNING:root: Error: Error_code: 222202 Error_msg: pic not has face
WARNING:root: Error: Error_code: 222202 Error_msg: pic not has face
WARNING:root: Error: Error_code: 222202 Error_msg: pic not has face
WARNING:root: Error: Error_code: 222202 Error_msg: pic not has face
WARNING:root: Error: Error_code: 222202 Error_msg: pic not has face
WARNING:root: Error: Error_code: 222202 Error_msg: pic not has face
WARNING:root: Error: Error_code: 222202 Error_msg: pic not has face
WARNING:root: Error: Error_code: 222202 Error_msg: pic not has face
WARNING:root: Error: Error_code: 222202 Error_msg: pic not has face
WARNING:root: Error: Error_code: 222202 Error_msg: pic not has face
WARNING:root: Error: Error_code: 222202 Error_msg: pic not has face
WARNING:root: Error: Error_code: 222202 Error_msg: pic not has face
WARNING:root: Error: Error_code: 222202 Error_msg: pic not has face
WARNING:root: Error: Error_code: 222202 Error_msg: pic not has face
WARNING:root: Error: Error_code: 222202 Error_msg: pic not has face
WARNING:root: Error: Error_code: 222202 Error_msg: pic not has face
WARNING:root: Error: Error_code: 222202 Error_msg: pic not has face
WARNING:root: Error: Error_code: 222202 Error_msg: pic not has face
WARNING:root: Error: Error_code: 222202 Error_msg: pic not has face
WARNING:root: Error: Error_code: 222202 Error_msg: pic not has face
WARNING:root: Error: Error_code: 222202 Error_msg: pic not has face
WARNING:root: Error: Error_code: 222202 Error_msg: pic not has face
WARNING:root: Error: Error_code: 222202 Error_msg: pic not has face
WARNING:root: Error: Error_code: 222202 Error_msg: pic not has face
WARNING:root: Error: Error_code: 222202 Error_msg: pic not has face
WARNING:root: Error: Error_code: 222202 Error_msg: pic not has face
WARNING:root: Error: Error_code: 222202 Error_msg: pic not has face
WARNING:root: Error: Error_code: 222202 Error_msg: pic not has face
WARNING:root: Error: Error_code: 222202 Error_msg: pic not has face
WARNING:root: Error: Error_code: 222202 Error_msg: pic not has face
WARNING:root: Error: Error_code: 222202 Error_msg: pic not has face
WARNING:root: Error: Error_code: 222202 Error_msg: pic not has face
WARNING:root: Error: Error_code: 222202 Error_msg: pic not has face
WARNING:root: Error: Error_code: 222202 Error_msg: pic not has face
WARNING:root: Error: Error_code: 222202 Error_msg: pic not has face
WARNING:root: Error: Error_code: 222202 Error_msg: pic not has face
WARNING:root: Error: Error_code: 222202 Error_msg: pic not has face
WARNING:root: Error: Error_code: 222202 Error_msg: pic not has face
WARNING:root: Error: Error_code: 222202 Error_msg: pic not has face
WARNING:root: Error: Error_code: 222202 Error_msg: pic not has face
WARNING:root: Error: Error_code: 222202 Error_msg: pic not has face
WARNING:root: Error: Error_code: 222202 Error_msg: pic not has face
WARNING:root: Error: Error_code: 222202 Error_msg: pic not has face
WARNING:root: Error: Error_code: 222202 Error_msg: pic not has face
WARNING:root: Error: Error_code: 222202 Error_msg: pic not has face
WARNING:root: Error: Error_code: 222202 Error_msg: pic not has face
WARNING:root: Error: Error_code: 222202 Error_msg: pic not has face
WARNING:root: Error: Error_code: 222202 Error_msg: pic not has face
WARNING:root: Error: Error_code: 222202 Error_msg: pic not has face
WARNING:root: Error: Error_code: 222202 Error_msg: pic not has face
WARNING:root: Error: Error_code: 222202 Error_msg: pic not has face
WARNING:root: Error: Error_code: 222202 Error_msg: pic not has face
WARNING:root: Error: Error_code: 222202 Error_msg: pic not has face
WARNING:root: Error: Error_code: 222202 Error_msg: pic not has face
WARNING:root: Error: Error_code: 222202 Error_msg: pic not has face
WARNING:root: Error: Error_code: 222202 Error_msg: pic not has face
WARNING:root: Error: Error_code: 222202 Error_msg: pic not has face
WARNING:root: Error: Error_code: 222202 Error_msg: pic not has face
WARNING:root: Error: Error_code: 222202 Error_msg: pic not has face
WARNING:root: Error: Error_code: 222202 Error_msg: pic not has face
WARNING:root: Error: Error_code: 222202 Error_msg: pic not has face
WARNING:root: Error: Error_code: 222202 Error_msg: pic not has face
WARNING:root: Error: Error_code: 222202 Error_msg: pic not has face
WARNING:root: Error: Error_code: 222202 Error_msg: pic not has face
WARNING:root: Error: Error_code: 222202 Error_msg: pic not has face
WARNING:root: Error: Error_code: 222202 Error_msg: pic not has face
WARNING:root: Error: Error_code: 222202 Error_msg: pic not has face
WARNING:root: Error: Error_code: 222202 Error_msg: pic not has face
WARNING:root: Error: Error_code: 222202 Error_msg: pic not has face
WARNING:root: Error: Error_code: 222202 Error_msg: pic not has face
WARNING:root: Error: Error_code: 222202 Error_msg: pic not has face
WARNING:root: Error: Error_code: 222202 Error_msg: pic not has face
WARNING:root: Error: Error_code: 222202 Error_msg: pic not has face
WARNING:root: Error: Error_code: 222202 Error_msg: pic not has face
WARNING:root: Error: Error_code: 222202 Error_msg: pic not has face
WARNING:root: Error: Error_code: 222202 Error_msg: pic not has face
WARNING:root: Error: Error_code: 222202 Error_msg: pic not has face
WARNING:root: Error: Error_code: 222202 Error_msg: pic not has face
WARNING:root: Error: Error_code: 222202 Error_msg: pic not has face
WARNING:root: Error: Error_code: 222202 Error_msg: pic not has face
WARNING:root: Error: Error_code: 222202 Error_msg: pic not has face
WARNING:root: Error: Error_code: 222202 Error_msg: pic not has face
WARNING:root: Error: Error_code: 222202 Error_msg: pic not has face
WARNING:root: Error: Error_code: 222202 Error_msg: pic not has face
WARNING:root: Error: Error_code: 222202 Error_msg: pic not has face
WARNING:root: Error: Error_code: 222202 Error_msg: pic not has face
WARNING:root: Error: Error_code: 222202 Error_msg: pic not has face
WARNING:root: Error: Error_code: 222202 Error_msg: pic not has face
WARNING:root: Error: Error_code: 222202 Error_msg: pic not has face
WARNING:root: Error: Error_code: 222202 Error_msg: pic not has face
WARNING:root: Error: Error_code: 222202 Error_msg: pic not has face
WARNING:root: Error: Error_code: 222202 Error_msg: pic not has face
WARNING:root: Error: Error_code: 222202 Error_msg: pic not has face
WARNING:root: Error: Error_code: 222202 Error_msg: pic not has face
WARNING:root: Error: Error_code: 222202 Error_msg: pic not has face
WARNING:root: Error: Error_code: 222202 Error_msg: pic not has face
WARNING:root: Error: Error_code: 222202 Error_msg: pic not has face
WARNING:root: Error: Error_code: 222202 Error_msg: pic not has face
WARNING:root: Error: Error_code: 222202 Error_msg: pic not has face
WARNING:root: Error: Error_code: 222202 Error_msg: pic not has face
WARNING:root: Error: Error_code: 222202 Error_msg: pic not has face
WARNING:root: Error: Error_code: 222202 Error_msg: pic not has face
WARNING:root: Error: Error_code: 222202 Error_msg: pic not has face
WARNING:root: Error: Error_code: 222202 Error_msg: pic not has face
WARNING:root: Error: Error_code: 222202 Error_msg: pic not has face
WARNING:root: Error: Error_code: 222202 Error_msg: pic not has face
WARNING:root: Error: Error_code: 222202 Error_msg: pic not has face
WARNING:root: Error: Error_code: 222202 Error_msg: pic not has face
WARNING:root: Error: Error_code: 222202 Error_msg: pic not has face
WARNING:root: Error: Error_code: 222202 Error_msg: pic not has face
WARNING:root: Error: Error_code: 222202 Error_msg: pic not has face
WARNING:root: Error: Error_code: 222202 Error_msg: pic not has face
WARNING:root: Error: Error_code: 222202 Error_msg: pic not has face
WARNING:root: Error: Error_code: 222202 Error_msg: pic not has face
WARNING:root: Error: Error_code: 222202 Error_msg: pic not has face
WARNING:root: Error: Error_code: 222202 Error_msg: pic not has face
WARNING:root: Error: Error_code: 222202 Error_msg: pic not has face
WARNING:root: Error: Error_code: 222202 Error_msg: pic not has face
WARNING:root: Error: Error_code: 222202 Error_msg: pic not has face
WARNING:root: Error: Error_code: 222202 Error_msg: pic not has face
WARNING:root: Error: Error_code: 222202 Error_msg: pic not has face
WARNING:root: Error: Error_code: 222202 Error_msg: pic not has face
WARNING:root: Error: Error_code: 222202 Error_msg: pic not has face
WARNING:root: Error: Error_code: 222202 Error_msg: pic not has face
WARNING:root: Error: Error_code: 222202 Error_msg: pic not has face
WARNING:root: Error: Error_code: 222202 Error_msg: pic not has face
WARNING:root: Error: Error_code: 222202 Error_msg: pic not has face
WARNING:root: Error: Error_code: 222202 Error_msg: pic not has face
WARNING:root: Error: Error_code: 222202 Error_msg: pic not has face
WARNING:root: Error: Error_code: 222202 Error_msg: pic not has face
WARNING:root: Error: Error_code: 222202 Error_msg: pic not has face
WARNING:root: Error: Error_code: 222202 Error_msg: pic not has face
WARNING:root: Error: Error_code: 222202 Error_msg: pic not has face
WARNING:root: Error: Error_code: 222202 Error_msg: pic not has face
WARNING:root: Error: Error_code: 222202 Error_msg: pic not has face
WARNING:root: Error: Error_code: 222202 Error_msg: pic not has face
WARNING:root: Error: Error_code: 222202 Error_msg: pic not has face
WARNING:root: Error: Error_code: 222202 Error_msg: pic not has face
WARNING:root: Error: Error_code: 222202 Error_msg: pic not has face
WARNING:root: Error: Error_code: 222202 Error_msg: pic not has face
WARNING:root: Error: Error_code: 222202 Error_msg: pic not has face
WARNING:root: Error: Error_code: 222202 Error_msg: pic not has face
WARNING:root: Error: Error_code: 222202 Error_msg: pic not has face
WARNING:root: Error: Error_code: 222202 Error_msg: pic not has face
WARNING:root: Error: Error_code: 222202 Error_msg: pic not has face
WARNING:root: Error: Error_code: 222202 Error_msg: pic not has face
WARNING:root: Error: Error_code: 222202 Error_msg: pic not has face
WARNING:root: Error: Error_code: 222202 Error_msg: pic not has face
WARNING:root: Error: Error_code: 222202 Error_msg: pic not has face
WARNING:root: Error: Error_code: 222202 Error_msg: pic not has face
WARNING:root: Error: Error_code: 222202 Error_msg: pic not has face
WARNING:root: Error: Error_code: 222202 Error_msg: pic not has face
WARNING:root: Error: Error_code: 222202 Error_msg: pic not has face
WARNING:root: Error: Error_code: 222202 Error_msg: pic not has face
WARNING:root: Error: Error_code: 222202 Error_msg: pic not has face
WARNING:root: Error: Error_code: 222202 Error_msg: pic not has face
WARNING:root: Error: Error_code: 222202 Error_msg: pic not has face
WARNING:root: Error: Error_code: 222202 Error_msg: pic not has face
WARNING:root: Error: Error_code: 222202 Error_msg: pic not has face
WARNING:root: Error: Error_code: 222202 Error_msg: pic not has face
WARNING:root: Error: Error_code: 222202 Error_msg: pic not has face
WARNING:root: Error: Error_code: 222202 Error_msg: pic not has face
WARNING:root: Error: Error_code: 222202 Error_msg: pic not has face
WARNING:root: Error: Error_code: 222202 Error_msg: pic not has face
WARNING:root: Error: Error_code: 222202 Error_msg: pic not has face
WARNING:root: Error: Error_code: 222202 Error_msg: pic not has face
WARNING:root: Error: Error_code: 222202 Error_msg: pic not has face
WARNING:root: Error: Error_code: 222202 Error_msg: pic not has face
WARNING:root: Error: Error_code: 222202 Error_msg: pic not has face
51.1816368103
1544085356
unknown
50.5280761719
1544085358
unknown
WARNING:root: Error: Error_code: 222202 Error_msg: pic not has face
WARNING:root: Error: Error_code: 222202 Error_msg: pic not has face
WARNING:root: Error: Error_code: 222202 Error_msg: pic not has face
WARNING:root: Error: Error_code: 222202 Error_msg: pic not has face
WARNING:root: Error: Error_code: 222202 Error_msg: pic not has face
WARNING:root: Error: Error_code: 222202 Error_msg: pic not has face
WARNING:root: Error: Error_code: 222202 Error_msg: pic not has face
WARNING:root: Error: Error_code: 222202 Error_msg: pic not has face
WARNING:root: Error: Error_code: 222202 Error_msg: pic not has face
WARNING:root: Error: Error_code: 222202 Error_msg: pic not has face
WARNING:root: Error: Error_code: 222202 Error_msg: pic not has face
WARNING:root: Error: Error_code: 222202 Error_msg: pic not has face
WARNING:root: Error: Error_code: 222202 Error_msg: pic not has face
WARNING:root: Error: Error_code: 222202 Error_msg: pic not has face
WARNING:root: Error: Error_code: 222202 Error_msg: pic not has face
WARNING:root: Error: Error_code: 222202 Error_msg: pic not has face
WARNING:root: Error: Error_code: 222202 Error_msg: pic not has face
WARNING:root: Error: Error_code: 222202 Error_msg: pic not has face
WARNING:root: Error: Error_code: 222202 Error_msg: pic not has face
WARNING:root: Error: Error_code: 222202 Error_msg: pic not has face
WARNING:root: Error: Error_code: 222202 Error_msg: pic not has face
WARNING:root: Error: Error_code: 222202 Error_msg: pic not has face
WARNING:root: Error: Error_code: 222202 Error_msg: pic not has face
WARNING:root: Error: Error_code: 222202 Error_msg: pic not has face
WARNING:root: Error: Error_code: 222202 Error_msg: pic not has face
WARNING:root: Error: Error_code: 222202 Error_msg: pic not has face
WARNING:root: Error: Error_code: 222202 Error_msg: pic not has face
WARNING:root: Error: Error_code: 222202 Error_msg: pic not has face
WARNING:root: Error: Error_code: 222202 Error_msg: pic not has face
WARNING:root: Error: Error_code: 222202 Error_msg: pic not has face
WARNING:root: Error: Error_code: 222202 Error_msg: pic not has face
WARNING:root: Error: Error_code: 222202 Error_msg: pic not has face
WARNING:root: Error: Error_code: 222202 Error_msg: pic not has face
WARNING:root: Error: Error_code: 222202 Error_msg: pic not has face
WARNING:root: Error: Error_code: 222202 Error_msg: pic not has face
WARNING:root: Error: Error_code: 222202 Error_msg: pic not has face
WARNING:root: Error: Error_code: 222202 Error_msg: pic not has face
WARNING:root: Error: Error_code: 222202 Error_msg: pic not has face
WARNING:root: Error: Error_code: 222202 Error_msg: pic not has face
WARNING:root: Error: Error_code: 222202 Error_msg: pic not has face
WARNING:root: Error: Error_code: 222202 Error_msg: pic not has face
WARNING:root: Error: Error_code: 222202 Error_msg: pic not has face
WARNING:root: Error: Error_code: 222202 Error_msg: pic not has face
WARNING:root: Error: Error_code: 222202 Error_msg: pic not has face
WARNING:root: Error: Error_code: 222202 Error_msg: pic not has face
WARNING:root: Error: Error_code: 222202 Error_msg: pic not has face
WARNING:root: Error: Error_code: 222202 Error_msg: pic not has face
WARNING:root: Error: Error_code: 222202 Error_msg: pic not has face
WARNING:root: Error: Error_code: 222202 Error_msg: pic not has face
WARNING:root: Error: Error_code: 222202 Error_msg: pic not has face
WARNING:root: Error: Error_code: 222202 Error_msg: pic not has face
WARNING:root: Error: Error_code: 222202 Error_msg: pic not has face
WARNING:root: Error: Error_code: 222202 Error_msg: pic not has face
WARNING:root: Error: Error_code: 222202 Error_msg: pic not has face
WARNING:root: Error: Error_code: 222202 Error_msg: pic not has face
WARNING:root: Error: Error_code: 222202 Error_msg: pic not has face
WARNING:root: Error: Error_code: 222202 Error_msg: pic not has face
WARNING:root: Error: Error_code: 222202 Error_msg: pic not has face
WARNING:root: Error: Error_code: 222202 Error_msg: pic not has face
WARNING:root: Error: Error_code: 222202 Error_msg: pic not has face
WARNING:root: Error: Error_code: 222202 Error_msg: pic not has face
WARNING:root: Error: Error_code: 222202 Error_msg: pic not has face
WARNING:root: Error: Error_code: 222202 Error_msg: pic not has face
WARNING:root: Error: Error_code: 222202 Error_msg: pic not has face
WARNING:root: Error: Error_code: 222202 Error_msg: pic not has face
WARNING:root: Error: Error_code: 222202 Error_msg: pic not has face
WARNING:root: Error: Error_code: 222202 Error_msg: pic not has face
WARNING:root: Error: Error_code: 222202 Error_msg: pic not has face
WARNING:root: Error: Error_code: 222202 Error_msg: pic not has face
WARNING:root: Error: Error_code: 222202 Error_msg: pic not has face
WARNING:root: Error: Error_code: 222202 Error_msg: pic not has face
WARNING:root: Error: Error_code: 222202 Error_msg: pic not has face
WARNING:root: Error: Error_code: 222202 Error_msg: pic not has face
WARNING:root: Error: Error_code: 222202 Error_msg: pic not has face
WARNING:root: Error: Error_code: 222202 Error_msg: pic not has face
WARNING:root: Error: Error_code: 222202 Error_msg: pic not has face
WARNING:root: Error: Error_code: 222202 Error_msg: pic not has face
WARNING:root: Error: Error_code: 222202 Error_msg: pic not has face
WARNING:root: Error: Error_code: 222202 Error_msg: pic not has face
WARNING:root: Error: Error_code: 222202 Error_msg: pic not has face
WARNING:root: Error: Error_code: 222202 Error_msg: pic not has face
WARNING:root: Error: Error_code: 222202 Error_msg: pic not has face
WARNING:root: Error: Error_code: 222202 Error_msg: pic not has face
WARNING:root: Error: Error_code: 222202 Error_msg: pic not has face
WARNING:root: Error: Error_code: 222202 Error_msg: pic not has face
WARNING:root: Error: Error_code: 222202 Error_msg: pic not has face
WARNING:root: Error: Error_code: 222202 Error_msg: pic not has face
WARNING:root: Error: Error_code: 222202 Error_msg: pic not has face
WARNING:root: Error: Error_code: 222202 Error_msg: pic not has face
WARNING:root: Error: Error_code: 222202 Error_msg: pic not has face
WARNING:root: Error: Error_code: 222202 Error_msg: pic not has face
WARNING:root: Error: Error_code: 222202 Error_msg: pic not has face
WARNING:root: Error: Error_code: 222202 Error_msg: pic not has face
WARNING:root: Error: Error_code: 222202 Error_msg: pic not has face
WARNING:root: Error: Error_code: 222202 Error_msg: pic not has face
WARNING:root: Error: Error_code: 222202 Error_msg: pic not has face
WARNING:root: Error: Error_code: 222202 Error_msg: pic not has face
WARNING:root: Error: Error_code: 222202 Error_msg: pic not has face
WARNING:root: Error: Error_code: 222202 Error_msg: pic not has face
WARNING:root: Error: Error_code: 222202 Error_msg: pic not has face
WARNING:root: Error: Error_code: 222202 Error_msg: pic not has face
WARNING:root: Error: Error_code: 222202 Error_msg: pic not has face
WARNING:root: Error: Error_code: 222202 Error_msg: pic not has face
57.3199310303
1544085437
unknown
WARNING:root: Error: Error_code: 222202 Error_msg: pic not has face
59.571685791
1544085439
unknown
WARNING:root: Error: Error_code: 222202 Error_msg: pic not has face
WARNING:root: Error: Error_code: 222202 Error_msg: pic not has face
WARNING:root: Error: Error_code: 222202 Error_msg: pic not has face
WARNING:root: Error: Error_code: 222202 Error_msg: pic not has face
WARNING:root: Error: Error_code: 222202 Error_msg: pic not has face
WARNING:root: Error: Error_code: 222202 Error_msg: pic not has face
WARNING:root: Error: Error_code: 222202 Error_msg: pic not has face
WARNING:root: Error: Error_code: 222202 Error_msg: pic not has face
WARNING:root: Error: Error_code: 222202 Error_msg: pic not has face
WARNING:root: Error: Error_code: 222202 Error_msg: pic not has face
WARNING:root: Error: Error_code: 222202 Error_msg: pic not has face
WARNING:root: Error: Error_code: 222202 Error_msg: pic not has face
WARNING:root: Error: Error_code: 222202 Error_msg: pic not has face
WARNING:root: Error: Error_code: 222202 Error_msg: pic not has face
WARNING:root: Error: Error_code: 222202 Error_msg: pic not has face
WARNING:root: Error: Error_code: 222202 Error_msg: pic not has face
WARNING:root: Error: Error_code: 222202 Error_msg: pic not has face
WARNING:root: Error: Error_code: 222202 Error_msg: pic not has face
WARNING:root: Error: Error_code: 222202 Error_msg: pic not has face
WARNING:root: Error: Error_code: 222202 Error_msg: pic not has face
WARNING:root: Error: Error_code: 222202 Error_msg: pic not has face
WARNING:root: Error: Error_code: 222202 Error_msg: pic not has face
WARNING:root: Error: Error_code: 222202 Error_msg: pic not has face
WARNING:root: Error: Error_code: 222202 Error_msg: pic not has face
WARNING:root: Error: Error_code: 222202 Error_msg: pic not has face
WARNING:root: Error: Error_code: 222202 Error_msg: pic not has face
WARNING:root: Error: Error_code: 222202 Error_msg: pic not has face
WARNING:root: Error: Error_code: 222202 Error_msg: pic not has face
WARNING:root: Error: Error_code: 222202 Error_msg: pic not has face
WARNING:root: Error: Error_code: 222202 Error_msg: pic not has face
WARNING:root: Error: Error_code: 222202 Error_msg: pic not has face
WARNING:root: Error: Error_code: 222202 Error_msg: pic not has face
WARNING:root: Error: Error_code: 222202 Error_msg: pic not has face
WARNING:root: Error: Error_code: 222202 Error_msg: pic not has face
WARNING:root: Error: Error_code: 222202 Error_msg: pic not has face
WARNING:root: Error: Error_code: 222202 Error_msg: pic not has face
WARNING:root: Error: Error_code: 222202 Error_msg: pic not has face
WARNING:root: Error: Error_code: 222202 Error_msg: pic not has face
WARNING:root: Error: Error_code: 222202 Error_msg: pic not has face
WARNING:root: Error: Error_code: 222202 Error_msg: pic not has face
WARNING:root: Error: Error_code: 222202 Error_msg: pic not has face
WARNING:root: Error: Error_code: 222202 Error_msg: pic not has face
WARNING:root: Error: Error_code: 222202 Error_msg: pic not has face
WARNING:root: Error: Error_code: 222202 Error_msg: pic not has face
WARNING:root: Error: Error_code: 222202 Error_msg: pic not has face
WARNING:root: Error: Error_code: 222202 Error_msg: pic not has face
40.384929657
1544085474
unknown
WARNING:root: Error: Error_code: 222202 Error_msg: pic not has face
WARNING:root: Error: Error_code: 222202 Error_msg: pic not has face
WARNING:root: Error: Error_code: 222202 Error_msg: pic not has face
WARNING:root: Error: Error_code: 222202 Error_msg: pic not has face
WARNING:root: Error: Error_code: 222202 Error_msg: pic not has face
WARNING:root: Error: Error_code: 222202 Error_msg: pic not has face
WARNING:root: Error: Error_code: 222202 Error_msg: pic not has face
WARNING:root: Error: Error_code: 222202 Error_msg: pic not has face
WARNING:root: Error: Error_code: 222202 Error_msg: pic not has face
WARNING:root: Error: Error_code: 222202 Error_msg: pic not has face
WARNING:root: Error: Error_code: 222202 Error_msg: pic not has face
WARNING:root: Error: Error_code: 222202 Error_msg: pic not has face
WARNING:root: Error: Error_code: 222202 Error_msg: pic not has face
WARNING:root: Error: Error_code: 222202 Error_msg: pic not has face
WARNING:root: Error: Error_code: 222202 Error_msg: pic not has face
WARNING:root: Error: Error_code: 222202 Error_msg: pic not has face
WARNING:root: Error: Error_code: 222202 Error_msg: pic not has face
WARNING:root: Error: Error_code: 222202 Error_msg: pic not has face
WARNING:root: Error: Error_code: 222202 Error_msg: pic not has face
WARNING:root: Error: Error_code: 222202 Error_msg: pic not has face
WARNING:root: Error: Error_code: 222202 Error_msg: pic not has face
WARNING:root: Error: Error_code: 222202 Error_msg: pic not has face
WARNING:root: Error: Error_code: 222202 Error_msg: pic not has face
WARNING:root: Error: Error_code: 222202 Error_msg: pic not has face
WARNING:root: Error: Error_code: 222202 Error_msg: pic not has face
WARNING:root: Error: Error_code: 222202 Error_msg: pic not has face
WARNING:root: Error: Error_code: 222202 Error_msg: pic not has face
WARNING:root: Error: Error_code: 222202 Error_msg: pic not has face
WARNING:root: Error: Error_code: 222202 Error_msg: pic not has face
WARNING:root: Error: Error_code: 222202 Error_msg: pic not has face
WARNING:root: Error: Error_code: 222202 Error_msg: pic not has face
WARNING:root: Error: Error_code: 222202 Error_msg: pic not has face
WARNING:root: Error: Error_code: 222202 Error_msg: pic not has face
WARNING:root: Error: Error_code: 222202 Error_msg: pic not has face
WARNING:root: Error: Error_code: 222202 Error_msg: pic not has face
WARNING:root: Error: Error_code: 222202 Error_msg: pic not has face
WARNING:root: Error: Error_code: 222202 Error_msg: pic not has face
WARNING:root: Error: Error_code: 222202 Error_msg: pic not has face
WARNING:root: Error: Error_code: 222202 Error_msg: pic not has face
WARNING:root: Error: Error_code: 222202 Error_msg: pic not has face
WARNING:root: Error: Error_code: 222202 Error_msg: pic not has face
WARNING:root: Error: Error_code: 222202 Error_msg: pic not has face
WARNING:root: Error: Error_code: 222202 Error_msg: pic not has face
WARNING:root: Error: Error_code: 222202 Error_msg: pic not has face
WARNING:root: Error: Error_code: 222202 Error_msg: pic not has face
WARNING:root: Error: Error_code: 222202 Error_msg: pic not has face
WARNING:root: Error: Error_code: 222202 Error_msg: pic not has face
WARNING:root: Error: Error_code: 222202 Error_msg: pic not has face
WARNING:root: Error: Error_code: 222202 Error_msg: pic not has face
WARNING:root: Error: Error_code: 222202 Error_msg: pic not has face
WARNING:root: Error: Error_code: 222202 Error_msg: pic not has face
WARNING:root: Error: Error_code: 222202 Error_msg: pic not has face
WARNING:root: Error: Error_code: 222202 Error_msg: pic not has face
WARNING:root: Error: Error_code: 222202 Error_msg: pic not has face
WARNING:root: Error: Error_code: 222202 Error_msg: pic not has face
WARNING:root: Error: Error_code: 222202 Error_msg: pic not has face
WARNING:root: Error: Error_code: 222202 Error_msg: pic not has face
WARNING:root: Error: Error_code: 222202 Error_msg: pic not has face
WARNING:root: Error: Error_code: 222202 Error_msg: pic not has face
WARNING:root: Error: Error_code: 222202 Error_msg: pic not has face
WARNING:root: Error: Error_code: 222202 Error_msg: pic not has face
WARNING:root: Error: Error_code: 222202 Error_msg: pic not has face
WARNING:root: Error: Error_code: 222202 Error_msg: pic not has face
WARNING:root: Error: Error_code: 222202 Error_msg: pic not has face
WARNING:root: Error: Error_code: 222202 Error_msg: pic not has face
WARNING:root: Error: Error_code: 222202 Error_msg: pic not has face
WARNING:root: Error: Error_code: 222202 Error_msg: pic not has face
WARNING:root: Error: Error_code: 222202 Error_msg: pic not has face
WARNING:root: Error: Error_code: 222202 Error_msg: pic not has face
WARNING:root: Error: Error_code: 222202 Error_msg: pic not has face
WARNING:root: Error: Error_code: 222202 Error_msg: pic not has face
WARNING:root: Error: Error_code: 222202 Error_msg: pic not has face
WARNING:root: Error: Error_code: 222202 Error_msg: pic not has face
WARNING:root: Error: Error_code: 222202 Error_msg: pic not has face
WARNING:root: Error: Error_code: 222202 Error_msg: pic not has face
WARNING:root: Error: Error_code: 222202 Error_msg: pic not has face
WARNING:root: Error: Error_code: 222202 Error_msg: pic not has face
WARNING:root: Error: Error_code: 222202 Error_msg: pic not has face
WARNING:root: Error: Error_code: 222202 Error_msg: pic not has face
WARNING:root: Error: Error_code: 222202 Error_msg: pic not has face
WARNING:root: Error: Error_code: 222202 Error_msg: pic not has face
WARNING:root: Error: Error_code: 222202 Error_msg: pic not has face
WARNING:root: Error: Error_code: 222202 Error_msg: pic not has face
WARNING:root: Error: Error_code: 222202 Error_msg: pic not has face
WARNING:root: Error: Error_code: 222202 Error_msg: pic not has face
WARNING:root: Error: Error_code: 222202 Error_msg: pic not has face
WARNING:root: Error: Error_code: 222202 Error_msg: pic not has face
WARNING:root: Error: Error_code: 222202 Error_msg: pic not has face
WARNING:root: Error: Error_code: 222202 Error_msg: pic not has face
WARNING:root: Error: Error_code: 222202 Error_msg: pic not has face
WARNING:root: Error: Error_code: 222202 Error_msg: pic not has face
WARNING:root: Error: Error_code: 222202 Error_msg: pic not has face
WARNING:root: Error: Error_code: 222202 Error_msg: pic not has face
WARNING:root: Error: Error_code: 222202 Error_msg: pic not has face
WARNING:root: Error: Error_code: 222202 Error_msg: pic not has face
WARNING:root: Error: Error_code: 222202 Error_msg: pic not has face
WARNING:root: Error: Error_code: 222202 Error_msg: pic not has face
WARNING:root: Error: Error_code: 222202 Error_msg: pic not has face
WARNING:root: Error: Error_code: 222202 Error_msg: pic not has face
WARNING:root: Error: Error_code: 222202 Error_msg: pic not has face
WARNING:root: Error: Error_code: 222202 Error_msg: pic not has face
WARNING:root: Error: Error_code: 222202 Error_msg: pic not has face
WARNING:root: Error: Error_code: 222202 Error_msg: pic not has face
WARNING:root: Error: Error_code: 222202 Error_msg: pic not has face
WARNING:root: Error: Error_code: 222202 Error_msg: pic not has face
WARNING:root: Error: Error_code: 222202 Error_msg: pic not has face
WARNING:root: Error: Error_code: 222202 Error_msg: pic not has face
WARNING:root: Error: Error_code: 222202 Error_msg: pic not has face
WARNING:root: Error: Error_code: 222202 Error_msg: pic not has face
WARNING:root: Error: Error_code: 222202 Error_msg: pic not has face
WARNING:root: Error: Error_code: 222202 Error_msg: pic not has face
WARNING:root: Error: Error_code: 222202 Error_msg: pic not has face
WARNING:root: Error: Error_code: 222202 Error_msg: pic not has face
WARNING:root: Error: Error_code: 222202 Error_msg: pic not has face
WARNING:root: Error: Error_code: 222202 Error_msg: pic not has face
WARNING:root: Error: Error_code: 222202 Error_msg: pic not has face
WARNING:root: Error: Error_code: 222202 Error_msg: pic not has face
WARNING:root: Error: Error_code: 222202 Error_msg: pic not has face
WARNING:root: Error: Error_code: 222202 Error_msg: pic not has face
WARNING:root: Error: Error_code: 222202 Error_msg: pic not has face
WARNING:root: Error: Error_code: 222202 Error_msg: pic not has face
WARNING:root: Error: Error_code: 222202 Error_msg: pic not has face
WARNING:root: Error: Error_code: 222202 Error_msg: pic not has face
WARNING:root: Error: Error_code: 222202 Error_msg: pic not has face
WARNING:root: Error: Error_code: 222202 Error_msg: pic not has face
WARNING:root: Error: Error_code: 222202 Error_msg: pic not has face
WARNING:root: Error: Error_code: 222202 Error_msg: pic not has face
WARNING:root: Error: Error_code: 222202 Error_msg: pic not has face
WARNING:root: Error: Error_code: 222202 Error_msg: pic not has face
WARNING:root: Error: Error_code: 222202 Error_msg: pic not has face
WARNING:root: Error: Error_code: 222202 Error_msg: pic not has face
WARNING:root: Error: Error_code: 222202 Error_msg: pic not has face
43.0655136108
1544085576
unknown
WARNING:root: Error: Error_code: 222202 Error_msg: pic not has face
WARNING:root: Error: Error_code: 222202 Error_msg: pic not has face
WARNING:root: Error: Error_code: 222202 Error_msg: pic not has face
WARNING:root: Error: Error_code: 222202 Error_msg: pic not has face
WARNING:root: Error: Error_code: 222202 Error_msg: pic not has face
WARNING:root: Error: Error_code: 222202 Error_msg: pic not has face
WARNING:root: Error: Error_code: 222202 Error_msg: pic not has face
WARNING:root: Error: Error_code: 222202 Error_msg: pic not has face
WARNING:root: Error: Error_code: 222202 Error_msg: pic not has face
60.4889831543
1544085584
unknown
62.2117118835
1544085585
unknown
45.8494682312
1544085586
unknown
53.6449737549
1544085587
unknown
WARNING:root: Error: Error_code: 222202 Error_msg: pic not has face
WARNING:root: Error: Error_code: 222202 Error_msg: pic not has face
WARNING:root: Error: Error_code: 222202 Error_msg: pic not has face
WARNING:root: Error: Error_code: 222202 Error_msg: pic not has face
WARNING:root: Error: Error_code: 222202 Error_msg: pic not has face
WARNING:root: Error: Error_code: 222202 Error_msg: pic not has face
WARNING:root: Error: Error_code: 222202 Error_msg: pic not has face
WARNING:root: Error: Error_code: 222202 Error_msg: pic not has face
WARNING:root: Error: Error_code: 222202 Error_msg: pic not has face
WARNING:root: Error: Error_code: 222202 Error_msg: pic not has face
WARNING:root: Error: Error_code: 222202 Error_msg: pic not has face
WARNING:root: Error: Error_code: 222202 Error_msg: pic not has face
WARNING:root: Error: Error_code: 222202 Error_msg: pic not has face
WARNING:root: Error: Error_code: 222202 Error_msg: pic not has face
WARNING:root: Error: Error_code: 222202 Error_msg: pic not has face
WARNING:root: Error: Error_code: 222202 Error_msg: pic not has face
WARNING:root: Error: Error_code: 222202 Error_msg: pic not has face
WARNING:root: Error: Error_code: 222202 Error_msg: pic not has face
WARNING:root: Error: Error_code: 222202 Error_msg: pic not has face
WARNING:root: Error: Error_code: 222202 Error_msg: pic not has face
WARNING:root: Error: Error_code: 222202 Error_msg: pic not has face
WARNING:root: Error: Error_code: 222202 Error_msg: pic not has face
WARNING:root: Error: Error_code: 222202 Error_msg: pic not has face
WARNING:root: Error: Error_code: 222202 Error_msg: pic not has face
WARNING:root: Error: Error_code: 222202 Error_msg: pic not has face
WARNING:root: Error: Error_code: 222202 Error_msg: pic not has face
WARNING:root: Error: Error_code: 222202 Error_msg: pic not has face
WARNING:root: Error: Error_code: 222202 Error_msg: pic not has face
WARNING:root: Error: Error_code: 222202 Error_msg: pic not has face
WARNING:root: Error: Error_code: 222202 Error_msg: pic not has face
WARNING:root: Error: Error_code: 222202 Error_msg: pic not has face
WARNING:root: Error: Error_code: 222202 Error_msg: pic not has face
WARNING:root: Error: Error_code: 222202 Error_msg: pic not has face
WARNING:root: Error: Error_code: 222202 Error_msg: pic not has face
WARNING:root: Error: Error_code: 222202 Error_msg: pic not has face
WARNING:root: Error: Error_code: 222202 Error_msg: pic not has face
WARNING:root: Error: Error_code: 222202 Error_msg: pic not has face
WARNING:root: Error: Error_code: 222202 Error_msg: pic not has face
WARNING:root: Error: Error_code: 222202 Error_msg: pic not has face
WARNING:root: Error: Error_code: 222202 Error_msg: pic not has face
WARNING:root: Error: Error_code: 222202 Error_msg: pic not has face
57.1915168762
1544085622
unknown
WARNING:root: Error: Error_code: 222202 Error_msg: pic not has face
WARNING:root: Error: Error_code: 222202 Error_msg: pic not has face
WARNING:root: Error: Error_code: 222202 Error_msg: pic not has face
WARNING:root: Error: Error_code: 222202 Error_msg: pic not has face
WARNING:root: Error: Error_code: 222202 Error_msg: pic not has face
WARNING:root: Error: Error_code: 222202 Error_msg: pic not has face
WARNING:root: Error: Error_code: 222202 Error_msg: pic not has face
WARNING:root: Error: Error_code: 222202 Error_msg: pic not has face
WARNING:root: Error: Error_code: 222202 Error_msg: pic not has face
WARNING:root: Error: Error_code: 222202 Error_msg: pic not has face
WARNING:root: Error: Error_code: 222202 Error_msg: pic not has face
WARNING:root: Error: Error_code: 222202 Error_msg: pic not has face
WARNING:root: Error: Error_code: 222202 Error_msg: pic not has face
WARNING:root: Error: Error_code: 222202 Error_msg: pic not has face
WARNING:root: Error: Error_code: 222202 Error_msg: pic not has face
WARNING:root: Error: Error_code: 222202 Error_msg: pic not has face
WARNING:root: Error: Error_code: 222202 Error_msg: pic not has face
WARNING:root: Error: Error_code: 222202 Error_msg: pic not has face
WARNING:root: Error: Error_code: 222202 Error_msg: pic not has face
WARNING:root: Error: Error_code: 222202 Error_msg: pic not has face
WARNING:root: Error: Error_code: 222202 Error_msg: pic not has face
WARNING:root: Error: Error_code: 222202 Error_msg: pic not has face
WARNING:root: Error: Error_code: 222202 Error_msg: pic not has face
WARNING:root: Error: Error_code: 222202 Error_msg: pic not has face
WARNING:root: Error: Error_code: 222202 Error_msg: pic not has face
WARNING:root: Error: Error_code: 222202 Error_msg: pic not has face
WARNING:root: Error: Error_code: 222202 Error_msg: pic not has face
WARNING:root: Error: Error_code: 222202 Error_msg: pic not has face
WARNING:root: Error: Error_code: 222202 Error_msg: pic not has face
WARNING:root: Error: Error_code: 222202 Error_msg: pic not has face
WARNING:root: Error: Error_code: 222202 Error_msg: pic not has face
WARNING:root: Error: Error_code: 222202 Error_msg: pic not has face
WARNING:root: Error: Error_code: 222202 Error_msg: pic not has face
WARNING:root: Error: Error_code: 222202 Error_msg: pic not has face
WARNING:root: Error: Error_code: 222202 Error_msg: pic not has face
WARNING:root: Error: Error_code: 222202 Error_msg: pic not has face
WARNING:root: Error: Error_code: 222202 Error_msg: pic not has face
WARNING:root: Error: Error_code: 222202 Error_msg: pic not has face
WARNING:root: Error: Error_code: 222202 Error_msg: pic not has face
WARNING:root: Error: Error_code: 222202 Error_msg: pic not has face
WARNING:root: Error: Error_code: 222202 Error_msg: pic not has face
WARNING:root: Error: Error_code: 222202 Error_msg: pic not has face
WARNING:root: Error: Error_code: 222202 Error_msg: pic not has face
WARNING:root: Error: Error_code: 222202 Error_msg: pic not has face
WARNING:root: Error: Error_code: 222202 Error_msg: pic not has face
WARNING:root: Error: Error_code: 222202 Error_msg: pic not has face
WARNING:root: Error: Error_code: 222202 Error_msg: pic not has face
WARNING:root: Error: Error_code: 222202 Error_msg: pic not has face
WARNING:root: Error: Error_code: 222202 Error_msg: pic not has face
WARNING:root: Error: Error_code: 222202 Error_msg: pic not has face
WARNING:root: Error: Error_code: 222202 Error_msg: pic not has face
WARNING:root: Error: Error_code: 222202 Error_msg: pic not has face
WARNING:root: Error: Error_code: 222202 Error_msg: pic not has face
WARNING:root: Error: Error_code: 222202 Error_msg: pic not has face
WARNING:root: Error: Error_code: 222202 Error_msg: pic not has face
WARNING:root: Error: Error_code: 222202 Error_msg: pic not has face
WARNING:root: Error: Error_code: 222202 Error_msg: pic not has face
WARNING:root: Error: Error_code: 222202 Error_msg: pic not has face
WARNING:root: Error: Error_code: 222202 Error_msg: pic not has face
WARNING:root: Error: Error_code: 222202 Error_msg: pic not has face
WARNING:root: Error: Error_code: 222202 Error_msg: pic not has face
WARNING:root: Error: Error_code: 222202 Error_msg: pic not has face
WARNING:root: Error: Error_code: 222202 Error_msg: pic not has face
WARNING:root: Error: Error_code: 222202 Error_msg: pic not has face
WARNING:root: Error: Error_code: 222202 Error_msg: pic not has face
WARNING:root: Error: Error_code: 222202 Error_msg: pic not has face
WARNING:root: Error: Error_code: 222202 Error_msg: pic not has face
WARNING:root: Error: Error_code: 222202 Error_msg: pic not has face
WARNING:root: Error: Error_code: 222202 Error_msg: pic not has face
WARNING:root: Error: Error_code: 222202 Error_msg: pic not has face
WARNING:root: Error: Error_code: 222202 Error_msg: pic not has face
WARNING:root: Error: Error_code: 222202 Error_msg: pic not has face
WARNING:root: Error: Error_code: 222202 Error_msg: pic not has face
WARNING:root: Error: Error_code: 222202 Error_msg: pic not has face
WARNING:root: Error: Error_code: 222202 Error_msg: pic not has face
WARNING:root: Error: Error_code: 222202 Error_msg: pic not has face
WARNING:root: Error: Error_code: 222202 Error_msg: pic not has face
WARNING:root: Error: Error_code: 222202 Error_msg: pic not has face
WARNING:root: Error: Error_code: 222202 Error_msg: pic not has face
WARNING:root: Error: Error_code: 222202 Error_msg: pic not has face
WARNING:root: Error: Error_code: 222202 Error_msg: pic not has face
WARNING:root: Error: Error_code: 222202 Error_msg: pic not has face
WARNING:root: Error: Error_code: 222202 Error_msg: pic not has face
WARNING:root: Error: Error_code: 222202 Error_msg: pic not has face
WARNING:root: Error: Error_code: 222202 Error_msg: pic not has face
WARNING:root: Error: Error_code: 222202 Error_msg: pic not has face
WARNING:root: Error: Error_code: 222202 Error_msg: pic not has face
WARNING:root: Error: Error_code: 222202 Error_msg: pic not has face
WARNING:root: Error: Error_code: 222202 Error_msg: pic not has face
WARNING:root: Error: Error_code: 222202 Error_msg: pic not has face
WARNING:root: Error: Error_code: 222202 Error_msg: pic not has face
WARNING:root: Error: Error_code: 222202 Error_msg: pic not has face
WARNING:root: Error: Error_code: 222202 Error_msg: pic not has face
WARNING:root: Error: Error_code: 222202 Error_msg: pic not has face
WARNING:root: Error: Error_code: 222202 Error_msg: pic not has face
WARNING:root: Error: Error_code: 222202 Error_msg: pic not has face
WARNING:root: Error: Error_code: 222202 Error_msg: pic not has face
WARNING:root: Error: Error_code: 222202 Error_msg: pic not has face
WARNING:root: Error: Error_code: 222202 Error_msg: pic not has face
WARNING:root: Error: Error_code: 222202 Error_msg: pic not has face
WARNING:root: Error: Error_code: 222202 Error_msg: pic not has face
WARNING:root: Error: Error_code: 222202 Error_msg: pic not has face
WARNING:root: Error: Error_code: 222202 Error_msg: pic not has face
WARNING:root: Error: Error_code: 222202 Error_msg: pic not has face
WARNING:root: Error: Error_code: 222202 Error_msg: pic not has face
WARNING:root: Error: Error_code: 222202 Error_msg: pic not has face
WARNING:root: Error: Error_code: 222202 Error_msg: pic not has face
WARNING:root: Error: Error_code: 222202 Error_msg: pic not has face
WARNING:root: Error: Error_code: 222202 Error_msg: pic not has face
WARNING:root: Error: Error_code: 222202 Error_msg: pic not has face
WARNING:root: Error: Error_code: 222202 Error_msg: pic not has face
WARNING:root: Error: Error_code: 222202 Error_msg: pic not has face
WARNING:root: Error: Error_code: 222202 Error_msg: pic not has face
WARNING:root: Error: Error_code: 222202 Error_msg: pic not has face
WARNING:root: Error: Error_code: 222202 Error_msg: pic not has face
WARNING:root: Error: Error_code: 222202 Error_msg: pic not has face
WARNING:root: Error: Error_code: 222202 Error_msg: pic not has face
WARNING:root: Error: Error_code: 222202 Error_msg: pic not has face
WARNING:root: Error: Error_code: 222202 Error_msg: pic not has face
WARNING:root: Error: Error_code: 222202 Error_msg: pic not has face
WARNING:root: Error: Error_code: 222202 Error_msg: pic not has face
WARNING:root: Error: Error_code: 222202 Error_msg: pic not has face
WARNING:root: Error: Error_code: 222202 Error_msg: pic not has face
WARNING:root: Error: Error_code: 222202 Error_msg: pic not has face
WARNING:root: Error: Error_code: 222202 Error_msg: pic not has face
WARNING:root: Error: Error_code: 222202 Error_msg: pic not has face
WARNING:root: Error: Error_code: 222202 Error_msg: pic not has face
WARNING:root: Error: Error_code: 222202 Error_msg: pic not has face
WARNING:root: Error: Error_code: 222202 Error_msg: pic not has face
WARNING:root: Error: Error_code: 222202 Error_msg: pic not has face
WARNING:root: Error: Error_code: 222202 Error_msg: pic not has face
WARNING:root: Error: Error_code: 222202 Error_msg: pic not has face
WARNING:root: Error: Error_code: 222202 Error_msg: pic not has face
WARNING:root: Error: Error_code: 222202 Error_msg: pic not has face
WARNING:root: Error: Error_code: 222202 Error_msg: pic not has face
WARNING:root: Error: Error_code: 222202 Error_msg: pic not has face
WARNING:root: Error: Error_code: 222202 Error_msg: pic not has face
WARNING:root: Error: Error_code: 222202 Error_msg: pic not has face
WARNING:root: Error: Error_code: 222202 Error_msg: pic not has face
WARNING:root: Error: Error_code: 222202 Error_msg: pic not has face
WARNING:root: Error: Error_code: 222202 Error_msg: pic not has face
WARNING:root: Error: Error_code: 222202 Error_msg: pic not has face
WARNING:root: Error: Error_code: 222202 Error_msg: pic not has face
WARNING:root: Error: Error_code: 222202 Error_msg: pic not has face
WARNING:root: Error: Error_code: 222202 Error_msg: pic not has face
WARNING:root: Error: Error_code: 222202 Error_msg: pic not has face
WARNING:root: Error: Error_code: 222202 Error_msg: pic not has face
WARNING:root: Error: Error_code: 222202 Error_msg: pic not has face
51.7660942078
1544085742
unknown
52.5011672974
1544085744
unknown
53.6101608276
1544085745
unknown
WARNING:root: Error: Error_code: 222202 Error_msg: pic not has face
47.7626647949
1544085747
unknown
49.5951538086
1544085748
unknown
48.1930541992
1544085749
unknown
50.4805297852
1544085750
unknown
52.3709259033
1544085751
unknown
51.3643798828
1544085752
unknown
45.8831596375
1544085753
unknown
46.6188583374
1544085754
unknown
57.4560127258
1544085755
unknown
51.8909759521
1544085756
unknown
56.236240387
1544085758
unknown
WARNING:root: Error: Error_code: 222202 Error_msg: pic not has face
WARNING:root: Error: Error_code: 222202 Error_msg: pic not has face
WARNING:root: Error: Error_code: 222202 Error_msg: pic not has face
WARNING:root: Error: Error_code: 222202 Error_msg: pic not has face
51.4543304443
1544085762
unknown
55.2676010132
1544085763
unknown
52.183921814
1544085764
unknown
51.3827629089
1544085765
unknown
48.3016166687
1544085766
unknown
WARNING:root: Error: Error_code: 222202 Error_msg: pic not has face
53.4722366333
1544085768
unknown
54.3031311035
1544085769
unknown
47.1469802856
1544085770
unknown
56.2839202881
1544085771
unknown
54.5431518555
1544085772
unknown
50.8140716553
1544085773
unknown
50.645072937
1544085775
unknown
WARNING:root: Error: Error_code: 222202 Error_msg: pic not has face
WARNING:root: Error: Error_code: 222202 Error_msg: pic not has face
62.4654083252
1544085777
unknown
WARNING:root: Error: Error_code: 222202 Error_msg: pic not has face
WARNING:root: Error: Error_code: 222202 Error_msg: pic not has face
WARNING:root: Error: Error_code: 222202 Error_msg: pic not has face
WARNING:root: Error: Error_code: 222202 Error_msg: pic not has face
WARNING:root: Error: Error_code: 222202 Error_msg: pic not has face
WARNING:root: Error: Error_code: 222202 Error_msg: pic not has face
70.0626525879
1544085783
unknown
WARNING:root: Error: Error_code: 222202 Error_msg: pic not has face
65.817779541
1544085785
unknown
46.1522064209
1544085786
unknown
51.3982315063
1544085787
unknown
49.9249267578
1544085788
unknown
WARNING:root: Error: Error_code: 222202 Error_msg: pic not has face
50.7378921509
1544085790
unknown
47.2335586548
1544085791
unknown
WARNING:root: Error: Error_code: 222202 Error_msg: pic not has face
WARNING:root: Error: Error_code: 222202 Error_msg: pic not has face
WARNING:root: Error: Error_code: 222202 Error_msg: pic not has face
WARNING:root: Error: Error_code: 222202 Error_msg: pic not has face
WARNING:root: Error: Error_code: 222202 Error_msg: pic not has face
60.7879180908
1544085796
unknown
51.1053657532
1544085797
unknown
90.5569534302
1544085798
liuyusen
time: 0.00253701210022
60.500038147
1544085800
unknown
46.4473838806
1544085801
unknown
63.7221107483
1544085802
unknown
69.09400177
1544085803
unknown
46.1090393066
1544085804
unknown
43.0858459473
1544085805
unknown
46.6491851807
1544085806
unknown
41.0733680725
1544085807
unknown
45.5304260254
1544085808
unknown
45.2630195618
1544085809
unknown
47.4095954895
1544085810
unknown
WARNING:root: Error: Error_code: 222202 Error_msg: pic not has face
51.0908927917
1544085813
unknown
52.2989120483
1544085814
unknown
WARNING:root: Error: Error_code: 222202 Error_msg: pic not has face
WARNING:root: Error: Error_code: 222202 Error_msg: pic not has face
WARNING:root: Error: Error_code: 222202 Error_msg: pic not has face
WARNING:root: Error: Error_code: 222202 Error_msg: pic not has face
WARNING:root: Error: Error_code: 222202 Error_msg: pic not has face
WARNING:root: Error: Error_code: 222202 Error_msg: pic not has face
WARNING:root: Error: Error_code: 222202 Error_msg: pic not has face
WARNING:root: Error: Error_code: 222202 Error_msg: pic not has face
WARNING:root: Error: Error_code: 222202 Error_msg: pic not has face
WARNING:root: Error: Error_code: 222202 Error_msg: pic not has face
WARNING:root: Error: Error_code: 222202 Error_msg: pic not has face
WARNING:root: Error: Error_code: 222202 Error_msg: pic not has face
WARNING:root: Error: Error_code: 222202 Error_msg: pic not has face
WARNING:root: Error: Error_code: 222202 Error_msg: pic not has face
WARNING:root: Error: Error_code: 222202 Error_msg: pic not has face
WARNING:root: Error: Error_code: 222202 Error_msg: pic not has face
WARNING:root: Error: Error_code: 222202 Error_msg: pic not has face
WARNING:root: Error: Error_code: 222202 Error_msg: pic not has face
WARNING:root: Error: Error_code: 222202 Error_msg: pic not has face
WARNING:root: Error: Error_code: 222202 Error_msg: pic not has face
WARNING:root: Error: Error_code: 222202 Error_msg: pic not has face
WARNING:root: Error: Error_code: 222202 Error_msg: pic not has face
58.7332191467
1544085832
unknown
WARNING:root: Error: Error_code: 222202 Error_msg: pic not has face
55.728603363
1544085834
unknown
48.5506362915
1544085835
unknown
56.4081039429
1544085837
unknown
WARNING:root: Error: Error_code: 222202 Error_msg: pic not has face
46.4153862
1544085848
unknown
63.385887146
1544085850
unknown
54.6752853394
1544085851
unknown
51.3662872314
1544085852
unknown
42.3323822021
1544085853
unknown
WARNING:root: Error: Error_code: 222202 Error_msg: pic not has face
WARNING:root: Error: Error_code: 222202 Error_msg: pic not has face
56.5126686096
1544085856
unknown
WARNING:root: Error: Error_code: 222202 Error_msg: pic not has face
WARNING:root: Error: Error_code: 222202 Error_msg: pic not has face
WARNING:root: Error: Error_code: 222202 Error_msg: pic not has face
46.75415802
1544085859
unknown
50.3605079651
1544085860
unknown
WARNING:root: Error: Error_code: 222202 Error_msg: pic not has face
52.0847740173
1544085862
unknown
60.912902832
1544085863
unknown
WARNING:root: Error: Error_code: 222202 Error_msg: pic not has face
WARNING:root: Error: Error_code: 222202 Error_msg: pic not has face
WARNING:root: Error: Error_code: 222202 Error_msg: pic not has face
58.0954208374
1544085866
unknown
WARNING:root: Error: Error_code: 222202 Error_msg: pic not has face
47.6517944336
1544085868
unknown
52.0621032715
1544085869
unknown
44.9072685242
1544085870
unknown
52.7736091614
1544085871
unknown
54.4695358276
1544085873
unknown
54.1941452026
1544085874
unknown
54.5748519897
1544085875
unknown
55.1485061646
1544085876
unknown
56.5479202271
1544085877
unknown
52.7630653381
1544085878
unknown
58.8307266235
1544085879
unknown
61.2223205566
1544085881
unknown
61.20054245
1544085882
unknown
60.9053573608
1544085883
unknown
56.6788139343
1544085884
unknown
57.3259963989
1544085885
unknown
62.4532241821
1544085886
unknown
53.452457428
1544085887
unknown
48.7901229858
1544085888
unknown
53.8427886963
1544085889
unknown
50.2913856506
1544085890
unknown
WARNING:root: Error: Error_code: 222202 Error_msg: pic not has face
WARNING:root: Error: Error_code: 222202 Error_msg: pic not has face
45.6895561218
1544085893
unknown
53.6078681946
1544085894
unknown
WARNING:root: Error: Error_code: 222202 Error_msg: pic not has face
WARNING:root: Error: Error_code: 222202 Error_msg: pic not has face
47.565662384
1544085897
unknown
52.0141334534
1544085898
unknown
46.7235679626
1544085899
unknown
WARNING:root: Error: Error_code: 222202 Error_msg: pic not has face
WARNING:root: Error: Error_code: 222202 Error_msg: pic not has face
39.587310791
1544085902
unknown
59.9782333374
1544085903
unknown
WARNING:root: Error: Error_code: 222202 Error_msg: pic not has face
57.675868988
1544085905
unknown
62.4264640808
1544085906
unknown
61.7134399414
1544085907
unknown
60.6607322693
1544085908
unknown
54.2387008667
1544085909
unknown
50.5422706604
1544085911
unknown
WARNING:root: Error: Error_code: 222202 Error_msg: pic not has face
59.5414352417
1544085912
unknown
45.6921272278
1544085914
unknown
WARNING:root: Error: Error_code: 222202 Error_msg: pic not has face
55.6860313416
1544085915
unknown
57.4557266235
1544085916
unknown
62.1588668823
1544085917
unknown
63.6209945679
1544085919
unknown
58.5463371277
1544085920
unknown
WARNING:root: Error: Error_code: 222202 Error_msg: pic not has face
59.4697952271
1544085922
unknown
53.2294807434
1544085923
unknown
60.37707901
1544085924
unknown
50.2512893677
1544085925
unknown
55.3509407043
1544085926
unknown
WARNING:root: Error: Error_code: 222202 Error_msg: pic not has face
WARNING:root: Error: Error_code: 222202 Error_msg: pic not has face
WARNING:root: Error: Error_code: 222202 Error_msg: pic not has face
WARNING:root: Error: Error_code: 222202 Error_msg: pic not has face
WARNING:root: Error: Error_code: 222202 Error_msg: pic not has face
WARNING:root: Error: Error_code: 222202 Error_msg: pic not has face
WARNING:root: Error: Error_code: 222202 Error_msg: pic not has face
WARNING:root: Error: Error_code: 222202 Error_msg: pic not has face
WARNING:root: Error: Error_code: 222202 Error_msg: pic not has face
WARNING:root: Error: Error_code: 222202 Error_msg: pic not has face
50.4567985535
1544085935
unknown
57.0429725647
1544085936
unknown
46.1481781006
1544085938
unknown
WARNING:root: Error: Error_code: 222202 Error_msg: pic not has face
WARNING:root: Error: Error_code: 222202 Error_msg: pic not has face
WARNING:root: Error: Error_code: 222202 Error_msg: pic not has face
WARNING:root: Error: Error_code: 222202 Error_msg: pic not has face
WARNING:root: Error: Error_code: 222202 Error_msg: pic not has face
WARNING:root: Error: Error_code: 222202 Error_msg: pic not has face
WARNING:root: Error: Error_code: 222202 Error_msg: pic not has face
52.6155853271
1544085944
unknown
WARNING:root: Error: Error_code: 222202 Error_msg: pic not has face
WARNING:root: Error: Error_code: 222202 Error_msg: pic not has face
WARNING:root: Error: Error_code: 222202 Error_msg: pic not has face
WARNING:root: Error: Error_code: 222202 Error_msg: pic not has face
56.653717041
1544085948
unknown
WARNING:root: Error: Error_code: 222202 Error_msg: pic not has face
WARNING:root: Error: Error_code: 222202 Error_msg: pic not has face
WARNING:root: Error: Error_code: 222202 Error_msg: pic not has face
WARNING:root: Error: Error_code: 222202 Error_msg: pic not has face
WARNING:root: Error: Error_code: 222202 Error_msg: pic not has face
WARNING:root: Error: Error_code: 222202 Error_msg: pic not has face
WARNING:root: Error: Error_code: 222202 Error_msg: pic not has face
WARNING:root: Error: Error_code: 222202 Error_msg: pic not has face
WARNING:root: Error: Error_code: 222202 Error_msg: pic not has face
WARNING:root: Error: Error_code: 222202 Error_msg: pic not has face
WARNING:root: Error: Error_code: 222202 Error_msg: pic not has face
WARNING:root: Error: Error_code: 222202 Error_msg: pic not has face
WARNING:root: Error: Error_code: 222202 Error_msg: pic not has face
47.9065704346
1544085959
unknown
60.0604705811
1544085960
unknown
59.8874397278
1544085961
unknown
56.0820274353
1544085962
unknown
55.6914100647
1544085963
unknown
52.2152862549
1544085964
unknown
WARNING:root: Error: Error_code: 222202 Error_msg: pic not has face
WARNING:root: Error: Error_code: 222202 Error_msg: pic not has face
58.2440185547
1544085967
unknown
50.1083259583
1544085968
unknown
61.4477806091
1544085969
unknown
WARNING:root: Error: Error_code: 222202 Error_msg: pic not has face
WARNING:root: Error: Error_code: 222202 Error_msg: pic not has face
WARNING:root: Error: Error_code: 222202 Error_msg: pic not has face
WARNING:root: Error: Error_code: 222202 Error_msg: pic not has face
WARNING:root: Error: Error_code: 222202 Error_msg: pic not has face
WARNING:root: Error: Error_code: 222202 Error_msg: pic not has face
WARNING:root: Error: Error_code: 222202 Error_msg: pic not has face
WARNING:root: Error: Error_code: 222202 Error_msg: pic not has face
WARNING:root: Error: Error_code: 222202 Error_msg: pic not has face
WARNING:root: Error: Error_code: 222202 Error_msg: pic not has face
WARNING:root: Error: Error_code: 222202 Error_msg: pic not has face
WARNING:root: Error: Error_code: 222202 Error_msg: pic not has face
WARNING:root: Error: Error_code: 222202 Error_msg: pic not has face
WARNING:root: Error: Error_code: 222202 Error_msg: pic not has face
WARNING:root: Error: Error_code: 222202 Error_msg: pic not has face
WARNING:root: Error: Error_code: 222202 Error_msg: pic not has face
WARNING:root: Error: Error_code: 222202 Error_msg: pic not has face
WARNING:root: Error: Error_code: 222202 Error_msg: pic not has face
WARNING:root: Error: Error_code: 222202 Error_msg: pic not has face
WARNING:root: Error: Error_code: 222202 Error_msg: pic not has face
WARNING:root: Error: Error_code: 222202 Error_msg: pic not has face
WARNING:root: Error: Error_code: 222202 Error_msg: pic not has face
WARNING:root: Error: Error_code: 222202 Error_msg: pic not has face
WARNING:root: Error: Error_code: 222202 Error_msg: pic not has face
WARNING:root: Error: Error_code: 222202 Error_msg: pic not has face
WARNING:root: Error: Error_code: 222202 Error_msg: pic not has face
WARNING:root: Error: Error_code: 222202 Error_msg: pic not has face
WARNING:root: Error: Error_code: 222202 Error_msg: pic not has face
WARNING:root: Error: Error_code: 222202 Error_msg: pic not has face
WARNING:root: Error: Error_code: 222202 Error_msg: pic not has face
WARNING:root: Error: Error_code: 222202 Error_msg: pic not has face
54.0713806152
1544085994
unknown
50.344619751
1544085995
unknown
WARNING:root: Error: Error_code: 222202 Error_msg: pic not has face
54.6382369995
1544085997
unknown
WARNING:root: Error: Error_code: 222202 Error_msg: pic not has face
WARNING:root: Error: Error_code: 222202 Error_msg: pic not has face
WARNING:root: Error: Error_code: 222202 Error_msg: pic not has face
53.6272315979
1544086000
unknown
52.566116333
1544086001
unknown
WARNING:root: Error: Error_code: 222202 Error_msg: pic not has face
WARNING:root: Error: Error_code: 222202 Error_msg: pic not has face
WARNING:root: Error: Error_code: 222202 Error_msg: pic not has face
WARNING:root: Error: Error_code: 222202 Error_msg: pic not has face
WARNING:root: Error: Error_code: 222202 Error_msg: pic not has face
WARNING:root: Error: Error_code: 222202 Error_msg: pic not has face
90.9557952881
1544086007
liudongbo
time: 0.00276207923889
91.8547897339
1544086008
liudongbo
WARNING:root:Same person
WARNING:root: Error: Error_code: 222202 Error_msg: pic not has face
WARNING:root: Error: Error_code: 222202 Error_msg: pic not has face
WARNING:root: Error: Error_code: 222202 Error_msg: pic not has face
47.9182777405
1544086011
unknown
60.6403045654
1544086012
unknown
WARNING:root: Error: Error_code: 222202 Error_msg: pic not has face
WARNING:root: Error: Error_code: 222202 Error_msg: pic not has face
WARNING:root: Error: Error_code: 222202 Error_msg: pic not has face
WARNING:root: Error: Error_code: 222202 Error_msg: pic not has face
WARNING:root: Error: Error_code: 222202 Error_msg: pic not has face
59.8755149841
1544086017
unknown
56.8291358948
1544086018
unknown
WARNING:root: Error: Error_code: 222202 Error_msg: pic not has face
59.04296875
1544086020
unknown
WARNING:root: Error: Error_code: 222202 Error_msg: pic not has face
WARNING:root: Error: Error_code: 222202 Error_msg: pic not has face
WARNING:root: Error: Error_code: 222202 Error_msg: pic not has face
52.8334350586
1544086023
unknown
WARNING:root: Error: Error_code: 222202 Error_msg: pic not has face
WARNING:root: Error: Error_code: 222202 Error_msg: pic not has face
WARNING:root: Error: Error_code: 222202 Error_msg: pic not has face
WARNING:root: Error: Error_code: 222202 Error_msg: pic not has face
WARNING:root: Error: Error_code: 222202 Error_msg: pic not has face
54.0039482117
1544086028
unknown
WARNING:root: Error: Error_code: 222202 Error_msg: pic not has face
WARNING:root: Error: Error_code: 222202 Error_msg: pic not has face
WARNING:root: Error: Error_code: 222202 Error_msg: pic not has face
WARNING:root: Error: Error_code: 222202 Error_msg: pic not has face
WARNING:root: Error: Error_code: 222202 Error_msg: pic not has face
WARNING:root: Error: Error_code: 222202 Error_msg: pic not has face
45.3617172241
1544086034
unknown
WARNING:root: Error: Error_code: 222202 Error_msg: pic not has face
WARNING:root: Error: Error_code: 222202 Error_msg: pic not has face
WARNING:root: Error: Error_code: 222202 Error_msg: pic not has face
WARNING:root: Error: Error_code: 222202 Error_msg: pic not has face
WARNING:root: Error: Error_code: 222202 Error_msg: pic not has face
WARNING:root: Error: Error_code: 222202 Error_msg: pic not has face
WARNING:root: Error: Error_code: 222202 Error_msg: pic not has face
WARNING:root: Error: Error_code: 222202 Error_msg: pic not has face
WARNING:root: Error: Error_code: 222202 Error_msg: pic not has face
WARNING:root: Error: Error_code: 222202 Error_msg: pic not has face
WARNING:root: Error: Error_code: 222202 Error_msg: pic not has face
WARNING:root: Error: Error_code: 222202 Error_msg: pic not has face
WARNING:root: Error: Error_code: 222202 Error_msg: pic not has face
WARNING:root: Error: Error_code: 222202 Error_msg: pic not has face
WARNING:root: Error: Error_code: 222202 Error_msg: pic not has face
WARNING:root: Error: Error_code: 222202 Error_msg: pic not has face
WARNING:root: Error: Error_code: 222202 Error_msg: pic not has face
52.2489547729
1544086047
unknown
WARNING:root: Error: Error_code: 222202 Error_msg: pic not has face
WARNING:root: Error: Error_code: 222202 Error_msg: pic not has face
WARNING:root: Error: Error_code: 222202 Error_msg: pic not has face
WARNING:root: Error: Error_code: 222202 Error_msg: pic not has face
WARNING:root: Error: Error_code: 222202 Error_msg: pic not has face
WARNING:root: Error: Error_code: 222202 Error_msg: pic not has face
WARNING:root: Error: Error_code: 222202 Error_msg: pic not has face
62.1108169556
1544086054
unknown
WARNING:root: Error: Error_code: 222202 Error_msg: pic not has face
38.2524490356
1544086056
unknown
WARNING:root: Error: Error_code: 222202 Error_msg: pic not has face
WARNING:root: Error: Error_code: 222202 Error_msg: pic not has face
WARNING:root: Error: Error_code: 222202 Error_msg: pic not has face
WARNING:root: Error: Error_code: 222202 Error_msg: pic not has face
WARNING:root: Error: Error_code: 222202 Error_msg: pic not has face
WARNING:root: Error: Error_code: 222202 Error_msg: pic not has face
WARNING:root: Error: Error_code: 222202 Error_msg: pic not has face
WARNING:root: Error: Error_code: 222202 Error_msg: pic not has face
WARNING:root: Error: Error_code: 222202 Error_msg: pic not has face
WARNING:root: Error: Error_code: 222202 Error_msg: pic not has face
WARNING:root: Error: Error_code: 222202 Error_msg: pic not has face
WARNING:root: Error: Error_code: 222202 Error_msg: pic not has face
WARNING:root: Error: Error_code: 222202 Error_msg: pic not has face
WARNING:root: Error: Error_code: 222202 Error_msg: pic not has face
WARNING:root: Error: Error_code: 222202 Error_msg: pic not has face
WARNING:root: Error: Error_code: 222202 Error_msg: pic not has face
WARNING:root: Error: Error_code: 222202 Error_msg: pic not has face
54.1770362854
1544086070
unknown
WARNING:root: Error: Error_code: 222202 Error_msg: pic not has face
WARNING:root: Error: Error_code: 222202 Error_msg: pic not has face
WARNING:root: Error: Error_code: 222202 Error_msg: pic not has face
WARNING:root: Error: Error_code: 222202 Error_msg: pic not has face
WARNING:root: Error: Error_code: 222202 Error_msg: pic not has face
WARNING:root: Error: Error_code: 222202 Error_msg: pic not has face
WARNING:root: Error: Error_code: 222202 Error_msg: pic not has face
WARNING:root: Error: Error_code: 222202 Error_msg: pic not has face
WARNING:root: Error: Error_code: 222202 Error_msg: pic not has face
WARNING:root: Error: Error_code: 222202 Error_msg: pic not has face
WARNING:root: Error: Error_code: 222202 Error_msg: pic not has face
WARNING:root: Error: Error_code: 222202 Error_msg: pic not has face
WARNING:root: Error: Error_code: 222202 Error_msg: pic not has face
54.8897895813
1544086082
unknown
WARNING:root: Error: Error_code: 222202 Error_msg: pic not has face
WARNING:root: Error: Error_code: 222202 Error_msg: pic not has face
53.9685211182
1544086085
unknown
51.4059295654
1544086086
unknown
54.433391571
1544086087
unknown
WARNING:root: Error: Error_code: 222202 Error_msg: pic not has face
45.9637641907
1544086088
unknown
WARNING:root: Error: Error_code: 222202 Error_msg: pic not has face
WARNING:root: Error: Error_code: 222202 Error_msg: pic not has face
WARNING:root: Error: Error_code: 222202 Error_msg: pic not has face
WARNING:root: Error: Error_code: 222202 Error_msg: pic not has face
WARNING:root: Error: Error_code: 222202 Error_msg: pic not has face
WARNING:root: Error: Error_code: 222202 Error_msg: pic not has face
WARNING:root: Error: Error_code: 222202 Error_msg: pic not has face
WARNING:root: Error: Error_code: 222202 Error_msg: pic not has face
WARNING:root: Error: Error_code: 222202 Error_msg: pic not has face
WARNING:root: Error: Error_code: 222202 Error_msg: pic not has face
WARNING:root: Error: Error_code: 222202 Error_msg: pic not has face
WARNING:root: Error: Error_code: 222202 Error_msg: pic not has face
WARNING:root: Error: Error_code: 222202 Error_msg: pic not has face
WARNING:root: Error: Error_code: 222202 Error_msg: pic not has face
WARNING:root: Error: Error_code: 222202 Error_msg: pic not has face
WARNING:root: Error: Error_code: 222202 Error_msg: pic not has face
WARNING:root: Error: Error_code: 222202 Error_msg: pic not has face
WARNING:root: Error: Error_code: 222202 Error_msg: pic not has face
WARNING:root: Error: Error_code: 222202 Error_msg: pic not has face
WARNING:root: Error: Error_code: 222202 Error_msg: pic not has face
WARNING:root: Error: Error_code: 222202 Error_msg: pic not has face
WARNING:root: Error: Error_code: 222202 Error_msg: pic not has face
WARNING:root: Error: Error_code: 222202 Error_msg: pic not has face
WARNING:root: Error: Error_code: 222202 Error_msg: pic not has face
WARNING:root: Error: Error_code: 222202 Error_msg: pic not has face
WARNING:root: Error: Error_code: 222202 Error_msg: pic not has face
WARNING:root: Error: Error_code: 222202 Error_msg: pic not has face
WARNING:root: Error: Error_code: 222202 Error_msg: pic not has face
WARNING:root: Error: Error_code: 222202 Error_msg: pic not has face
WARNING:root: Error: Error_code: 222202 Error_msg: pic not has face
WARNING:root: Error: Error_code: 222202 Error_msg: pic not has face
WARNING:root: Error: Error_code: 222202 Error_msg: pic not has face
WARNING:root: Error: Error_code: 222202 Error_msg: pic not has face
WARNING:root: Error: Error_code: 222202 Error_msg: pic not has face
WARNING:root: Error: Error_code: 222202 Error_msg: pic not has face
WARNING:root: Error: Error_code: 222202 Error_msg: pic not has face
WARNING:root: Error: Error_code: 222202 Error_msg: pic not has face
WARNING:root: Error: Error_code: 222202 Error_msg: pic not has face
WARNING:root: Error: Error_code: 222202 Error_msg: pic not has face
WARNING:root: Error: Error_code: 222202 Error_msg: pic not has face
WARNING:root: Error: Error_code: 222202 Error_msg: pic not has face
WARNING:root: Error: Error_code: 222202 Error_msg: pic not has face
WARNING:root: Error: Error_code: 222202 Error_msg: pic not has face
WARNING:root: Error: Error_code: 222202 Error_msg: pic not has face
WARNING:root: Error: Error_code: 222202 Error_msg: pic not has face
WARNING:root: Error: Error_code: 222202 Error_msg: pic not has face
WARNING:root: Error: Error_code: 222202 Error_msg: pic not has face
WARNING:root: Error: Error_code: 222202 Error_msg: pic not has face
WARNING:root: Error: Error_code: 222202 Error_msg: pic not has face
WARNING:root: Error: Error_code: 222202 Error_msg: pic not has face
WARNING:root: Error: Error_code: 222202 Error_msg: pic not has face
WARNING:root: Error: Error_code: 222202 Error_msg: pic not has face
WARNING:root: Error: Error_code: 222202 Error_msg: pic not has face
49.100769043
1544086129
unknown
46.1955986023
1544086130
unknown
WARNING:root: Error: Error_code: 222202 Error_msg: pic not has face
WARNING:root: Error: Error_code: 222202 Error_msg: pic not has face
WARNING:root: Error: Error_code: 222202 Error_msg: pic not has face
67.15209198
1544086134
unknown
WARNING:root: Error: Error_code: 222202 Error_msg: pic not has face
WARNING:root: Error: Error_code: 222202 Error_msg: pic not has face
WARNING:root: Error: Error_code: 222202 Error_msg: pic not has face
WARNING:root: Error: Error_code: 222202 Error_msg: pic not has face
WARNING:root: Error: Error_code: 222202 Error_msg: pic not has face
WARNING:root: Error: Error_code: 222202 Error_msg: pic not has face
WARNING:root: Error: Error_code: 222202 Error_msg: pic not has face
WARNING:root: Error: Error_code: 222202 Error_msg: pic not has face
WARNING:root: Error: Error_code: 222202 Error_msg: pic not has face
WARNING:root: Error: Error_code: 18 Error_msg: Open api qps request limit reached
WARNING:root: Error: Error_code: 222202 Error_msg: pic not has face
WARNING:root: Error: Error_code: 222202 Error_msg: pic not has face
WARNING:root: Error: Error_code: 18 Error_msg: Open api qps request limit reached
WARNING:root: Error: Error_code: 222202 Error_msg: pic not has face
WARNING:root: Error: Error_code: 222202 Error_msg: pic not has face
WARNING:root: Error: Error_code: 222202 Error_msg: pic not has face
WARNING:root: Error: Error_code: 18 Error_msg: Open api qps request limit reached
WARNING:root: Error: Error_code: 222202 Error_msg: pic not has face
WARNING:root: Error: Error_code: 222202 Error_msg: pic not has face
WARNING:root: Error: Error_code: 18 Error_msg: Open api qps request limit reached
WARNING:root: Error: Error_code: 222202 Error_msg: pic not has face
WARNING:root: Error: Error_code: 222202 Error_msg: pic not has face
WARNING:root: Error: Error_code: 222202 Error_msg: pic not has face
WARNING:root: Error: Error_code: 222202 Error_msg: pic not has face
WARNING:root: Error: Error_code: 222202 Error_msg: pic not has face
WARNING:root: Error: Error_code: 222202 Error_msg: pic not has face
WARNING:root: Error: Error_code: 222202 Error_msg: pic not has face
WARNING:root: Error: Error_code: 222202 Error_msg: pic not has face
WARNING:root: Error: Error_code: 222202 Error_msg: pic not has face
WARNING:root: Error: Error_code: 222202 Error_msg: pic not has face
WARNING:root: Error: Error_code: 18 Error_msg: Open api qps request limit reached
WARNING:root: Error: Error_code: 222202 Error_msg: pic not has face
WARNING:root: Error: Error_code: 222202 Error_msg: pic not has face
WARNING:root: Error: Error_code: 18 Error_msg: Open api qps request limit reached
WARNING:root: Error: Error_code: 222202 Error_msg: pic not has face
WARNING:root: Error: Error_code: 222202 Error_msg: pic not has face
WARNING:root: Error: Error_code: 222202 Error_msg: pic not has face
WARNING:root: Error: Error_code: 222202 Error_msg: pic not has face
WARNING:root: Error: Error_code: 222202 Error_msg: pic not has face
WARNING:root: Error: Error_code: 222202 Error_msg: pic not has face
WARNING:root: Error: Error_code: 222202 Error_msg: pic not has face
WARNING:root: Error: Error_code: 18 Error_msg: Open api qps request limit reached
WARNING:root: Error: Error_code: 222202 Error_msg: pic not has face
WARNING:root: Error: Error_code: 222202 Error_msg: pic not has face
31.8651733398
1544086167
unknown
WARNING:root: Error: Error_code: 222202 Error_msg: pic not has face
WARNING:root: Error: Error_code: 222202 Error_msg: pic not has face
WARNING:root: Error: Error_code: 222202 Error_msg: pic not has face
WARNING:root: Error: Error_code: 222202 Error_msg: pic not has face
WARNING:root: Error: Error_code: 18 Error_msg: Open api qps request limit reached
WARNING:root: Error: Error_code: 222202 Error_msg: pic not has face
WARNING:root: Error: Error_code: 222202 Error_msg: pic not has face
WARNING:root: Error: Error_code: 18 Error_msg: Open api qps request limit reached
WARNING:root: Error: Error_code: 222202 Error_msg: pic not has face
WARNING:root: Error: Error_code: 222202 Error_msg: pic not has face
WARNING:root: Error: Error_code: 222202 Error_msg: pic not has face
WARNING:root: Error: Error_code: 222202 Error_msg: pic not has face
WARNING:root: Error: Error_code: 222202 Error_msg: pic not has face
WARNING:root: Error: Error_code: 222202 Error_msg: pic not has face
WARNING:root: Error: Error_code: 222202 Error_msg: pic not has face
WARNING:root: Error: Error_code: 222202 Error_msg: pic not has face
WARNING:root: Error: Error_code: 222202 Error_msg: pic not has face
59.4033660889
1544086181
unknown
WARNING:root: Error: Error_code: 222202 Error_msg: pic not has face
WARNING:root: Error: Error_code: 222202 Error_msg: pic not has face
WARNING:root: Error: Error_code: 222202 Error_msg: pic not has face
WARNING:root: Error: Error_code: 222202 Error_msg: pic not has face
WARNING:root: Error: Error_code: 222202 Error_msg: pic not has face
WARNING:root: Error: Error_code: 222202 Error_msg: pic not has face
WARNING:root: Error: Error_code: 222202 Error_msg: pic not has face
WARNING:root: Error: Error_code: 222202 Error_msg: pic not has face
WARNING:root: Error: Error_code: 222202 Error_msg: pic not has face
54.522693634
1544086189
unknown
WARNING:root: Error: Error_code: 222202 Error_msg: pic not has face
WARNING:root: Error: Error_code: 222202 Error_msg: pic not has face
WARNING:root: Error: Error_code: 222202 Error_msg: pic not has face
WARNING:root: Error: Error_code: 222202 Error_msg: pic not has face
WARNING:root: Error: Error_code: 222202 Error_msg: pic not has face
WARNING:root: Error: Error_code: 222202 Error_msg: pic not has face
WARNING:root: Error: Error_code: 222202 Error_msg: pic not has face
WARNING:root: Error: Error_code: 222202 Error_msg: pic not has face
WARNING:root: Error: Error_code: 222202 Error_msg: pic not has face
WARNING:root: Error: Error_code: 222202 Error_msg: pic not has face
WARNING:root: Error: Error_code: 222202 Error_msg: pic not has face
WARNING:root: Error: Error_code: 222202 Error_msg: pic not has face
88.1311035156
1544086199
xuhuanmin
time: 0.0021390914917
60.8039398193
1544086200
unknown
WARNING:root: Error: Error_code: 222202 Error_msg: pic not has face
WARNING:root: Error: Error_code: 222202 Error_msg: pic not has face
WARNING:root: Error: Error_code: 222202 Error_msg: pic not has face
WARNING:root: Error: Error_code: 222202 Error_msg: pic not has face
WARNING:root: Error: Error_code: 222202 Error_msg: pic not has face
44.12059021
1544086205
unknown
WARNING:root: Error: Error_code: 222202 Error_msg: pic not has face
WARNING:root: Error: Error_code: 222202 Error_msg: pic not has face
WARNING:root: Error: Error_code: 222202 Error_msg: pic not has face
WARNING:root: Error: Error_code: 222202 Error_msg: pic not has face
WARNING:root: Error: Error_code: 222202 Error_msg: pic not has face
WARNING:root: Error: Error_code: 222202 Error_msg: pic not has face
WARNING:root: Error: Error_code: 222202 Error_msg: pic not has face
WARNING:root: Error: Error_code: 222202 Error_msg: pic not has face
WARNING:root: Error: Error_code: 222202 Error_msg: pic not has face
WARNING:root: Error: Error_code: 222202 Error_msg: pic not has face
WARNING:root: Error: Error_code: 222202 Error_msg: pic not has face
WARNING:root: Error: Error_code: 222202 Error_msg: pic not has face
WARNING:root: Error: Error_code: 222202 Error_msg: pic not has face
WARNING:root: Error: Error_code: 222202 Error_msg: pic not has face
WARNING:root: Error: Error_code: 222202 Error_msg: pic not has face
WARNING:root: Error: Error_code: 222202 Error_msg: pic not has face
WARNING:root: Error: Error_code: 222202 Error_msg: pic not has face
WARNING:root: Error: Error_code: 222202 Error_msg: pic not has face
WARNING:root: Error: Error_code: 222202 Error_msg: pic not has face
WARNING:root: Error: Error_code: 222202 Error_msg: pic not has face
WARNING:root: Error: Error_code: 222202 Error_msg: pic not has face
WARNING:root: Error: Error_code: 222202 Error_msg: pic not has face
WARNING:root: Error: Error_code: 222202 Error_msg: pic not has face
WARNING:root: Error: Error_code: 222202 Error_msg: pic not has face
WARNING:root: Error: Error_code: 222202 Error_msg: pic not has face
WARNING:root: Error: Error_code: 222202 Error_msg: pic not has face
WARNING:root: Error: Error_code: 222202 Error_msg: pic not has face
WARNING:root: Error: Error_code: 222202 Error_msg: pic not has face
WARNING:root: Error: Error_code: 222202 Error_msg: pic not has face
WARNING:root: Error: Error_code: 222202 Error_msg: pic not has face
WARNING:root: Error: Error_code: 222202 Error_msg: pic not has face
WARNING:root: Error: Error_code: 222202 Error_msg: pic not has face
WARNING:root: Error: Error_code: 222202 Error_msg: pic not has face
WARNING:root: Error: Error_code: 222202 Error_msg: pic not has face
WARNING:root: Error: Error_code: 222202 Error_msg: pic not has face
WARNING:root: Error: Error_code: 222202 Error_msg: pic not has face
WARNING:root: Error: Error_code: 222202 Error_msg: pic not has face
WARNING:root: Error: Error_code: 222202 Error_msg: pic not has face
WARNING:root: Error: Error_code: 222202 Error_msg: pic not has face
WARNING:root: Error: Error_code: 222202 Error_msg: pic not has face
WARNING:root: Error: Error_code: 222202 Error_msg: pic not has face
WARNING:root: Error: Error_code: 222202 Error_msg: pic not has face
WARNING:root: Error: Error_code: 222202 Error_msg: pic not has face
WARNING:root: Error: Error_code: 222202 Error_msg: pic not has face
WARNING:root: Error: Error_code: 222202 Error_msg: pic not has face
WARNING:root: Error: Error_code: 222202 Error_msg: pic not has face
WARNING:root: Error: Error_code: 222202 Error_msg: pic not has face
WARNING:root: Error: Error_code: 222202 Error_msg: pic not has face
WARNING:root: Error: Error_code: 222202 Error_msg: pic not has face
WARNING:root: Error: Error_code: 222202 Error_msg: pic not has face
WARNING:root: Error: Error_code: 222202 Error_msg: pic not has face
WARNING:root: Error: Error_code: 222202 Error_msg: pic not has face
WARNING:root: Error: Error_code: 222202 Error_msg: pic not has face
WARNING:root: Error: Error_code: 222202 Error_msg: pic not has face
WARNING:root: Error: Error_code: 222202 Error_msg: pic not has face
WARNING:root: Error: Error_code: 222202 Error_msg: pic not has face
WARNING:root: Error: Error_code: 222202 Error_msg: pic not has face
WARNING:root: Error: Error_code: 222202 Error_msg: pic not has face
WARNING:root: Error: Error_code: 222202 Error_msg: pic not has face
WARNING:root: Error: Error_code: 222202 Error_msg: pic not has face
WARNING:root: Error: Error_code: 222202 Error_msg: pic not has face
WARNING:root: Error: Error_code: 18 Error_msg: Open api qps request limit reached
WARNING:root: Error: Error_code: 222202 Error_msg: pic not has face
WARNING:root: Error: Error_code: 222202 Error_msg: pic not has face
WARNING:root: Error: Error_code: 222202 Error_msg: pic not has face
WARNING:root: Error: Error_code: 222202 Error_msg: pic not has face
WARNING:root: Error: Error_code: 222202 Error_msg: pic not has face
WARNING:root: Error: Error_code: 222202 Error_msg: pic not has face
WARNING:root: Error: Error_code: 18 Error_msg: Open api qps request limit reached
WARNING:root: Error: Error_code: 222202 Error_msg: pic not has face
WARNING:root: Error: Error_code: 222202 Error_msg: pic not has face
WARNING:root: Error: Error_code: 222202 Error_msg: pic not has face
WARNING:root: Error: Error_code: 18 Error_msg: Open api qps request limit reached
WARNING:root: Error: Error_code: 222202 Error_msg: pic not has face
WARNING:root: Error: Error_code: 222202 Error_msg: pic not has face
WARNING:root: Error: Error_code: 222202 Error_msg: pic not has face
WARNING:root: Error: Error_code: 222202 Error_msg: pic not has face
WARNING:root: Error: Error_code: 222202 Error_msg: pic not has face
WARNING:root: Error: Error_code: 222202 Error_msg: pic not has face
WARNING:root: Error: Error_code: 222202 Error_msg: pic not has face
WARNING:root: Error: Error_code: 222202 Error_msg: pic not has face
WARNING:root: Error: Error_code: 222202 Error_msg: pic not has face
WARNING:root: Error: Error_code: 222202 Error_msg: pic not has face
WARNING:root: Error: Error_code: 222202 Error_msg: pic not has face
WARNING:root: Error: Error_code: 222202 Error_msg: pic not has face
WARNING:root: Error: Error_code: 222202 Error_msg: pic not has face
WARNING:root: Error: Error_code: 222202 Error_msg: pic not has face
WARNING:root: Error: Error_code: 222202 Error_msg: pic not has face
WARNING:root: Error: Error_code: 222202 Error_msg: pic not has face
WARNING:root: Error: Error_code: 222202 Error_msg: pic not has face
WARNING:root: Error: Error_code: 222202 Error_msg: pic not has face
WARNING:root: Error: Error_code: 222202 Error_msg: pic not has face
WARNING:root: Error: Error_code: 222202 Error_msg: pic not has face
WARNING:root: Error: Error_code: 222202 Error_msg: pic not has face
WARNING:root: Error: Error_code: 222202 Error_msg: pic not has face
WARNING:root: Error: Error_code: 222202 Error_msg: pic not has face
WARNING:root: Error: Error_code: 222202 Error_msg: pic not has face
WARNING:root: Error: Error_code: 222202 Error_msg: pic not has face
WARNING:root: Error: Error_code: 222202 Error_msg: pic not has face
52.9152374268
1544086281
unknown
WARNING:root: Error: Error_code: 222202 Error_msg: pic not has face
54.7524604797
1544086283
unknown
WARNING:root: Error: Error_code: 222202 Error_msg: pic not has face
WARNING:root: Error: Error_code: 222202 Error_msg: pic not has face
WARNING:root: Error: Error_code: 222202 Error_msg: pic not has face
61.4318275452
1544086286
unknown
WARNING:root: Error: Error_code: 222202 Error_msg: pic not has face
WARNING:root: Error: Error_code: 222202 Error_msg: pic not has face
WARNING:root: Error: Error_code: 18 Error_msg: Open api qps request limit reached
WARNING:root: Error: Error_code: 222202 Error_msg: pic not has face
WARNING:root: Error: Error_code: 222202 Error_msg: pic not has face
WARNING:root: Error: Error_code: 222202 Error_msg: pic not has face
WARNING:root: Error: Error_code: 222202 Error_msg: pic not has face
WARNING:root: Error: Error_code: 222202 Error_msg: pic not has face
WARNING:root: Error: Error_code: 222202 Error_msg: pic not has face
WARNING:root: Error: Error_code: 222202 Error_msg: pic not has face
WARNING:root: Error: Error_code: 18 Error_msg: Open api qps request limit reached
WARNING:root: Error: Error_code: 222202 Error_msg: pic not has face
WARNING:root: Error: Error_code: 222202 Error_msg: pic not has face
WARNING:root: Error: Error_code: 18 Error_msg: Open api qps request limit reached
WARNING:root: Error: Error_code: 222202 Error_msg: pic not has face
WARNING:root: Error: Error_code: 222202 Error_msg: pic not has face
WARNING:root: Error: Error_code: 18 Error_msg: Open api qps request limit reached
WARNING:root: Error: Error_code: 222202 Error_msg: pic not has face
WARNING:root: Error: Error_code: 222202 Error_msg: pic not has face
WARNING:root: Error: Error_code: 18 Error_msg: Open api qps request limit reached
WARNING:root: Error: Error_code: 222202 Error_msg: pic not has face
WARNING:root: Error: Error_code: 222202 Error_msg: pic not has face
WARNING:root: Error: Error_code: 222202 Error_msg: pic not has face
WARNING:root: Error: Error_code: 222202 Error_msg: pic not has face
WARNING:root: Error: Error_code: 222202 Error_msg: pic not has face
WARNING:root: Error: Error_code: 222202 Error_msg: pic not has face
WARNING:root: Error: Error_code: 222202 Error_msg: pic not has face
WARNING:root: Error: Error_code: 222202 Error_msg: pic not has face
WARNING:root: Error: Error_code: 18 Error_msg: Open api qps request limit reached
WARNING:root: Error: Error_code: 222202 Error_msg: pic not has face
WARNING:root: Error: Error_code: 222202 Error_msg: pic not has face
WARNING:root: Error: Error_code: 222202 Error_msg: pic not has face
WARNING:root: Error: Error_code: 222202 Error_msg: pic not has face
WARNING:root: Error: Error_code: 222202 Error_msg: pic not has face
56.7933197021
1544086313
unknown
WARNING:root: Error: Error_code: 222202 Error_msg: pic not has face
WARNING:root: Error: Error_code: 222202 Error_msg: pic not has face
WARNING:root: Error: Error_code: 18 Error_msg: Open api qps request limit reached
WARNING:root: Error: Error_code: 222202 Error_msg: pic not has face
WARNING:root: Error: Error_code: 222202 Error_msg: pic not has face
WARNING:root: Error: Error_code: 222202 Error_msg: pic not has face
WARNING:root: Error: Error_code: 222202 Error_msg: pic not has face
WARNING:root: Error: Error_code: 222202 Error_msg: pic not has face
WARNING:root: Error: Error_code: 222202 Error_msg: pic not has face
WARNING:root: Error: Error_code: 222202 Error_msg: pic not has face
WARNING:root: Error: Error_code: 18 Error_msg: Open api qps request limit reached
WARNING:root: Error: Error_code: 222202 Error_msg: pic not has face
WARNING:root: Error: Error_code: 222202 Error_msg: pic not has face
WARNING:root: Error: Error_code: 222202 Error_msg: pic not has face
WARNING:root: Error: Error_code: 18 Error_msg: Open api qps request limit reached
WARNING:root: Error: Error_code: 222202 Error_msg: pic not has face
WARNING:root: Error: Error_code: 222202 Error_msg: pic not has face
WARNING:root: Error: Error_code: 222202 Error_msg: pic not has face
WARNING:root: Error: Error_code: 222202 Error_msg: pic not has face
WARNING:root: Error: Error_code: 222202 Error_msg: pic not has face
WARNING:root: Error: Error_code: 222202 Error_msg: pic not has face
WARNING:root: Error: Error_code: 222202 Error_msg: pic not has face
44.6175003052
1544086331
unknown
WARNING:root: Error: Error_code: 222202 Error_msg: pic not has face
WARNING:root: Error: Error_code: 222202 Error_msg: pic not has face
WARNING:root: Error: Error_code: 222202 Error_msg: pic not has face
WARNING:root: Error: Error_code: 222202 Error_msg: pic not has face
WARNING:root: Error: Error_code: 222202 Error_msg: pic not has face
WARNING:root: Error: Error_code: 222202 Error_msg: pic not has face
WARNING:root: Error: Error_code: 222202 Error_msg: pic not has face
WARNING:root: Error: Error_code: 222202 Error_msg: pic not has face
WARNING:root: Error: Error_code: 222202 Error_msg: pic not has face
WARNING:root: Error: Error_code: 222202 Error_msg: pic not has face
WARNING:root: Error: Error_code: 222202 Error_msg: pic not has face
WARNING:root: Error: Error_code: 222202 Error_msg: pic not has face
WARNING:root: Error: Error_code: 222202 Error_msg: pic not has face
WARNING:root: Error: Error_code: 222202 Error_msg: pic not has face
WARNING:root: Error: Error_code: 222202 Error_msg: pic not has face
WARNING:root: Error: Error_code: 222202 Error_msg: pic not has face
WARNING:root: Error: Error_code: 222202 Error_msg: pic not has face
WARNING:root: Error: Error_code: 222202 Error_msg: pic not has face
WARNING:root: Error: Error_code: 222202 Error_msg: pic not has face
WARNING:root: Error: Error_code: 222202 Error_msg: pic not has face
WARNING:root: Error: Error_code: 222202 Error_msg: pic not has face
WARNING:root: Error: Error_code: 222202 Error_msg: pic not has face
WARNING:root: Error: Error_code: 222202 Error_msg: pic not has face
WARNING:root: Error: Error_code: 222202 Error_msg: pic not has face
WARNING:root: Error: Error_code: 222202 Error_msg: pic not has face
WARNING:root: Error: Error_code: 222202 Error_msg: pic not has face
WARNING:root: Error: Error_code: 222202 Error_msg: pic not has face
WARNING:root: Error: Error_code: 222202 Error_msg: pic not has face
WARNING:root: Error: Error_code: 222202 Error_msg: pic not has face
WARNING:root: Error: Error_code: 222202 Error_msg: pic not has face
WARNING:root: Error: Error_code: 222202 Error_msg: pic not has face
WARNING:root: Error: Error_code: 222202 Error_msg: pic not has face
WARNING:root: Error: Error_code: 222202 Error_msg: pic not has face
WARNING:root: Error: Error_code: 222202 Error_msg: pic not has face
WARNING:root: Error: Error_code: 222202 Error_msg: pic not has face
WARNING:root: Error: Error_code: 222202 Error_msg: pic not has face
WARNING:root: Error: Error_code: 222202 Error_msg: pic not has face
WARNING:root: Error: Error_code: 222202 Error_msg: pic not has face
WARNING:root: Error: Error_code: 222202 Error_msg: pic not has face
WARNING:root: Error: Error_code: 222202 Error_msg: pic not has face
WARNING:root: Error: Error_code: 222202 Error_msg: pic not has face
WARNING:root: Error: Error_code: 222202 Error_msg: pic not has face
WARNING:root: Error: Error_code: 222202 Error_msg: pic not has face
WARNING:root: Error: Error_code: 222202 Error_msg: pic not has face
WARNING:root: Error: Error_code: 222202 Error_msg: pic not has face
WARNING:root: Error: Error_code: 222202 Error_msg: pic not has face
WARNING:root: Error: Error_code: 222202 Error_msg: pic not has face
WARNING:root: Error: Error_code: 222202 Error_msg: pic not has face
WARNING:root: Error: Error_code: 222202 Error_msg: pic not has face
WARNING:root: Error: Error_code: 222202 Error_msg: pic not has face
WARNING:root: Error: Error_code: 222202 Error_msg: pic not has face
WARNING:root: Error: Error_code: 222202 Error_msg: pic not has face
WARNING:root: Error: Error_code: 222202 Error_msg: pic not has face
WARNING:root: Error: Error_code: 222202 Error_msg: pic not has face
WARNING:root: Error: Error_code: 222202 Error_msg: pic not has face
WARNING:root: Error: Error_code: 222202 Error_msg: pic not has face
WARNING:root: Error: Error_code: 222202 Error_msg: pic not has face
WARNING:root: Error: Error_code: 222202 Error_msg: pic not has face
WARNING:root: Error: Error_code: 222202 Error_msg: pic not has face
WARNING:root: Error: Error_code: 222202 Error_msg: pic not has face
WARNING:root: Error: Error_code: 222202 Error_msg: pic not has face
WARNING:root: Error: Error_code: 222202 Error_msg: pic not has face
WARNING:root: Error: Error_code: 222202 Error_msg: pic not has face
WARNING:root: Error: Error_code: 222202 Error_msg: pic not has face
WARNING:root: Error: Error_code: 222202 Error_msg: pic not has face
WARNING:root: Error: Error_code: 222202 Error_msg: pic not has face
WARNING:root: Error: Error_code: 222202 Error_msg: pic not has face
WARNING:root: Error: Error_code: 222202 Error_msg: pic not has face
WARNING:root: Error: Error_code: 222202 Error_msg: pic not has face
WARNING:root: Error: Error_code: 222202 Error_msg: pic not has face
WARNING:root: Error: Error_code: 222202 Error_msg: pic not has face
WARNING:root: Error: Error_code: 222202 Error_msg: pic not has face
WARNING:root: Error: Error_code: 222202 Error_msg: pic not has face
WARNING:root: Error: Error_code: 222202 Error_msg: pic not has face
WARNING:root: Error: Error_code: 222202 Error_msg: pic not has face
WARNING:root: Error: Error_code: 222202 Error_msg: pic not has face
WARNING:root: Error: Error_code: 222202 Error_msg: pic not has face
WARNING:root: Error: Error_code: 222202 Error_msg: pic not has face
WARNING:root: Error: Error_code: 222202 Error_msg: pic not has face
WARNING:root: Error: Error_code: 222202 Error_msg: pic not has face
WARNING:root: Error: Error_code: 222202 Error_msg: pic not has face
WARNING:root: Error: Error_code: 222202 Error_msg: pic not has face
WARNING:root: Error: Error_code: 222202 Error_msg: pic not has face
WARNING:root: Error: Error_code: 222202 Error_msg: pic not has face
WARNING:root: Error: Error_code: 222202 Error_msg: pic not has face
WARNING:root: Error: Error_code: 222202 Error_msg: pic not has face
WARNING:root: Error: Error_code: 222202 Error_msg: pic not has face
WARNING:root: Error: Error_code: 222202 Error_msg: pic not has face
WARNING:root: Error: Error_code: 222202 Error_msg: pic not has face
WARNING:root: Error: Error_code: 222202 Error_msg: pic not has face
WARNING:root: Error: Error_code: 222202 Error_msg: pic not has face
WARNING:root: Error: Error_code: 222202 Error_msg: pic not has face
WARNING:root: Error: Error_code: 222202 Error_msg: pic not has face
WARNING:root: Error: Error_code: 222202 Error_msg: pic not has face
WARNING:root: Error: Error_code: 222202 Error_msg: pic not has face
WARNING:root: Error: Error_code: 222202 Error_msg: pic not has face
WARNING:root: Error: Error_code: 222202 Error_msg: pic not has face
WARNING:root: Error: Error_code: 222202 Error_msg: pic not has face
WARNING:root: Error: Error_code: 222202 Error_msg: pic not has face
WARNING:root: Error: Error_code: 222202 Error_msg: pic not has face
WARNING:root: Error: Error_code: 222202 Error_msg: pic not has face
WARNING:root: Error: Error_code: 222202 Error_msg: pic not has face
WARNING:root: Error: Error_code: 222202 Error_msg: pic not has face
WARNING:root: Error: Error_code: 222202 Error_msg: pic not has face
WARNING:root: Error: Error_code: 222202 Error_msg: pic not has face
WARNING:root: Error: Error_code: 222202 Error_msg: pic not has face
WARNING:root: Error: Error_code: 222202 Error_msg: pic not has face
WARNING:root: Error: Error_code: 222202 Error_msg: pic not has face
WARNING:root: Error: Error_code: 222202 Error_msg: pic not has face
WARNING:root: Error: Error_code: 222202 Error_msg: pic not has face
53.8508338928
1544086420
unknown
WARNING:root: Error: Error_code: 222202 Error_msg: pic not has face
WARNING:root: Error: Error_code: 222202 Error_msg: pic not has face
WARNING:root: Error: Error_code: 222202 Error_msg: pic not has face
WARNING:root: Error: Error_code: 222202 Error_msg: pic not has face
WARNING:root: Error: Error_code: 222202 Error_msg: pic not has face
44.5138015747
1544086425
unknown
90.0746231079
1544086426
wangyong
time: 0.00381088256836
WARNING:root: Error: Error_code: 222202 Error_msg: pic not has face
WARNING:root: Error: Error_code: 222202 Error_msg: pic not has face
WARNING:root: Error: Error_code: 222202 Error_msg: pic not has face
68.6426620483
1544086430
unknown
WARNING:root: Error: Error_code: 222202 Error_msg: pic not has face
WARNING:root: Error: Error_code: 222202 Error_msg: pic not has face
WARNING:root: Error: Error_code: 222202 Error_msg: pic not has face
WARNING:root: Error: Error_code: 222202 Error_msg: pic not has face
WARNING:root: Error: Error_code: 222202 Error_msg: pic not has face
WARNING:root: Error: Error_code: 222202 Error_msg: pic not has face
WARNING:root: Error: Error_code: 222202 Error_msg: pic not has face
WARNING:root: Error: Error_code: 222202 Error_msg: pic not has face
WARNING:root: Error: Error_code: 222202 Error_msg: pic not has face
WARNING:root: Error: Error_code: 222202 Error_msg: pic not has face
WARNING:root: Error: Error_code: 222202 Error_msg: pic not has face
WARNING:root: Error: Error_code: 222202 Error_msg: pic not has face
WARNING:root: Error: Error_code: 222202 Error_msg: pic not has face
75.6267929077
1544086441
wangyong
time: 0.0025429725647
WARNING:root: Error: Error_code: 222202 Error_msg: pic not has face
WARNING:root: Error: Error_code: 222202 Error_msg: pic not has face
WARNING:root: Error: Error_code: 222202 Error_msg: pic not has face
WARNING:root: Error: Error_code: 222202 Error_msg: pic not has face
WARNING:root: Error: Error_code: 222202 Error_msg: pic not has face
WARNING:root: Error: Error_code: 222202 Error_msg: pic not has face
53.1745643616
1544086446
unknown
WARNING:root: Error: Error_code: 222202 Error_msg: pic not has face
WARNING:root: Error: Error_code: 222202 Error_msg: pic not has face
WARNING:root: Error: Error_code: 222202 Error_msg: pic not has face
WARNING:root: Error: Error_code: 222202 Error_msg: pic not has face
WARNING:root: Error: Error_code: 222202 Error_msg: pic not has face
WARNING:root: Error: Error_code: 222202 Error_msg: pic not has face
WARNING:root: Error: Error_code: 222202 Error_msg: pic not has face
WARNING:root: Error: Error_code: 222202 Error_msg: pic not has face
WARNING:root: Error: Error_code: 222202 Error_msg: pic not has face
WARNING:root: Error: Error_code: 222202 Error_msg: pic not has face
WARNING:root: Error: Error_code: 222202 Error_msg: pic not has face
WARNING:root: Error: Error_code: 222202 Error_msg: pic not has face
WARNING:root: Error: Error_code: 222202 Error_msg: pic not has face
WARNING:root: Error: Error_code: 222202 Error_msg: pic not has face
64.6022033691
1544086458
unknown
WARNING:root: Error: Error_code: 222202 Error_msg: pic not has face
90.1785430908
1544086460
xuhuanmin
time: 0.00274705886841
84.9128875732
1544086461
xuhuanmin
WARNING:root:Same person
57.1788253784
1544086462
unknown
74.3277435303
1544086463
unknown
WARNING:root: Error: Error_code: 222202 Error_msg: pic not has face
WARNING:root: Error: Error_code: 222202 Error_msg: pic not has face
WARNING:root: Error: Error_code: 222202 Error_msg: pic not has face
WARNING:root: Error: Error_code: 222202 Error_msg: pic not has face
WARNING:root: Error: Error_code: 222202 Error_msg: pic not has face
WARNING:root: Error: Error_code: 222202 Error_msg: pic not has face
42.4599609375
1544086468
unknown
WARNING:root: Error: Error_code: 222202 Error_msg: pic not has face
WARNING:root: Error: Error_code: 222202 Error_msg: pic not has face
66.9715652466
1544086471
unknown
WARNING:root: Error: Error_code: SDK108 Error_msg: connection or read data timeout
WARNING:root: Error: Error_code: 222202 Error_msg: pic not has face
WARNING:root: Error: Error_code: 222202 Error_msg: pic not has face
WARNING:root: Error: Error_code: 222202 Error_msg: pic not has face
WARNING:root: Error: Error_code: 222202 Error_msg: pic not has face
WARNING:root: Error: Error_code: 222202 Error_msg: pic not has face
WARNING:root: Error: Error_code: 222202 Error_msg: pic not has face
WARNING:root: Error: Error_code: 18 Error_msg: Open api qps request limit reached
WARNING:root: Error: Error_code: 222202 Error_msg: pic not has face
WARNING:root: Error: Error_code: 222202 Error_msg: pic not has face
WARNING:root: Error: Error_code: 18 Error_msg: Open api qps request limit reached
WARNING:root: Error: Error_code: 222202 Error_msg: pic not has face
WARNING:root: Error: Error_code: 222202 Error_msg: pic not has face
WARNING:root: Error: Error_code: 222202 Error_msg: pic not has face
WARNING:root: Error: Error_code: 222202 Error_msg: pic not has face
WARNING:root: Error: Error_code: 222202 Error_msg: pic not has face
WARNING:root: Error: Error_code: 222202 Error_msg: pic not has face
WARNING:root: Error: Error_code: 222202 Error_msg: pic not has face
WARNING:root: Error: Error_code: 222202 Error_msg: pic not has face
WARNING:root: Error: Error_code: 18 Error_msg: Open api qps request limit reached
WARNING:root: Error: Error_code: 222202 Error_msg: pic not has face
WARNING:root: Error: Error_code: 222202 Error_msg: pic not has face
WARNING:root: Error: Error_code: 222202 Error_msg: pic not has face
WARNING:root: Error: Error_code: 222202 Error_msg: pic not has face
WARNING:root: Error: Error_code: 222202 Error_msg: pic not has face
WARNING:root: Error: Error_code: 222202 Error_msg: pic not has face
WARNING:root: Error: Error_code: 222202 Error_msg: pic not has face
WARNING:root: Error: Error_code: 222202 Error_msg: pic not has face
WARNING:root: Error: Error_code: 18 Error_msg: Open api qps request limit reached
WARNING:root: Error: Error_code: 222202 Error_msg: pic not has face
WARNING:root: Error: Error_code: 222202 Error_msg: pic not has face
WARNING:root: Error: Error_code: 18 Error_msg: Open api qps request limit reached
WARNING:root: Error: Error_code: 222202 Error_msg: pic not has face
WARNING:root: Error: Error_code: 222202 Error_msg: pic not has face
WARNING:root: Error: Error_code: 222202 Error_msg: pic not has face
WARNING:root: Error: Error_code: 222202 Error_msg: pic not has face
WARNING:root: Error: Error_code: 222202 Error_msg: pic not has face
WARNING:root: Error: Error_code: 222202 Error_msg: pic not has face
WARNING:root: Error: Error_code: 222202 Error_msg: pic not has face
WARNING:root: Error: Error_code: 222202 Error_msg: pic not has face
54.5151443481
1544086562
unknown
WARNING:root: Error: Error_code: 222202 Error_msg: pic not has face
WARNING:root: Error: Error_code: 222202 Error_msg: pic not has face
WARNING:root: Error: Error_code: 222202 Error_msg: pic not has face
WARNING:root: Error: Error_code: 222202 Error_msg: pic not has face
WARNING:root: Error: Error_code: 222202 Error_msg: pic not has face
WARNING:root: Error: Error_code: 222202 Error_msg: pic not has face
WARNING:root: Error: Error_code: 222202 Error_msg: pic not has face
WARNING:root: Error: Error_code: 222202 Error_msg: pic not has face
WARNING:root: Error: Error_code: 222202 Error_msg: pic not has face
WARNING:root: Error: Error_code: 222202 Error_msg: pic not has face
WARNING:root: Error: Error_code: 222202 Error_msg: pic not has face
WARNING:root: Error: Error_code: 222202 Error_msg: pic not has face
WARNING:root: Error: Error_code: 222202 Error_msg: pic not has face
47.2556762695
1544086572
unknown
WARNING:root: Error: Error_code: 222202 Error_msg: pic not has face
WARNING:root: Error: Error_code: 222202 Error_msg: pic not has face
WARNING:root: Error: Error_code: 222202 Error_msg: pic not has face
WARNING:root: Error: Error_code: 222202 Error_msg: pic not has face
WARNING:root: Error: Error_code: 222202 Error_msg: pic not has face
WARNING:root: Error: Error_code: 222202 Error_msg: pic not has face
WARNING:root: Error: Error_code: 222202 Error_msg: pic not has face
WARNING:root: Error: Error_code: 222202 Error_msg: pic not has face
WARNING:root: Error: Error_code: 222202 Error_msg: pic not has face
WARNING:root: Error: Error_code: 222202 Error_msg: pic not has face
WARNING:root: Error: Error_code: 222202 Error_msg: pic not has face
WARNING:root: Error: Error_code: 222202 Error_msg: pic not has face
WARNING:root: Error: Error_code: 222202 Error_msg: pic not has face
WARNING:root: Error: Error_code: 222202 Error_msg: pic not has face
WARNING:root: Error: Error_code: 222202 Error_msg: pic not has face
WARNING:root: Error: Error_code: 222202 Error_msg: pic not has face
WARNING:root: Error: Error_code: 222202 Error_msg: pic not has face
WARNING:root: Error: Error_code: 222202 Error_msg: pic not has face
WARNING:root: Error: Error_code: 222202 Error_msg: pic not has face
47.2572555542
1544086587
unknown
WARNING:root: Error: Error_code: 222202 Error_msg: pic not has face
WARNING:root: Error: Error_code: 222202 Error_msg: pic not has face
WARNING:root: Error: Error_code: 222202 Error_msg: pic not has face
WARNING:root: Error: Error_code: 222202 Error_msg: pic not has face
WARNING:root: Error: Error_code: 222202 Error_msg: pic not has face
WARNING:root: Error: Error_code: 222202 Error_msg: pic not has face
WARNING:root: Error: Error_code: 222202 Error_msg: pic not has face
WARNING:root: Error: Error_code: 222202 Error_msg: pic not has face
WARNING:root: Error: Error_code: 222202 Error_msg: pic not has face
WARNING:root: Error: Error_code: 222202 Error_msg: pic not has face
WARNING:root: Error: Error_code: 222202 Error_msg: pic not has face
WARNING:root: Error: Error_code: 222202 Error_msg: pic not has face
WARNING:root: Error: Error_code: 222202 Error_msg: pic not has face
WARNING:root: Error: Error_code: 222202 Error_msg: pic not has face
WARNING:root: Error: Error_code: 222202 Error_msg: pic not has face
WARNING:root: Error: Error_code: 222202 Error_msg: pic not has face
WARNING:root: Error: Error_code: 222202 Error_msg: pic not has face
WARNING:root: Error: Error_code: 222202 Error_msg: pic not has face
WARNING:root: Error: Error_code: 222202 Error_msg: pic not has face
WARNING:root: Error: Error_code: 222202 Error_msg: pic not has face
49.9386558533
1544086604
unknown
WARNING:root: Error: Error_code: 222202 Error_msg: pic not has face
WARNING:root: Error: Error_code: 222202 Error_msg: pic not has face
WARNING:root: Error: Error_code: 222202 Error_msg: pic not has face
WARNING:root: Error: Error_code: 222202 Error_msg: pic not has face
WARNING:root: Error: Error_code: 222202 Error_msg: pic not has face
WARNING:root: Error: Error_code: 222202 Error_msg: pic not has face
49.5645523071
1544086610
unknown
WARNING:root: Error: Error_code: 222202 Error_msg: pic not has face
WARNING:root: Error: Error_code: 222202 Error_msg: pic not has face
WARNING:root: Error: Error_code: 222202 Error_msg: pic not has face
WARNING:root: Error: Error_code: 222202 Error_msg: pic not has face
WARNING:root: Error: Error_code: 222202 Error_msg: pic not has face
WARNING:root: Error: Error_code: 222202 Error_msg: pic not has face
WARNING:root: Error: Error_code: 222202 Error_msg: pic not has face
WARNING:root: Error: Error_code: 222202 Error_msg: pic not has face
WARNING:root: Error: Error_code: 222202 Error_msg: pic not has face
WARNING:root: Error: Error_code: 222202 Error_msg: pic not has face
WARNING:root: Error: Error_code: 222202 Error_msg: pic not has face
WARNING:root: Error: Error_code: 222202 Error_msg: pic not has face
WARNING:root: Error: Error_code: 222202 Error_msg: pic not has face
WARNING:root: Error: Error_code: 222202 Error_msg: pic not has face
WARNING:root: Error: Error_code: 222202 Error_msg: pic not has face
WARNING:root: Error: Error_code: 222202 Error_msg: pic not has face
WARNING:root: Error: Error_code: 222202 Error_msg: pic not has face
WARNING:root: Error: Error_code: 222202 Error_msg: pic not has face
WARNING:root: Error: Error_code: 222202 Error_msg: pic not has face
WARNING:root: Error: Error_code: 222202 Error_msg: pic not has face
WARNING:root: Error: Error_code: 222202 Error_msg: pic not has face
WARNING:root: Error: Error_code: 222202 Error_msg: pic not has face
WARNING:root: Error: Error_code: 222202 Error_msg: pic not has face
WARNING:root: Error: Error_code: 222202 Error_msg: pic not has face
WARNING:root: Error: Error_code: SDK108 Error_msg: connection or read data timeout
WARNING:root: Error: Error_code: 222202 Error_msg: pic not has face
WARNING:root: Error: Error_code: 222202 Error_msg: pic not has face
WARNING:root: Error: Error_code: 222202 Error_msg: pic not has face
WARNING:root: Error: Error_code: 222202 Error_msg: pic not has face
WARNING:root: Error: Error_code: 222202 Error_msg: pic not has face
67.8633346558
1544086693
unknown
WARNING:root: Error: Error_code: 222202 Error_msg: pic not has face
WARNING:root: Error: Error_code: 222202 Error_msg: pic not has face
WARNING:root: Error: Error_code: 222202 Error_msg: pic not has face
WARNING:root: Error: Error_code: 222202 Error_msg: pic not has face
WARNING:root: Error: Error_code: 222202 Error_msg: pic not has face
WARNING:root: Error: Error_code: 222202 Error_msg: pic not has face
WARNING:root: Error: Error_code: 222202 Error_msg: pic not has face
WARNING:root: Error: Error_code: 222202 Error_msg: pic not has face
WARNING:root: Error: Error_code: 222202 Error_msg: pic not has face
WARNING:root: Error: Error_code: 222202 Error_msg: pic not has face
WARNING:root: Error: Error_code: 222202 Error_msg: pic not has face
WARNING:root: Error: Error_code: 222202 Error_msg: pic not has face
WARNING:root: Error: Error_code: 222202 Error_msg: pic not has face
WARNING:root: Error: Error_code: 222202 Error_msg: pic not has face
WARNING:root: Error: Error_code: 222202 Error_msg: pic not has face
WARNING:root: Error: Error_code: 222202 Error_msg: pic not has face
WARNING:root: Error: Error_code: 222202 Error_msg: pic not has face
WARNING:root: Error: Error_code: 222202 Error_msg: pic not has face
WARNING:root: Error: Error_code: 222202 Error_msg: pic not has face
WARNING:root: Error: Error_code: 222202 Error_msg: pic not has face
WARNING:root: Error: Error_code: 222202 Error_msg: pic not has face
WARNING:root: Error: Error_code: 222202 Error_msg: pic not has face
WARNING:root: Error: Error_code: 222202 Error_msg: pic not has face
WARNING:root: Error: Error_code: 222202 Error_msg: pic not has face
44.8647994995
1544086713
unknown
40.522064209
1544086714
unknown
WARNING:root: Error: Error_code: 222202 Error_msg: pic not has face
41.8190689087
1544086716
unknown
WARNING:root: Error: Error_code: 222202 Error_msg: pic not has face
WARNING:root: Error: Error_code: 222202 Error_msg: pic not has face
WARNING:root: Error: Error_code: 222202 Error_msg: pic not has face
WARNING:root: Error: Error_code: 222202 Error_msg: pic not has face
WARNING:root: Error: Error_code: 222202 Error_msg: pic not has face
WARNING:root: Error: Error_code: 222202 Error_msg: pic not has face
WARNING:root: Error: Error_code: 222202 Error_msg: pic not has face
WARNING:root: Error: Error_code: 222202 Error_msg: pic not has face
WARNING:root: Error: Error_code: 222202 Error_msg: pic not has face
WARNING:root: Error: Error_code: 222202 Error_msg: pic not has face
WARNING:root: Error: Error_code: 222202 Error_msg: pic not has face
WARNING:root: Error: Error_code: 222202 Error_msg: pic not has face
WARNING:root: Error: Error_code: 222202 Error_msg: pic not has face
WARNING:root: Error: Error_code: 222202 Error_msg: pic not has face
WARNING:root: Error: Error_code: 222202 Error_msg: pic not has face
WARNING:root: Error: Error_code: 222202 Error_msg: pic not has face
WARNING:root: Error: Error_code: 222202 Error_msg: pic not has face
WARNING:root: Error: Error_code: 222202 Error_msg: pic not has face
WARNING:root: Error: Error_code: 222202 Error_msg: pic not has face
WARNING:root: Error: Error_code: 222202 Error_msg: pic not has face
WARNING:root: Error: Error_code: 222202 Error_msg: pic not has face
WARNING:root: Error: Error_code: 222202 Error_msg: pic not has face
WARNING:root: Error: Error_code: 222202 Error_msg: pic not has face
WARNING:root: Error: Error_code: 222202 Error_msg: pic not has face
WARNING:root: Error: Error_code: 222202 Error_msg: pic not has face
WARNING:root: Error: Error_code: 222202 Error_msg: pic not has face
WARNING:root: Error: Error_code: 222202 Error_msg: pic not has face
WARNING:root: Error: Error_code: 222202 Error_msg: pic not has face
WARNING:root: Error: Error_code: 222202 Error_msg: pic not has face
36.6457214355
1544086738
unknown
WARNING:root: Error: Error_code: 222202 Error_msg: pic not has face
WARNING:root: Error: Error_code: 222202 Error_msg: pic not has face
WARNING:root: Error: Error_code: 222202 Error_msg: pic not has face
WARNING:root: Error: Error_code: 222202 Error_msg: pic not has face
WARNING:root: Error: Error_code: 222202 Error_msg: pic not has face
69.6929168701
1544086743
unknown
WARNING:root: Error: Error_code: 222202 Error_msg: pic not has face
WARNING:root: Error: Error_code: 222202 Error_msg: pic not has face
WARNING:root: Error: Error_code: 222202 Error_msg: pic not has face
WARNING:root: Error: Error_code: 222202 Error_msg: pic not has face
72.129524231
1544086748
unknown
WARNING:root: Error: Error_code: 222202 Error_msg: pic not has face
WARNING:root: Error: Error_code: 222202 Error_msg: pic not has face
WARNING:root: Error: Error_code: 222202 Error_msg: pic not has face
WARNING:root: Error: Error_code: 222202 Error_msg: pic not has face
WARNING:root: Error: Error_code: 222202 Error_msg: pic not has face
WARNING:root: Error: Error_code: 222202 Error_msg: pic not has face
WARNING:root: Error: Error_code: 222202 Error_msg: pic not has face
WARNING:root: Error: Error_code: 222202 Error_msg: pic not has face
WARNING:root: Error: Error_code: 222202 Error_msg: pic not has face
WARNING:root: Error: Error_code: 222202 Error_msg: pic not has face
WARNING:root: Error: Error_code: 222202 Error_msg: pic not has face
71.6324996948
1544086757
unknown
61.6742935181
1544086758
unknown
WARNING:root: Error: Error_code: 222202 Error_msg: pic not has face
63.6295661926
1544086760
unknown
WARNING:root: Error: Error_code: 222202 Error_msg: pic not has face
WARNING:root: Error: Error_code: 222202 Error_msg: pic not has face
WARNING:root: Error: Error_code: 222202 Error_msg: pic not has face
WARNING:root: Error: Error_code: 222202 Error_msg: pic not has face
WARNING:root: Error: Error_code: 222202 Error_msg: pic not has face
WARNING:root: Error: Error_code: 222202 Error_msg: pic not has face
WARNING:root: Error: Error_code: 222202 Error_msg: pic not has face
WARNING:root: Error: Error_code: 222202 Error_msg: pic not has face
WARNING:root: Error: Error_code: 222202 Error_msg: pic not has face
WARNING:root: Error: Error_code: 222202 Error_msg: pic not has face
WARNING:root: Error: Error_code: 222202 Error_msg: pic not has face
WARNING:root: Error: Error_code: 222202 Error_msg: pic not has face
WARNING:root: Error: Error_code: 222202 Error_msg: pic not has face
WARNING:root: Error: Error_code: 222202 Error_msg: pic not has face
WARNING:root: Error: Error_code: 222202 Error_msg: pic not has face
WARNING:root: Error: Error_code: 222202 Error_msg: pic not has face
WARNING:root: Error: Error_code: 222202 Error_msg: pic not has face
WARNING:root: Error: Error_code: 222202 Error_msg: pic not has face
WARNING:root: Error: Error_code: 222202 Error_msg: pic not has face
WARNING:root: Error: Error_code: 222202 Error_msg: pic not has face
WARNING:root: Error: Error_code: 222202 Error_msg: pic not has face
WARNING:root: Error: Error_code: 222202 Error_msg: pic not has face
WARNING:root: Error: Error_code: 222202 Error_msg: pic not has face
WARNING:root: Error: Error_code: 222202 Error_msg: pic not has face
WARNING:root: Error: Error_code: 222202 Error_msg: pic not has face
WARNING:root: Error: Error_code: 222202 Error_msg: pic not has face
WARNING:root: Error: Error_code: 222202 Error_msg: pic not has face
WARNING:root: Error: Error_code: 222202 Error_msg: pic not has face
WARNING:root: Error: Error_code: 222202 Error_msg: pic not has face
WARNING:root: Error: Error_code: 222202 Error_msg: pic not has face
WARNING:root: Error: Error_code: 222202 Error_msg: pic not has face
WARNING:root: Error: Error_code: 222202 Error_msg: pic not has face
WARNING:root: Error: Error_code: 222202 Error_msg: pic not has face
WARNING:root: Error: Error_code: 222202 Error_msg: pic not has face
WARNING:root: Error: Error_code: 222202 Error_msg: pic not has face
WARNING:root: Error: Error_code: 222202 Error_msg: pic not has face
WARNING:root: Error: Error_code: 222202 Error_msg: pic not has face
WARNING:root: Error: Error_code: 222202 Error_msg: pic not has face
WARNING:root: Error: Error_code: 222202 Error_msg: pic not has face
WARNING:root: Error: Error_code: 222202 Error_msg: pic not has face
WARNING:root: Error: Error_code: 222202 Error_msg: pic not has face
WARNING:root: Error: Error_code: 222202 Error_msg: pic not has face
WARNING:root: Error: Error_code: 222202 Error_msg: pic not has face
WARNING:root: Error: Error_code: 222202 Error_msg: pic not has face
WARNING:root: Error: Error_code: 222202 Error_msg: pic not has face
WARNING:root: Error: Error_code: 222202 Error_msg: pic not has face
WARNING:root: Error: Error_code: 222202 Error_msg: pic not has face
WARNING:root: Error: Error_code: 222202 Error_msg: pic not has face
WARNING:root: Error: Error_code: 222202 Error_msg: pic not has face
Traceback (most recent call last):
  File "camera_handler.py", line 73, in frame_check
    if face.face_detect():
  File "/usr/workspace/face_check/face_check.py", line 82, in face_detect
    self.face_dict = self.__client.detect(self.image, self.image_type, options)
  File "/usr/local/lib/python2.7/dist-packages/aip/face.py", line 67, in detect
    'Content-Type': 'application/json',
  File "/usr/local/lib/python2.7/dist-packages/aip/base.py", line 98, in _request
    ), proxies=self._proxies
  File "/usr/local/lib/python2.7/dist-packages/requests/api.py", line 111, in post
    return request('post', url, data=data, json=json, **kwargs)
  File "/usr/local/lib/python2.7/dist-packages/requests/api.py", line 57, in request
    return session.request(method=method, url=url, **kwargs)
  File "/usr/local/lib/python2.7/dist-packages/requests/sessions.py", line 475, in request
    resp = self.send(prep, **send_kwargs)
  File "/usr/local/lib/python2.7/dist-packages/requests/sessions.py", line 585, in send
    r = adapter.send(request, **kwargs)
  File "/usr/local/lib/python2.7/dist-packages/requests/adapters.py", line 442, in send
    raise ConnectionError(e, request=request)
ConnectionError: HTTPSConnectionPool(host='aip.baidubce.com', port=443): Max retries exceeded with url: /rest/2.0/face/v3/detect?access_token=24.1a79005531a962b5ad5b5f9ac41dbfc7.2592000.1546678802.282335-14620211&aipSdk=python&aipVersion=2_2_8 (Caused by NewConnectionError('<requests.packages.urllib3.connection.VerifiedHTTPSConnection object at 0x7f0841950ed0>: Failed to establish a new connection: [Errno -3] Temporary failure in name resolution',))
WARNING:root: Error: Error_code: 222202 Error_msg: pic not has face
WARNING:root: Error: Error_code: 222202 Error_msg: pic not has face
WARNING:root: Error: Error_code: 222202 Error_msg: pic not has face
WARNING:root: Error: Error_code: 222202 Error_msg: pic not has face
WARNING:root: Error: Error_code: 222202 Error_msg: pic not has face
WARNING:root: Error: Error_code: 222202 Error_msg: pic not has face
WARNING:root: Error: Error_code: 222202 Error_msg: pic not has face
WARNING:root: Error: Error_code: 222202 Error_msg: pic not has face
WARNING:root: Error: Error_code: 222202 Error_msg: pic not has face
WARNING:root: Error: Error_code: 222202 Error_msg: pic not has face
69.2647628784
1544086815
unknown
WARNING:root: Error: Error_code: 222202 Error_msg: pic not has face
WARNING:root: Error: Error_code: 222202 Error_msg: pic not has face
83.9436035156
1544086817
xuhuanmin
time: 0.00316500663757
78.6053543091
1544086818
xuhuanmin
WARNING:root:Same person
58.507068634
1544086819
unknown
WARNING:root: Error: Error_code: 222202 Error_msg: pic not has face
WARNING:root: Error: Error_code: 222202 Error_msg: pic not has face
WARNING:root: Error: Error_code: 222202 Error_msg: pic not has face
WARNING:root: Error: Error_code: 222202 Error_msg: pic not has face
WARNING:root: Error: Error_code: 222202 Error_msg: pic not has face
WARNING:root: Error: Error_code: 222202 Error_msg: pic not has face
73.4827423096
1544086825
unknown
91.4168777466
1544086826
xuhuanmin
WARNING:root:Same person
90.0000228882
1544086828
xuhuanmin
WARNING:root:Same person
WARNING:root: Error: Error_code: 222202 Error_msg: pic not has face
WARNING:root: Error: Error_code: 222202 Error_msg: pic not has face
WARNING:root: Error: Error_code: 222202 Error_msg: pic not has face
WARNING:root: Error: Error_code: 222202 Error_msg: pic not has face
59.7023468018
1544086832
unknown
52.5929641724
1544086833
unknown
WARNING:root: Error: Error_code: 222202 Error_msg: pic not has face
WARNING:root: Error: Error_code: 222202 Error_msg: pic not has face
WARNING:root: Error: Error_code: 222202 Error_msg: pic not has face
WARNING:root: Error: Error_code: 222202 Error_msg: pic not has face
WARNING:root: Error: Error_code: 222202 Error_msg: pic not has face
WARNING:root: Error: Error_code: 222202 Error_msg: pic not has face
WARNING:root: Error: Error_code: 222202 Error_msg: pic not has face
WARNING:root: Error: Error_code: 222202 Error_msg: pic not has face
WARNING:root: Error: Error_code: 222202 Error_msg: pic not has face
WARNING:root: Error: Error_code: 222202 Error_msg: pic not has face
WARNING:root: Error: Error_code: 222202 Error_msg: pic not has face
WARNING:root: Error: Error_code: 222202 Error_msg: pic not has face
WARNING:root: Error: Error_code: 222202 Error_msg: pic not has face
WARNING:root: Error: Error_code: 222202 Error_msg: pic not has face
WARNING:root: Error: Error_code: 222202 Error_msg: pic not has face
WARNING:root: Error: Error_code: 222202 Error_msg: pic not has face
WARNING:root: Error: Error_code: 222202 Error_msg: pic not has face
WARNING:root: Error: Error_code: 222202 Error_msg: pic not has face
52.5366325378
1544086847
unknown
WARNING:root: Error: Error_code: 222202 Error_msg: pic not has face
WARNING:root: Error: Error_code: 222202 Error_msg: pic not has face
WARNING:root: Error: Error_code: 222202 Error_msg: pic not has face
WARNING:root: Error: Error_code: 222202 Error_msg: pic not has face
WARNING:root: Error: Error_code: 222202 Error_msg: pic not has face
WARNING:root: Error: Error_code: 222202 Error_msg: pic not has face
WARNING:root: Error: Error_code: 222202 Error_msg: pic not has face
WARNING:root: Error: Error_code: 222202 Error_msg: pic not has face
WARNING:root: Error: Error_code: 222202 Error_msg: pic not has face
WARNING:root: Error: Error_code: 222202 Error_msg: pic not has face
WARNING:root: Error: Error_code: 222202 Error_msg: pic not has face
WARNING:root: Error: Error_code: 222202 Error_msg: pic not has face
WARNING:root: Error: Error_code: 222202 Error_msg: pic not has face
WARNING:root: Error: Error_code: 222202 Error_msg: pic not has face
WARNING:root: Error: Error_code: 222202 Error_msg: pic not has face
WARNING:root: Error: Error_code: 222202 Error_msg: pic not has face
69.6805419922
1544086861
unknown
77.3712234497
1544086862
xuhuanmin
time: 0.0030460357666
44.9089546204
1544086863
unknown
WARNING:root: Error: Error_code: 222202 Error_msg: pic not has face
WARNING:root: Error: Error_code: 222202 Error_msg: pic not has face
WARNING:root: Error: Error_code: 222202 Error_msg: pic not has face
WARNING:root: Error: Error_code: 222202 Error_msg: pic not has face
WARNING:root: Error: Error_code: 222202 Error_msg: pic not has face
WARNING:root: Error: Error_code: 222202 Error_msg: pic not has face
WARNING:root: Error: Error_code: 222202 Error_msg: pic not has face
71.7886047363
1544086869
unknown
90.133644104
1544086871
xuhuanmin
WARNING:root:Same person
91.2749938965
1544086872
xuhuanmin
WARNING:root:Same person
90.0489425659
1544086873
xuhuanmin
WARNING:root:Same person
74.2878952026
1544086874
unknown
80.337890625
1544086876
xuhuanmin
WARNING:root:Same person
WARNING:root: Error: Error_code: 222202 Error_msg: pic not has face
WARNING:root: Error: Error_code: 222202 Error_msg: pic not has face
WARNING:root: Error: Error_code: 222202 Error_msg: pic not has face
WARNING:root: Error: Error_code: 222202 Error_msg: pic not has face
WARNING:root: Error: Error_code: 222202 Error_msg: pic not has face
WARNING:root: Error: Error_code: 222202 Error_msg: pic not has face
WARNING:root: Error: Error_code: 222202 Error_msg: pic not has face
WARNING:root: Error: Error_code: 222202 Error_msg: pic not has face
WARNING:root: Error: Error_code: 222202 Error_msg: pic not has face
WARNING:root: Error: Error_code: 222202 Error_msg: pic not has face
WARNING:root: Error: Error_code: 222202 Error_msg: pic not has face
WARNING:root: Error: Error_code: 222202 Error_msg: pic not has face
WARNING:root: Error: Error_code: 222202 Error_msg: pic not has face
WARNING:root: Error: Error_code: 222202 Error_msg: pic not has face
WARNING:root: Error: Error_code: 222202 Error_msg: pic not has face
WARNING:root: Error: Error_code: 222202 Error_msg: pic not has face
WARNING:root: Error: Error_code: 222202 Error_msg: pic not has face
WARNING:root: Error: Error_code: SDK108 Error_msg: connection or read data timeout
WARNING:root: Error: Error_code: 222202 Error_msg: pic not has face
WARNING:root: Error: Error_code: 222202 Error_msg: pic not has face
63.6383247375
1544086952
unknown
55.261428833
1544086953
unknown
WARNING:root: Error: Error_code: 222202 Error_msg: pic not has face
WARNING:root: Error: Error_code: 222202 Error_msg: pic not has face
WARNING:root: Error: Error_code: 222202 Error_msg: pic not has face
WARNING:root: Error: Error_code: 222202 Error_msg: pic not has face
WARNING:root: Error: Error_code: 222202 Error_msg: pic not has face
WARNING:root: Error: Error_code: 222202 Error_msg: pic not has face
WARNING:root: Error: Error_code: 222202 Error_msg: pic not has face
WARNING:root: Error: Error_code: 222202 Error_msg: pic not has face
WARNING:root: Error: Error_code: 222202 Error_msg: pic not has face
WARNING:root: Error: Error_code: 222202 Error_msg: pic not has face
WARNING:root: Error: Error_code: 222202 Error_msg: pic not has face
WARNING:root: Error: Error_code: 222202 Error_msg: pic not has face
WARNING:root: Error: Error_code: 222202 Error_msg: pic not has face
WARNING:root: Error: Error_code: 222202 Error_msg: pic not has face
WARNING:root: Error: Error_code: 222202 Error_msg: pic not has face
WARNING:root: Error: Error_code: 222202 Error_msg: pic not has face
WARNING:root: Error: Error_code: 222202 Error_msg: pic not has face
WARNING:root: Error: Error_code: 222202 Error_msg: pic not has face
WARNING:root: Error: Error_code: 222202 Error_msg: pic not has face
WARNING:root: Error: Error_code: 222202 Error_msg: pic not has face
WARNING:root: Error: Error_code: 222202 Error_msg: pic not has face
WARNING:root: Error: Error_code: 222202 Error_msg: pic not has face
WARNING:root: Error: Error_code: 222202 Error_msg: pic not has face
WARNING:root: Error: Error_code: 222202 Error_msg: pic not has face
WARNING:root: Error: Error_code: 222202 Error_msg: pic not has face
WARNING:root: Error: Error_code: 222202 Error_msg: pic not has face
WARNING:root: Error: Error_code: 222202 Error_msg: pic not has face
WARNING:root: Error: Error_code: 222202 Error_msg: pic not has face
WARNING:root: Error: Error_code: 222202 Error_msg: pic not has face
WARNING:root: Error: Error_code: 222202 Error_msg: pic not has face
WARNING:root: Error: Error_code: 222202 Error_msg: pic not has face
WARNING:root: Error: Error_code: 222202 Error_msg: pic not has face
WARNING:root: Error: Error_code: 222202 Error_msg: pic not has face
WARNING:root: Error: Error_code: 222202 Error_msg: pic not has face
WARNING:root: Error: Error_code: 222202 Error_msg: pic not has face
WARNING:root: Error: Error_code: 222202 Error_msg: pic not has face
53.5366897583
1544086981
unknown
WARNING:root: Error: Error_code: 222202 Error_msg: pic not has face
WARNING:root: Error: Error_code: 222202 Error_msg: pic not has face
WARNING:root: Error: Error_code: 222202 Error_msg: pic not has face
WARNING:root: Error: Error_code: 222202 Error_msg: pic not has face
WARNING:root: Error: Error_code: 222202 Error_msg: pic not has face
WARNING:root: Error: Error_code: 222202 Error_msg: pic not has face
WARNING:root: Error: Error_code: 222202 Error_msg: pic not has face
WARNING:root: Error: Error_code: 222202 Error_msg: pic not has face
WARNING:root: Error: Error_code: 222202 Error_msg: pic not has face
WARNING:root: Error: Error_code: 222202 Error_msg: pic not has face
WARNING:root: Error: Error_code: 222202 Error_msg: pic not has face
WARNING:root: Error: Error_code: 222202 Error_msg: pic not has face
WARNING:root: Error: Error_code: 222202 Error_msg: pic not has face
WARNING:root: Error: Error_code: 222202 Error_msg: pic not has face
WARNING:root: Error: Error_code: 222202 Error_msg: pic not has face
66.2103042603
1544086993
unknown
WARNING:root: Error: Error_code: 222202 Error_msg: pic not has face
WARNING:root: Error: Error_code: 222202 Error_msg: pic not has face
WARNING:root: Error: Error_code: 222202 Error_msg: pic not has face
65.7656784058
1544086996
unknown
67.5928268433
1544086997
unknown
WARNING:root: Error: Error_code: 222202 Error_msg: pic not has face
WARNING:root: Error: Error_code: 222202 Error_msg: pic not has face
WARNING:root: Error: Error_code: 222202 Error_msg: pic not has face
WARNING:root: Error: Error_code: 222202 Error_msg: pic not has face
WARNING:root: Error: Error_code: 222202 Error_msg: pic not has face
WARNING:root: Error: Error_code: 222202 Error_msg: pic not has face
WARNING:root: Error: Error_code: 222202 Error_msg: pic not has face
WARNING:root: Error: Error_code: 222202 Error_msg: pic not has face
WARNING:root: Error: Error_code: 222202 Error_msg: pic not has face
WARNING:root: Error: Error_code: 222202 Error_msg: pic not has face
WARNING:root: Error: Error_code: 222202 Error_msg: pic not has face
WARNING:root: Error: Error_code: 222202 Error_msg: pic not has face
WARNING:root: Error: Error_code: 222202 Error_msg: pic not has face
WARNING:root: Error: Error_code: 222202 Error_msg: pic not has face
WARNING:root: Error: Error_code: 222202 Error_msg: pic not has face
WARNING:root: Error: Error_code: 222202 Error_msg: pic not has face
WARNING:root: Error: Error_code: 222202 Error_msg: pic not has face
WARNING:root: Error: Error_code: 222202 Error_msg: pic not has face
